******************************************************************************
                  TI ARM Linker Unix v20.2.6                   
******************************************************************************
>> Linked Fri Jun  2 10:55:53 2023

OUTPUT FILE NAME:   <inc.out>
ENTRY POINT SYMBOL: "_c_int00_noargs"  address: 00000e81


MEMORY CONFIGURATION

         name            origin    length      used     unused   attr    fill
----------------------  --------  ---------  --------  --------  ----  --------
  MAIN                  00000000   00040000  00000f52  0003f0ae  R  X
  INFO                  00200000   00004000  00000000  00004000  R  X
  SRAM_CODE             01000000   00010000  00000824  0000f7dc  RW X
  SRAM_DATA             20000000   00010000  00000824  0000f7dc  RW  


SEGMENT ALLOCATION MAP

run origin  load origin   length   init length attrs members
----------  ----------- ---------- ----------- ----- -------
00000000    00000000    00000f58   00000f58    r-x
  00000000    00000000    000000e4   000000e4    r-- .intvecs
  000000e4    000000e4    00000e3e   00000e3e    r-x .text
  00000f28    00000f28    00000030   00000030    r-- .cinit
20000000    20000000    00000624   00000000    rw-
  20000000    20000000    00000400   00000000    rw- .sysmem
  20000400    20000400    00000220   00000000    rw- .bss
  20000620    20000620    00000004   00000000    rw- .data
2000fe00    2000fe00    00000200   00000000    rw-
  2000fe00    2000fe00    00000200   00000000    rw- .stack


SECTION ALLOCATION MAP

 output                                  attributes/
section   page    origin      length       input sections
--------  ----  ----------  ----------   ----------------
.intvecs   0    00000000    000000e4     
                  00000000    000000e4     startup_msp432p401r_ccs.obj (.intvecs:retain)

.text      0    000000e4    00000e3e     
                  000000e4    000005b6     EUSCIA0.obj (.text)
                  0000069a    00000002     incmain.obj (.text)
                  0000069c    0000032c     system_msp432p401r.obj (.text)
                  000009c8    000001a4     UART1.obj (.text)
                  00000b6c    000000ac     TimerA0.obj (.text)
                  00000c18    000000a8     TimerA2.obj (.text)
                  00000cc0    0000009c     rtsv7M4_T_le_v4SPD16_eabi.lib : memcpy_t2.asm.obj (.text)
                  00000d5c    00000078     FIFO0.obj (.text)
                  00000dd4    00000068     rtsv7M4_T_le_v4SPD16_eabi.lib : copy_decompress_lzss.c.obj (.text:decompress:lzss:__TI_decompress_lzss)
                  00000e3c    00000044                                   : autoinit.c.obj (.text:__TI_auto_init_nobinit_nopinit:__TI_auto_init_nobinit_nopinit)
                  00000e80    00000034                                   : boot_cortex_m.c.obj (.text:_c_int00_noargs:_c_int00_noargs)
                  00000eb4    0000001c     TA3InputCapture.obj (.text)
                  00000ed0    0000001c     rtsv7M4_T_le_v4SPD16_eabi.lib : copy_zero_init.c.obj (.text:decompress:ZI:__TI_zero_init_nomemset:__TI_zero_init_nomemset)
                  00000eec    00000012     TimerA1.obj (.text)
                  00000efe    0000000e     rtsv7M4_T_le_v4SPD16_eabi.lib : copy_decompress_none.c.obj (.text:decompress:none:__TI_decompress_none)
                  00000f0c    0000000e     startup_msp432p401r_ccs.obj (.text)
                  00000f1a    00000004     rtsv7M4_T_le_v4SPD16_eabi.lib : pre_init.c.obj (.text:_system_pre_init)
                  00000f1e    00000004                                   : exit.c.obj (.text:abort:abort)

.cinit     0    00000f28    00000030     
                  00000f28    0000000c     (__TI_handler_table)
                  00000f34    00000004     --HOLE-- [fill = 0]
                  00000f38    00000008     (.cinit..bss.load) [load image, compression = zero_init]
                  00000f40    00000008     (.cinit..data.load) [load image, compression = lzss]
                  00000f48    00000010     (__TI_cinit_table)

.init_array 
*          0    00000000    00000000     UNINITIALIZED

.binit     0    00000000    00000000     

.sysmem    0    20000000    00000400     UNINITIALIZED
                  20000000    00000010     rtsv7M4_T_le_v4SPD16_eabi.lib : memory.c.obj (.sysmem)
                  20000010    000003f0     --HOLE--

.bss       0    20000400    00000220     UNINITIALIZED
                  20000400    00000100     (.common:RxFIFO)
                  20000500    00000100     (.common:TxHistogram)
                  20000600    00000008     (.common:Messagec)
                  20000608    00000004     (.common:Messageindexc)
                  2000060c    00000004     (.common:RxFifoLost)
                  20000610    00000004     (.common:RxGetI)
                  20000614    00000004     (.common:RxPutI)
                  20000618    00000004     (.common:TimerA0Task)
                  2000061c    00000004     (.common:TimerA2Task)

.data      0    20000620    00000004     UNINITIALIZED
                  20000620    00000004     system_msp432p401r.obj (.data)

.stack     0    2000fe00    00000200     UNINITIALIZED
                  2000fe00    00000004     rtsv7M4_T_le_v4SPD16_eabi.lib : boot_cortex_m.c.obj (.stack)
                  2000fe04    000001fc     --HOLE--

__llvm_prf_cnts 
*          0    20000000    00000000     UNINITIALIZED

MODULE SUMMARY

       Module                        code   ro data   rw data
       ------                        ----   -------   -------
    ./
       EUSCIA0.obj                   1462   0         24     
       UART1.obj                     420    0         536    
       system_msp432p401r.obj        812    0         8      
       FIFO0.obj                     120    0         512    
       startup_msp432p401r_ccs.obj   14     228       0      
       TimerA0.obj                   172    0         8      
       TimerA2.obj                   168    0         8      
       TA3InputCapture.obj           28     0         0      
       TimerA1.obj                   18     0         0      
       incmain.obj                   2      0         0      
    +--+-----------------------------+------+---------+---------+
       Total:                        3216   228       1096   
                                                             
    /Applications/ti/ccs1200/ccs/tools/compiler/ti-cgt-arm_20.2.6.LTS/lib/rtsv7M4_T_le_v4SPD16_eabi.lib
       memcpy_t2.asm.obj             156    0         0      
       copy_decompress_lzss.c.obj    104    0         0      
       autoinit.c.obj                68     0         0      
       boot_cortex_m.c.obj           52     0         0      
       copy_zero_init.c.obj          28     0         0      
       copy_decompress_none.c.obj    14     0         0      
       exit.c.obj                    4      0         0      
       pre_init.c.obj                4      0         0      
    +--+-----------------------------+------+---------+---------+
       Total:                        430    0         0      
                                                             
       Heap:                         0      0         2048   
       Stack:                        0      0         1024   
       Linker Generated:             0      44        0      
    +--+-----------------------------+------+---------+---------+
       Grand Total:                  3646   272       4168   


LINKER GENERATED COPY TABLES

__TI_cinit_table @ 00000f48 records: 2, size/record: 8, table size: 16
	.bss: load addr=00000f38, load size=00000008 bytes, run addr=20000400, run size=00000220 bytes, compression=zero_init
	.data: load addr=00000f40, load size=00000008 bytes, run addr=20000620, run size=00000004 bytes, compression=lzss


LINKER GENERATED HANDLER TABLE

__TI_handler_table @ 00000f28 records: 3, size/record: 4, table size: 12
	index: 0, handler: __TI_decompress_lzss
	index: 1, handler: __TI_decompress_none
	index: 2, handler: __TI_zero_init


GLOBAL SYMBOLS: SORTED ALPHABETICALLY BY Name 

address   name                          
-------   ----                          
00000f19  ADC14_IRQHandler              
00000f19  AES256_IRQHandler             
00000f19  BusFault_Handler              
00000f1f  C$$EXIT                       
00000f19  COMP_E0_IRQHandler            
00000f19  COMP_E1_IRQHandler            
00000f19  CS_IRQHandler                 
00000f19  DMA_ERR_IRQHandler            
00000f19  DMA_INT0_IRQHandler           
00000f19  DMA_INT1_IRQHandler           
00000f19  DMA_INT2_IRQHandler           
00000f19  DMA_INT3_IRQHandler           
00000f19  DebugMon_Handler              
00000f19  Default_Handler               
00000175  EUSCIA0_IRQHandler            
00000175  EUSCIA0_IRQHandler            
00000149  EUSCIA0_InChar                
00000611  EUSCIA0_InString              
000001c9  EUSCIA0_InUDec                
000004c5  EUSCIA0_InUHex                
000000e5  EUSCIA0_Init                  
0000015b  EUSCIA0_OutChar               
000001ab  EUSCIA0_OutString             
0000024d  EUSCIA0_OutUDec               
000003dd  EUSCIA0_OutUDec4              
00000415  EUSCIA0_OutUDec5              
00000451  EUSCIA0_OutUFix1              
00000479  EUSCIA0_OutUFix2              
0000058d  EUSCIA0_OutUHex               
000005f3  EUSCIA0_OutUHex2              
000005d1  EUSCIA0outnibble              
00000f19  EUSCIA1_IRQHandler            
00000af1  EUSCIA2_IRQHandler            
00000af1  EUSCIA2_IRQHandler            
00000f19  EUSCIA3_IRQHandler            
00000f19  EUSCIB0_IRQHandler            
00000f19  EUSCIB1_IRQHandler            
00000f19  EUSCIB2_IRQHandler            
00000f19  EUSCIB3_IRQHandler            
00000f19  FLCTL_IRQHandler              
00000f19  FPU_IRQHandler                
00000f19  HardFault_Handler             
00000f19  MemManage_Handler             
20000600  Messagec                      
20000608  Messageindexc                 
00000f19  NMI_Handler                   
00000f19  PCM_IRQHandler                
00000f19  PORT1_IRQHandler              
00000f19  PORT2_IRQHandler              
00000f19  PORT3_IRQHandler              
00000f19  PORT4_IRQHandler              
00000f19  PORT5_IRQHandler              
00000f19  PORT6_IRQHandler              
00000f19  PSS_IRQHandler                
00000f19  PendSV_Handler                
00000f19  RTC_C_IRQHandler              
00000f0d  Reset_Handler                 
20000400  RxFIFO                        
00000dbf  RxFifo0_Get                   
00000daf  RxFifo0_Init                  
00000db1  RxFifo0_Put                   
00000dcb  RxFifo0_Size                  
2000060c  RxFifoLost                    
00000a21  RxFifo_Get                    
000009c9  RxFifo_Init                   
000009db  RxFifo_Put                    
20000610  RxGetI                        
20000614  RxPutI                        
00000f19  SVC_Handler                   
00000f19  SysTick_Handler               
20000620  SystemCoreClock               
0000069d  SystemCoreClockUpdate         
00000911  SystemInit                    
00000f19  T32_INT1_IRQHandler           
00000f19  T32_INT2_IRQHandler           
00000f19  T32_INTC_IRQHandler           
00000be7  TA0_0_IRQHandler              
00000be7  TA0_0_IRQHandler              
00000f19  TA0_N_IRQHandler              
00000efd  TA1_0_IRQHandler              
00000efd  TA1_0_IRQHandler              
00000f19  TA1_N_IRQHandler              
00000c8b  TA2_0_IRQHandler              
00000c8b  TA2_0_IRQHandler              
00000f19  TA2_N_IRQHandler              
00000ecd  TA3_0_IRQHandler              
00000ecd  TA3_0_IRQHandler              
00000ecf  TA3_N_IRQHandler              
00000ecf  TA3_N_IRQHandler              
20000618  TimerA0Task                   
00000b6d  TimerA0_Init                  
00000bd1  TimerA0_Stop                  
00000eed  TimerA1_Init                  
00000efb  TimerA1_Stop                  
2000061c  TimerA2Task                   
00000c19  TimerA2_Init                  
00000c77  TimerA2_Stop                  
00000ec1  TimerA3Capture_Init           
00000d9f  TxFifo0_Get                   
00000d5d  TxFifo0_Init                  
00000d85  TxFifo0_Put                   
00000dab  TxFifo0_Size                  
20000500  TxHistogram                   
00000b25  UART1_FinishOutput            
00000ac3  UART1_InChar                  
00000a57  UART1_InStatus                
00000a67  UART1_Init                    
00000ad5  UART1_OutChar                 
00000b07  UART1_OutString               
00000f19  UsageFault_Handler            
4000480c  WDTCTL_SYM                    
00000f19  WDT_A_IRQHandler              
20010000  __STACK_END                   
00000200  __STACK_SIZE                  
00000400  __SYSMEM_SIZE                 
00000f48  __TI_CINIT_Base               
00000f58  __TI_CINIT_Limit              
00000f28  __TI_Handler_Table_Base       
00000f34  __TI_Handler_Table_Limit      
00000e3d  __TI_auto_init_nobinit_nopinit
00000dd5  __TI_decompress_lzss          
00000eff  __TI_decompress_none          
ffffffff  __TI_pprof_out_hndl           
ffffffff  __TI_prof_data_size           
ffffffff  __TI_prof_data_start          
00000000  __TI_static_base__            
00000ed1  __TI_zero_init_nomemset       
00000cc1  __aeabi_memcpy                
00000cc1  __aeabi_memcpy4               
00000cc1  __aeabi_memcpy8               
ffffffff  __binit__                     
ffffffff  __c_args__                    
UNDEFED   __mpu_init                    
2000fe00  __stack                       
20000000  __start___llvm_prf_cnts       
20000000  __stop___llvm_prf_cnts        
00000e81  _c_int00_noargs               
20000000  _sys_memory                   
UNDEFED   _system_post_cinit            
00000f1b  _system_pre_init              
00000f1f  abort                         
ffffffff  binit                         
00000000  interruptVectors              
0000069b  main                          
00000cc1  memcpy                        
00000eb5  ta3dummy                      


GLOBAL SYMBOLS: SORTED BY Symbol Address 

address   name                          
-------   ----                          
00000000  __TI_static_base__            
00000000  interruptVectors              
000000e5  EUSCIA0_Init                  
00000149  EUSCIA0_InChar                
0000015b  EUSCIA0_OutChar               
00000175  EUSCIA0_IRQHandler            
00000175  EUSCIA0_IRQHandler            
000001ab  EUSCIA0_OutString             
000001c9  EUSCIA0_InUDec                
00000200  __STACK_SIZE                  
0000024d  EUSCIA0_OutUDec               
000003dd  EUSCIA0_OutUDec4              
00000400  __SYSMEM_SIZE                 
00000415  EUSCIA0_OutUDec5              
00000451  EUSCIA0_OutUFix1              
00000479  EUSCIA0_OutUFix2              
000004c5  EUSCIA0_InUHex                
0000058d  EUSCIA0_OutUHex               
000005d1  EUSCIA0outnibble              
000005f3  EUSCIA0_OutUHex2              
00000611  EUSCIA0_InString              
0000069b  main                          
0000069d  SystemCoreClockUpdate         
00000911  SystemInit                    
000009c9  RxFifo_Init                   
000009db  RxFifo_Put                    
00000a21  RxFifo_Get                    
00000a57  UART1_InStatus                
00000a67  UART1_Init                    
00000ac3  UART1_InChar                  
00000ad5  UART1_OutChar                 
00000af1  EUSCIA2_IRQHandler            
00000af1  EUSCIA2_IRQHandler            
00000b07  UART1_OutString               
00000b25  UART1_FinishOutput            
00000b6d  TimerA0_Init                  
00000bd1  TimerA0_Stop                  
00000be7  TA0_0_IRQHandler              
00000be7  TA0_0_IRQHandler              
00000c19  TimerA2_Init                  
00000c77  TimerA2_Stop                  
00000c8b  TA2_0_IRQHandler              
00000c8b  TA2_0_IRQHandler              
00000cc1  __aeabi_memcpy                
00000cc1  __aeabi_memcpy4               
00000cc1  __aeabi_memcpy8               
00000cc1  memcpy                        
00000d5d  TxFifo0_Init                  
00000d85  TxFifo0_Put                   
00000d9f  TxFifo0_Get                   
00000dab  TxFifo0_Size                  
00000daf  RxFifo0_Init                  
00000db1  RxFifo0_Put                   
00000dbf  RxFifo0_Get                   
00000dcb  RxFifo0_Size                  
00000dd5  __TI_decompress_lzss          
00000e3d  __TI_auto_init_nobinit_nopinit
00000e81  _c_int00_noargs               
00000eb5  ta3dummy                      
00000ec1  TimerA3Capture_Init           
00000ecd  TA3_0_IRQHandler              
00000ecd  TA3_0_IRQHandler              
00000ecf  TA3_N_IRQHandler              
00000ecf  TA3_N_IRQHandler              
00000ed1  __TI_zero_init_nomemset       
00000eed  TimerA1_Init                  
00000efb  TimerA1_Stop                  
00000efd  TA1_0_IRQHandler              
00000efd  TA1_0_IRQHandler              
00000eff  __TI_decompress_none          
00000f0d  Reset_Handler                 
00000f19  ADC14_IRQHandler              
00000f19  AES256_IRQHandler             
00000f19  BusFault_Handler              
00000f19  COMP_E0_IRQHandler            
00000f19  COMP_E1_IRQHandler            
00000f19  CS_IRQHandler                 
00000f19  DMA_ERR_IRQHandler            
00000f19  DMA_INT0_IRQHandler           
00000f19  DMA_INT1_IRQHandler           
00000f19  DMA_INT2_IRQHandler           
00000f19  DMA_INT3_IRQHandler           
00000f19  DebugMon_Handler              
00000f19  Default_Handler               
00000f19  EUSCIA1_IRQHandler            
00000f19  EUSCIA3_IRQHandler            
00000f19  EUSCIB0_IRQHandler            
00000f19  EUSCIB1_IRQHandler            
00000f19  EUSCIB2_IRQHandler            
00000f19  EUSCIB3_IRQHandler            
00000f19  FLCTL_IRQHandler              
00000f19  FPU_IRQHandler                
00000f19  HardFault_Handler             
00000f19  MemManage_Handler             
00000f19  NMI_Handler                   
00000f19  PCM_IRQHandler                
00000f19  PORT1_IRQHandler              
00000f19  PORT2_IRQHandler              
00000f19  PORT3_IRQHandler              
00000f19  PORT4_IRQHandler              
00000f19  PORT5_IRQHandler              
00000f19  PORT6_IRQHandler              
00000f19  PSS_IRQHandler                
00000f19  PendSV_Handler                
00000f19  RTC_C_IRQHandler              
00000f19  SVC_Handler                   
00000f19  SysTick_Handler               
00000f19  T32_INT1_IRQHandler           
00000f19  T32_INT2_IRQHandler           
00000f19  T32_INTC_IRQHandler           
00000f19  TA0_N_IRQHandler              
00000f19  TA1_N_IRQHandler              
00000f19  TA2_N_IRQHandler              
00000f19  UsageFault_Handler            
00000f19  WDT_A_IRQHandler              
00000f1b  _system_pre_init              
00000f1f  C$$EXIT                       
00000f1f  abort                         
00000f28  __TI_Handler_Table_Base       
00000f34  __TI_Handler_Table_Limit      
00000f48  __TI_CINIT_Base               
00000f58  __TI_CINIT_Limit              
20000000  __start___llvm_prf_cnts       
20000000  __stop___llvm_prf_cnts        
20000000  _sys_memory                   
20000400  RxFIFO                        
20000500  TxHistogram                   
20000600  Messagec                      
20000608  Messageindexc                 
2000060c  RxFifoLost                    
20000610  RxGetI                        
20000614  RxPutI                        
20000618  TimerA0Task                   
2000061c  TimerA2Task                   
20000620  SystemCoreClock               
2000fe00  __stack                       
20010000  __STACK_END                   
4000480c  WDTCTL_SYM                    
ffffffff  __TI_pprof_out_hndl           
ffffffff  __TI_prof_data_size           
ffffffff  __TI_prof_data_start          
ffffffff  __binit__                     
ffffffff  __c_args__                    
ffffffff  binit                         
UNDEFED   __mpu_init                    
UNDEFED   _system_post_cinit            

[146 symbols]
