<?xml version="1.0" encoding="ISO-8859-1" ?>
<link_info>
   <banner>TI ARM Linker Unix v20.2.6.LTS</banner>
   <copyright>Copyright (c) 1996-2018 Texas Instruments Incorporated</copyright>
   <link_time>0x647a2d29</link_time>
   <link_errors>0x0</link_errors>
   <output_file>inc.out</output_file>
   <entry_point>
      <name>_c_int00_noargs</name>
      <address>0xe81</address>
   </entry_point>
   <input_file_list>
      <input_file id="fl-2">
         <path>./</path>
         <kind>object</kind>
         <file>ADC14.obj</file>
         <name>ADC14.obj</name>
      </input_file>
      <input_file id="fl-3">
         <path>./</path>
         <kind>object</kind>
         <file>AP.obj</file>
         <name>AP.obj</name>
      </input_file>
      <input_file id="fl-4">
         <path>./</path>
         <kind>object</kind>
         <file>Bump.obj</file>
         <name>Bump.obj</name>
      </input_file>
      <input_file id="fl-5">
         <path>./</path>
         <kind>object</kind>
         <file>Clock.obj</file>
         <name>Clock.obj</name>
      </input_file>
      <input_file id="fl-6">
         <path>./</path>
         <kind>object</kind>
         <file>CortexM.obj</file>
         <name>CortexM.obj</name>
      </input_file>
      <input_file id="fl-7">
         <path>./</path>
         <kind>object</kind>
         <file>EUSCIA0.obj</file>
         <name>EUSCIA0.obj</name>
      </input_file>
      <input_file id="fl-8">
         <path>./</path>
         <kind>object</kind>
         <file>FIFO0.obj</file>
         <name>FIFO0.obj</name>
      </input_file>
      <input_file id="fl-9">
         <path>./</path>
         <kind>object</kind>
         <file>FlashProgram.obj</file>
         <name>FlashProgram.obj</name>
      </input_file>
      <input_file id="fl-a">
         <path>./</path>
         <kind>object</kind>
         <file>GPIO.obj</file>
         <name>GPIO.obj</name>
      </input_file>
      <input_file id="fl-b">
         <path>./</path>
         <kind>object</kind>
         <file>IRDistance.obj</file>
         <name>IRDistance.obj</name>
      </input_file>
      <input_file id="fl-c">
         <path>./</path>
         <kind>object</kind>
         <file>LPF.obj</file>
         <name>LPF.obj</name>
      </input_file>
      <input_file id="fl-d">
         <path>./</path>
         <kind>object</kind>
         <file>LaunchPad.obj</file>
         <name>LaunchPad.obj</name>
      </input_file>
      <input_file id="fl-e">
         <path>./</path>
         <kind>object</kind>
         <file>Motor.obj</file>
         <name>Motor.obj</name>
      </input_file>
      <input_file id="fl-f">
         <path>./</path>
         <kind>object</kind>
         <file>MotorSimple.obj</file>
         <name>MotorSimple.obj</name>
      </input_file>
      <input_file id="fl-10">
         <path>./</path>
         <kind>object</kind>
         <file>Nokia5110.obj</file>
         <name>Nokia5110.obj</name>
      </input_file>
      <input_file id="fl-11">
         <path>./</path>
         <kind>object</kind>
         <file>PWM.obj</file>
         <name>PWM.obj</name>
      </input_file>
      <input_file id="fl-12">
         <path>./</path>
         <kind>object</kind>
         <file>Reflectance.obj</file>
         <name>Reflectance.obj</name>
      </input_file>
      <input_file id="fl-13">
         <path>./</path>
         <kind>object</kind>
         <file>SysTick.obj</file>
         <name>SysTick.obj</name>
      </input_file>
      <input_file id="fl-14">
         <path>./</path>
         <kind>object</kind>
         <file>TA3InputCapture.obj</file>
         <name>TA3InputCapture.obj</name>
      </input_file>
      <input_file id="fl-15">
         <path>./</path>
         <kind>object</kind>
         <file>Tachometer.obj</file>
         <name>Tachometer.obj</name>
      </input_file>
      <input_file id="fl-16">
         <path>./</path>
         <kind>object</kind>
         <file>TimerA0.obj</file>
         <name>TimerA0.obj</name>
      </input_file>
      <input_file id="fl-17">
         <path>./</path>
         <kind>object</kind>
         <file>TimerA1.obj</file>
         <name>TimerA1.obj</name>
      </input_file>
      <input_file id="fl-18">
         <path>./</path>
         <kind>object</kind>
         <file>TimerA2.obj</file>
         <name>TimerA2.obj</name>
      </input_file>
      <input_file id="fl-19">
         <path>./</path>
         <kind>object</kind>
         <file>UART0.obj</file>
         <name>UART0.obj</name>
      </input_file>
      <input_file id="fl-1a">
         <path>./</path>
         <kind>object</kind>
         <file>UART1.obj</file>
         <name>UART1.obj</name>
      </input_file>
      <input_file id="fl-1b">
         <path>./</path>
         <kind>object</kind>
         <file>Ultrasound.obj</file>
         <name>Ultrasound.obj</name>
      </input_file>
      <input_file id="fl-1c">
         <path>./</path>
         <kind>object</kind>
         <file>incmain.obj</file>
         <name>incmain.obj</name>
      </input_file>
      <input_file id="fl-1d">
         <path>./</path>
         <kind>object</kind>
         <file>startup_msp432p401r_ccs.obj</file>
         <name>startup_msp432p401r_ccs.obj</name>
      </input_file>
      <input_file id="fl-1e">
         <path>./</path>
         <kind>object</kind>
         <file>system_msp432p401r.obj</file>
         <name>system_msp432p401r.obj</name>
      </input_file>
      <input_file id="fl-22">
         <kind>object</kind>
         <file>&lt;internal&gt;</file>
         <name>&lt;internal&gt;</name>
      </input_file>
      <input_file id="fl-d8">
         <path>/Applications/ti/ccs1200/ccs/tools/compiler/ti-cgt-arm_20.2.6.LTS/lib/</path>
         <kind>archive</kind>
         <file>rtsv7M4_T_le_v4SPD16_eabi.lib</file>
         <name>fopen.c.obj</name>
      </input_file>
      <input_file id="fl-d9">
         <path>/Applications/ti/ccs1200/ccs/tools/compiler/ti-cgt-arm_20.2.6.LTS/lib/</path>
         <kind>archive</kind>
         <file>rtsv7M4_T_le_v4SPD16_eabi.lib</file>
         <name>setvbuf.c.obj</name>
      </input_file>
      <input_file id="fl-da">
         <path>/Applications/ti/ccs1200/ccs/tools/compiler/ti-cgt-arm_20.2.6.LTS/lib/</path>
         <kind>archive</kind>
         <file>rtsv7M4_T_le_v4SPD16_eabi.lib</file>
         <name>memset_t2.asm.obj</name>
      </input_file>
      <input_file id="fl-db">
         <path>/Applications/ti/ccs1200/ccs/tools/compiler/ti-cgt-arm_20.2.6.LTS/lib/</path>
         <kind>archive</kind>
         <file>rtsv7M4_T_le_v4SPD16_eabi.lib</file>
         <name>copy_zero_init.c.obj</name>
      </input_file>
      <input_file id="fl-dc">
         <path>/Applications/ti/ccs1200/ccs/tools/compiler/ti-cgt-arm_20.2.6.LTS/lib/</path>
         <kind>archive</kind>
         <file>rtsv7M4_T_le_v4SPD16_eabi.lib</file>
         <name>copy_decompress_none.c.obj</name>
      </input_file>
      <input_file id="fl-dd">
         <path>/Applications/ti/ccs1200/ccs/tools/compiler/ti-cgt-arm_20.2.6.LTS/lib/</path>
         <kind>archive</kind>
         <file>rtsv7M4_T_le_v4SPD16_eabi.lib</file>
         <name>copy_decompress_lzss.c.obj</name>
      </input_file>
      <input_file id="fl-de">
         <path>/Applications/ti/ccs1200/ccs/tools/compiler/ti-cgt-arm_20.2.6.LTS/lib/</path>
         <kind>archive</kind>
         <file>rtsv7M4_T_le_v4SPD16_eabi.lib</file>
         <name>exit.c.obj</name>
      </input_file>
      <input_file id="fl-df">
         <path>/Applications/ti/ccs1200/ccs/tools/compiler/ti-cgt-arm_20.2.6.LTS/lib/</path>
         <kind>archive</kind>
         <file>rtsv7M4_T_le_v4SPD16_eabi.lib</file>
         <name>_lock.c.obj</name>
      </input_file>
      <input_file id="fl-e0">
         <path>/Applications/ti/ccs1200/ccs/tools/compiler/ti-cgt-arm_20.2.6.LTS/lib/</path>
         <kind>archive</kind>
         <file>rtsv7M4_T_le_v4SPD16_eabi.lib</file>
         <name>defs.c.obj</name>
      </input_file>
      <input_file id="fl-e1">
         <path>/Applications/ti/ccs1200/ccs/tools/compiler/ti-cgt-arm_20.2.6.LTS/lib/</path>
         <kind>archive</kind>
         <file>rtsv7M4_T_le_v4SPD16_eabi.lib</file>
         <name>memory.c.obj</name>
      </input_file>
      <input_file id="fl-e2">
         <path>/Applications/ti/ccs1200/ccs/tools/compiler/ti-cgt-arm_20.2.6.LTS/lib/</path>
         <kind>archive</kind>
         <file>rtsv7M4_T_le_v4SPD16_eabi.lib</file>
         <name>open.c.obj</name>
      </input_file>
      <input_file id="fl-e3">
         <path>/Applications/ti/ccs1200/ccs/tools/compiler/ti-cgt-arm_20.2.6.LTS/lib/</path>
         <kind>archive</kind>
         <file>rtsv7M4_T_le_v4SPD16_eabi.lib</file>
         <name>add_device.c.obj</name>
      </input_file>
      <input_file id="fl-e4">
         <path>/Applications/ti/ccs1200/ccs/tools/compiler/ti-cgt-arm_20.2.6.LTS/lib/</path>
         <kind>archive</kind>
         <file>rtsv7M4_T_le_v4SPD16_eabi.lib</file>
         <name>boot_cortex_m.c.obj</name>
      </input_file>
      <input_file id="fl-e5">
         <path>/Applications/ti/ccs1200/ccs/tools/compiler/ti-cgt-arm_20.2.6.LTS/lib/</path>
         <kind>archive</kind>
         <file>rtsv7M4_T_le_v4SPD16_eabi.lib</file>
         <name>fclose.c.obj</name>
      </input_file>
      <input_file id="fl-e6">
         <path>/Applications/ti/ccs1200/ccs/tools/compiler/ti-cgt-arm_20.2.6.LTS/lib/</path>
         <kind>archive</kind>
         <file>rtsv7M4_T_le_v4SPD16_eabi.lib</file>
         <name>fflush.c.obj</name>
      </input_file>
      <input_file id="fl-e7">
         <path>/Applications/ti/ccs1200/ccs/tools/compiler/ti-cgt-arm_20.2.6.LTS/lib/</path>
         <kind>archive</kind>
         <file>rtsv7M4_T_le_v4SPD16_eabi.lib</file>
         <name>getdevice.c.obj</name>
      </input_file>
      <input_file id="fl-e8">
         <path>/Applications/ti/ccs1200/ccs/tools/compiler/ti-cgt-arm_20.2.6.LTS/lib/</path>
         <kind>archive</kind>
         <file>rtsv7M4_T_le_v4SPD16_eabi.lib</file>
         <name>memcpy_t2.asm.obj</name>
      </input_file>
      <input_file id="fl-e9">
         <path>/Applications/ti/ccs1200/ccs/tools/compiler/ti-cgt-arm_20.2.6.LTS/lib/</path>
         <kind>archive</kind>
         <file>rtsv7M4_T_le_v4SPD16_eabi.lib</file>
         <name>autoinit.c.obj</name>
      </input_file>
      <input_file id="fl-ea">
         <path>/Applications/ti/ccs1200/ccs/tools/compiler/ti-cgt-arm_20.2.6.LTS/lib/</path>
         <kind>archive</kind>
         <file>rtsv7M4_T_le_v4SPD16_eabi.lib</file>
         <name>pre_init.c.obj</name>
      </input_file>
      <input_file id="fl-eb">
         <path>/Applications/ti/ccs1200/ccs/tools/compiler/ti-cgt-arm_20.2.6.LTS/lib/</path>
         <kind>archive</kind>
         <file>rtsv7M4_T_le_v4SPD16_eabi.lib</file>
         <name>cpy_tbl.c.obj</name>
      </input_file>
      <input_file id="fl-ec">
         <path>/Applications/ti/ccs1200/ccs/tools/compiler/ti-cgt-arm_20.2.6.LTS/lib/</path>
         <kind>archive</kind>
         <file>rtsv7M4_T_le_v4SPD16_eabi.lib</file>
         <name>args_main.c.obj</name>
      </input_file>
      <input_file id="fl-ed">
         <path>/Applications/ti/ccs1200/ccs/tools/compiler/ti-cgt-arm_20.2.6.LTS/lib/</path>
         <kind>archive</kind>
         <file>rtsv7M4_T_le_v4SPD16_eabi.lib</file>
         <name>strchr.c.obj</name>
      </input_file>
      <input_file id="fl-ee">
         <path>/Applications/ti/ccs1200/ccs/tools/compiler/ti-cgt-arm_20.2.6.LTS/lib/</path>
         <kind>archive</kind>
         <file>rtsv7M4_T_le_v4SPD16_eabi.lib</file>
         <name>strcmp.c.obj</name>
      </input_file>
      <input_file id="fl-ef">
         <path>/Applications/ti/ccs1200/ccs/tools/compiler/ti-cgt-arm_20.2.6.LTS/lib/</path>
         <kind>archive</kind>
         <file>rtsv7M4_T_le_v4SPD16_eabi.lib</file>
         <name>strncpy.c.obj</name>
      </input_file>
      <input_file id="fl-f0">
         <path>/Applications/ti/ccs1200/ccs/tools/compiler/ti-cgt-arm_20.2.6.LTS/lib/</path>
         <kind>archive</kind>
         <file>rtsv7M4_T_le_v4SPD16_eabi.lib</file>
         <name>write.c.obj</name>
      </input_file>
      <input_file id="fl-f1">
         <path>/Applications/ti/ccs1200/ccs/tools/compiler/ti-cgt-arm_20.2.6.LTS/lib/</path>
         <kind>archive</kind>
         <file>rtsv7M4_T_le_v4SPD16_eabi.lib</file>
         <name>host_device.c.obj</name>
      </input_file>
      <input_file id="fl-f2">
         <path>/Applications/ti/ccs1200/ccs/tools/compiler/ti-cgt-arm_20.2.6.LTS/lib/</path>
         <kind>archive</kind>
         <file>rtsv7M4_T_le_v4SPD16_eabi.lib</file>
         <name>remove.c.obj</name>
      </input_file>
      <input_file id="fl-f3">
         <path>/Applications/ti/ccs1200/ccs/tools/compiler/ti-cgt-arm_20.2.6.LTS/lib/</path>
         <kind>archive</kind>
         <file>rtsv7M4_T_le_v4SPD16_eabi.lib</file>
         <name>close.c.obj</name>
      </input_file>
      <input_file id="fl-f4">
         <path>/Applications/ti/ccs1200/ccs/tools/compiler/ti-cgt-arm_20.2.6.LTS/lib/</path>
         <kind>archive</kind>
         <file>rtsv7M4_T_le_v4SPD16_eabi.lib</file>
         <name>unlink.c.obj</name>
      </input_file>
      <input_file id="fl-f5">
         <path>/Applications/ti/ccs1200/ccs/tools/compiler/ti-cgt-arm_20.2.6.LTS/lib/</path>
         <kind>archive</kind>
         <file>rtsv7M4_T_le_v4SPD16_eabi.lib</file>
         <name>hostclose.c.obj</name>
      </input_file>
      <input_file id="fl-f6">
         <path>/Applications/ti/ccs1200/ccs/tools/compiler/ti-cgt-arm_20.2.6.LTS/lib/</path>
         <kind>archive</kind>
         <file>rtsv7M4_T_le_v4SPD16_eabi.lib</file>
         <name>hostlseek.c.obj</name>
      </input_file>
      <input_file id="fl-f7">
         <path>/Applications/ti/ccs1200/ccs/tools/compiler/ti-cgt-arm_20.2.6.LTS/lib/</path>
         <kind>archive</kind>
         <file>rtsv7M4_T_le_v4SPD16_eabi.lib</file>
         <name>hostopen.c.obj</name>
      </input_file>
      <input_file id="fl-f8">
         <path>/Applications/ti/ccs1200/ccs/tools/compiler/ti-cgt-arm_20.2.6.LTS/lib/</path>
         <kind>archive</kind>
         <file>rtsv7M4_T_le_v4SPD16_eabi.lib</file>
         <name>hostread.c.obj</name>
      </input_file>
      <input_file id="fl-f9">
         <path>/Applications/ti/ccs1200/ccs/tools/compiler/ti-cgt-arm_20.2.6.LTS/lib/</path>
         <kind>archive</kind>
         <file>rtsv7M4_T_le_v4SPD16_eabi.lib</file>
         <name>hostrename.c.obj</name>
      </input_file>
      <input_file id="fl-fa">
         <path>/Applications/ti/ccs1200/ccs/tools/compiler/ti-cgt-arm_20.2.6.LTS/lib/</path>
         <kind>archive</kind>
         <file>rtsv7M4_T_le_v4SPD16_eabi.lib</file>
         <name>hostunlink.c.obj</name>
      </input_file>
      <input_file id="fl-fb">
         <path>/Applications/ti/ccs1200/ccs/tools/compiler/ti-cgt-arm_20.2.6.LTS/lib/</path>
         <kind>archive</kind>
         <file>rtsv7M4_T_le_v4SPD16_eabi.lib</file>
         <name>hostwrite.c.obj</name>
      </input_file>
      <input_file id="fl-fc">
         <path>/Applications/ti/ccs1200/ccs/tools/compiler/ti-cgt-arm_20.2.6.LTS/lib/</path>
         <kind>archive</kind>
         <file>rtsv7M4_T_le_v4SPD16_eabi.lib</file>
         <name>trgmsg.c.obj</name>
      </input_file>
      <input_file id="fl-fd">
         <path>/Applications/ti/ccs1200/ccs/tools/compiler/ti-cgt-arm_20.2.6.LTS/lib/</path>
         <kind>archive</kind>
         <file>rtsv7M4_T_le_v4SPD16_eabi.lib</file>
         <name>strcpy.c.obj</name>
      </input_file>
      <input_file id="fl-fe">
         <path>/Applications/ti/ccs1200/ccs/tools/compiler/ti-cgt-arm_20.2.6.LTS/lib/</path>
         <kind>archive</kind>
         <file>rtsv7M4_T_le_v4SPD16_eabi.lib</file>
         <name>strlen.c.obj</name>
      </input_file>
   </input_file_list>
   <object_component_list>
      <object_component id="oc-26">
         <name>.intvecs:retain</name>
         <load_address>0x0</load_address>
         <run_address>0x0</run_address>
         <size>0xe4</size>
         <input_file_ref idref="fl-1d"/>
      </object_component>
      <object_component id="oc-88">
         <name>.text</name>
         <load_address>0xe4</load_address>
         <run_address>0xe4</run_address>
         <size>0x5b6</size>
         <input_file_ref idref="fl-7"/>
      </object_component>
      <object_component id="oc-be">
         <name>.text</name>
         <load_address>0x69a</load_address>
         <run_address>0x69a</run_address>
         <size>0x2</size>
         <input_file_ref idref="fl-1c"/>
      </object_component>
      <object_component id="oc-d0">
         <name>.text</name>
         <load_address>0x69c</load_address>
         <run_address>0x69c</run_address>
         <size>0x32c</size>
         <input_file_ref idref="fl-1e"/>
      </object_component>
      <object_component id="oc-8e">
         <name>.text</name>
         <load_address>0x9c8</load_address>
         <run_address>0x9c8</run_address>
         <size>0x1a4</size>
         <input_file_ref idref="fl-1a"/>
      </object_component>
      <object_component id="oc-70">
         <name>.text</name>
         <load_address>0xb6c</load_address>
         <run_address>0xb6c</run_address>
         <size>0xac</size>
         <input_file_ref idref="fl-16"/>
      </object_component>
      <object_component id="oc-7c">
         <name>.text</name>
         <load_address>0xc18</load_address>
         <run_address>0xc18</run_address>
         <size>0xa8</size>
         <input_file_ref idref="fl-18"/>
      </object_component>
      <object_component id="oc-3a">
         <name>.text</name>
         <load_address>0xcc0</load_address>
         <run_address>0xcc0</run_address>
         <size>0x9c</size>
         <input_file_ref idref="fl-e8"/>
      </object_component>
      <object_component id="oc-e9">
         <name>.text</name>
         <load_address>0xd5c</load_address>
         <run_address>0xd5c</run_address>
         <size>0x78</size>
         <input_file_ref idref="fl-8"/>
      </object_component>
      <object_component id="oc-17">
         <name>.text:decompress:lzss:__TI_decompress_lzss</name>
         <load_address>0xdd4</load_address>
         <run_address>0xdd4</run_address>
         <size>0x68</size>
         <input_file_ref idref="fl-dd"/>
      </object_component>
      <object_component id="oc-12b">
         <name>.text:__TI_auto_init_nobinit_nopinit:__TI_auto_init_nobinit_nopinit</name>
         <load_address>0xe3c</load_address>
         <run_address>0xe3c</run_address>
         <size>0x44</size>
         <input_file_ref idref="fl-e9"/>
      </object_component>
      <object_component id="oc-58">
         <name>.text:_c_int00_noargs:_c_int00_noargs</name>
         <load_address>0xe80</load_address>
         <run_address>0xe80</run_address>
         <size>0x34</size>
         <input_file_ref idref="fl-e4"/>
      </object_component>
      <object_component id="oc-82">
         <name>.text</name>
         <load_address>0xeb4</load_address>
         <run_address>0xeb4</run_address>
         <size>0x1c</size>
         <input_file_ref idref="fl-14"/>
      </object_component>
      <object_component id="oc-46">
         <name>.text:decompress:ZI:__TI_zero_init_nomemset:__TI_zero_init_nomemset</name>
         <load_address>0xed0</load_address>
         <run_address>0xed0</run_address>
         <size>0x1c</size>
         <input_file_ref idref="fl-db"/>
      </object_component>
      <object_component id="oc-76">
         <name>.text</name>
         <load_address>0xeec</load_address>
         <run_address>0xeec</run_address>
         <size>0x12</size>
         <input_file_ref idref="fl-17"/>
      </object_component>
      <object_component id="oc-1d">
         <name>.text:decompress:none:__TI_decompress_none</name>
         <load_address>0xefe</load_address>
         <run_address>0xefe</run_address>
         <size>0xe</size>
         <input_file_ref idref="fl-dc"/>
      </object_component>
      <object_component id="oc-6a">
         <name>.text</name>
         <load_address>0xf0c</load_address>
         <run_address>0xf0c</run_address>
         <size>0xe</size>
         <input_file_ref idref="fl-1d"/>
      </object_component>
      <object_component id="oc-b8">
         <name>.text:_system_pre_init</name>
         <load_address>0xf1a</load_address>
         <run_address>0xf1a</run_address>
         <size>0x4</size>
         <input_file_ref idref="fl-ea"/>
      </object_component>
      <object_component id="oc-11f">
         <name>.text:abort:abort</name>
         <load_address>0xf1e</load_address>
         <run_address>0xf1e</run_address>
         <size>0x4</size>
         <input_file_ref idref="fl-de"/>
      </object_component>
      <object_component id="oc-206">
         <name>__TI_handler_table</name>
         <load_address>0xf28</load_address>
         <run_address>0xf28</run_address>
         <size>0xc</size>
      </object_component>
      <object_component id="oc-209">
         <name>.cinit..bss.load</name>
         <load_address>0xf38</load_address>
         <run_address>0xf38</run_address>
         <size>0x8</size>
      </object_component>
      <object_component id="oc-208">
         <name>.cinit..data.load</name>
         <load_address>0xf40</load_address>
         <run_address>0xf40</run_address>
         <size>0x8</size>
      </object_component>
      <object_component id="oc-207">
         <name>__TI_cinit_table</name>
         <load_address>0xf48</load_address>
         <run_address>0xf48</run_address>
         <size>0x10</size>
      </object_component>
      <object_component id="oc-1da">
         <name>.binit</name>
         <load_address>0x0</load_address>
         <run_address>0x0</run_address>
         <size>0x0</size>
      </object_component>
      <object_component id="oc-15d">
         <name>.data</name>
         <load_address>0x20000620</load_address>
         <run_address>0x20000620</run_address>
         <size>0x4</size>
         <input_file_ref idref="fl-1e"/>
      </object_component>
      <object_component id="oc-f2">
         <name>.common:Messageindexc</name>
         <uninitialized>true</uninitialized>
         <run_address>0x20000608</run_address>
         <size>0x4</size>
      </object_component>
      <object_component id="oc-ef">
         <name>.common:Messagec</name>
         <uninitialized>true</uninitialized>
         <run_address>0x20000600</run_address>
         <size>0x8</size>
      </object_component>
      <object_component id="oc-178">
         <name>.common:TxHistogram</name>
         <uninitialized>true</uninitialized>
         <run_address>0x20000500</run_address>
         <size>0x100</size>
      </object_component>
      <object_component id="oc-d7">
         <name>.common:TimerA0Task</name>
         <uninitialized>true</uninitialized>
         <run_address>0x20000618</run_address>
         <size>0x4</size>
      </object_component>
      <object_component id="oc-e3">
         <name>.common:TimerA2Task</name>
         <uninitialized>true</uninitialized>
         <run_address>0x2000061c</run_address>
         <size>0x4</size>
      </object_component>
      <object_component id="oc-f4">
         <name>.common:RxPutI</name>
         <uninitialized>true</uninitialized>
         <run_address>0x20000614</run_address>
         <size>0x4</size>
      </object_component>
      <object_component id="oc-f7">
         <name>.common:RxGetI</name>
         <uninitialized>true</uninitialized>
         <run_address>0x20000610</run_address>
         <size>0x4</size>
      </object_component>
      <object_component id="oc-f8">
         <name>.common:RxFifoLost</name>
         <uninitialized>true</uninitialized>
         <run_address>0x2000060c</run_address>
         <size>0x4</size>
      </object_component>
      <object_component id="oc-f9">
         <name>.common:RxFIFO</name>
         <uninitialized>true</uninitialized>
         <run_address>0x20000400</run_address>
         <size>0x100</size>
      </object_component>
      <object_component id="oc-29">
         <name>.sysmem</name>
         <uninitialized>true</uninitialized>
         <run_address>0x20000000</run_address>
         <size>0x10</size>
         <input_file_ref idref="fl-e1"/>
      </object_component>
      <object_component id="oc-20c">
         <name>.sysmem</name>
         <uninitialized>true</uninitialized>
         <run_address>0x20000000</run_address>
         <size>0x0</size>
      </object_component>
      <object_component id="oc-2c">
         <name>.stack</name>
         <uninitialized>true</uninitialized>
         <run_address>0x2000fe00</run_address>
         <size>0x4</size>
         <input_file_ref idref="fl-e4"/>
      </object_component>
      <object_component id="oc-20b">
         <name>.stack</name>
         <uninitialized>true</uninitialized>
         <run_address>0x2000fe00</run_address>
         <size>0x0</size>
      </object_component>
      <object_component id="oc-180">
         <name>.debug_info</name>
         <load_address>0x0</load_address>
         <run_address>0x0</run_address>
         <size>0x543</size>
         <input_file_ref idref="fl-2"/>
      </object_component>
      <object_component id="oc-163">
         <name>.debug_info</name>
         <load_address>0x543</load_address>
         <run_address>0x543</run_address>
         <size>0x37e2</size>
         <input_file_ref idref="fl-2"/>
      </object_component>
      <object_component id="oc-fd">
         <name>.debug_info</name>
         <load_address>0x3d25</load_address>
         <run_address>0x3d25</run_address>
         <size>0x26b</size>
         <input_file_ref idref="fl-2"/>
      </object_component>
      <object_component id="oc-168">
         <name>.debug_info</name>
         <load_address>0x3f90</load_address>
         <run_address>0x3f90</run_address>
         <size>0x1055</size>
         <input_file_ref idref="fl-2"/>
      </object_component>
      <object_component id="oc-35">
         <name>.debug_info</name>
         <load_address>0x4fe5</load_address>
         <run_address>0x4fe5</run_address>
         <size>0x84</size>
         <input_file_ref idref="fl-2"/>
      </object_component>
      <object_component id="oc-16d">
         <name>.debug_info</name>
         <load_address>0x5069</load_address>
         <run_address>0x5069</run_address>
         <size>0x2a4</size>
         <input_file_ref idref="fl-2"/>
      </object_component>
      <object_component id="oc-db">
         <name>.debug_info</name>
         <load_address>0x530d</load_address>
         <run_address>0x530d</run_address>
         <size>0xbb</size>
         <input_file_ref idref="fl-2"/>
      </object_component>
      <object_component id="oc-f0">
         <name>.debug_info</name>
         <load_address>0x53c8</load_address>
         <run_address>0x53c8</run_address>
         <size>0x68f</size>
         <input_file_ref idref="fl-7"/>
      </object_component>
      <object_component id="oc-89">
         <name>.debug_info</name>
         <load_address>0x5a57</load_address>
         <run_address>0x5a57</run_address>
         <size>0xdca</size>
         <input_file_ref idref="fl-7"/>
      </object_component>
      <object_component id="oc-179">
         <name>.debug_info</name>
         <load_address>0x6821</load_address>
         <run_address>0x6821</run_address>
         <size>0x2ad</size>
         <input_file_ref idref="fl-8"/>
      </object_component>
      <object_component id="oc-ea">
         <name>.debug_info</name>
         <load_address>0x6ace</load_address>
         <run_address>0x6ace</run_address>
         <size>0x400</size>
         <input_file_ref idref="fl-8"/>
      </object_component>
      <object_component id="oc-e8">
         <name>.debug_info</name>
         <load_address>0x6ece</load_address>
         <run_address>0x6ece</run_address>
         <size>0x559</size>
         <input_file_ref idref="fl-14"/>
      </object_component>
      <object_component id="oc-83">
         <name>.debug_info</name>
         <load_address>0x7427</load_address>
         <run_address>0x7427</run_address>
         <size>0x2d6</size>
         <input_file_ref idref="fl-14"/>
      </object_component>
      <object_component id="oc-d8">
         <name>.debug_info</name>
         <load_address>0x76fd</load_address>
         <run_address>0x76fd</run_address>
         <size>0x56e</size>
         <input_file_ref idref="fl-16"/>
      </object_component>
      <object_component id="oc-72">
         <name>.debug_info</name>
         <load_address>0x7c6b</load_address>
         <run_address>0x7c6b</run_address>
         <size>0x21f</size>
         <input_file_ref idref="fl-16"/>
      </object_component>
      <object_component id="oc-e1">
         <name>.debug_info</name>
         <load_address>0x7e8a</load_address>
         <run_address>0x7e8a</run_address>
         <size>0x56e</size>
         <input_file_ref idref="fl-17"/>
      </object_component>
      <object_component id="oc-77">
         <name>.debug_info</name>
         <load_address>0x83f8</load_address>
         <run_address>0x83f8</run_address>
         <size>0x218</size>
         <input_file_ref idref="fl-17"/>
      </object_component>
      <object_component id="oc-e4">
         <name>.debug_info</name>
         <load_address>0x8610</load_address>
         <run_address>0x8610</run_address>
         <size>0x56e</size>
         <input_file_ref idref="fl-18"/>
      </object_component>
      <object_component id="oc-7d">
         <name>.debug_info</name>
         <load_address>0x8b7e</load_address>
         <run_address>0x8b7e</run_address>
         <size>0x21f</size>
         <input_file_ref idref="fl-18"/>
      </object_component>
      <object_component id="oc-f5">
         <name>.debug_info</name>
         <load_address>0x8d9d</load_address>
         <run_address>0x8d9d</run_address>
         <size>0x5ce</size>
         <input_file_ref idref="fl-1a"/>
      </object_component>
      <object_component id="oc-8f">
         <name>.debug_info</name>
         <load_address>0x936b</load_address>
         <run_address>0x936b</run_address>
         <size>0x4df</size>
         <input_file_ref idref="fl-1a"/>
      </object_component>
      <object_component id="oc-bf">
         <name>.debug_info</name>
         <load_address>0x984a</load_address>
         <run_address>0x984a</run_address>
         <size>0x110</size>
         <input_file_ref idref="fl-1c"/>
      </object_component>
      <object_component id="oc-96">
         <name>.debug_info</name>
         <load_address>0x995a</load_address>
         <run_address>0x995a</run_address>
         <size>0x2dc</size>
         <input_file_ref idref="fl-1d"/>
      </object_component>
      <object_component id="oc-27">
         <name>.debug_info</name>
         <load_address>0x9c36</load_address>
         <run_address>0x9c36</run_address>
         <size>0x108</size>
         <input_file_ref idref="fl-1d"/>
      </object_component>
      <object_component id="oc-6e">
         <name>.debug_info</name>
         <load_address>0x9d3e</load_address>
         <run_address>0x9d3e</run_address>
         <size>0x1cf</size>
         <input_file_ref idref="fl-1d"/>
      </object_component>
      <object_component id="oc-15e">
         <name>.debug_info</name>
         <load_address>0x9f0d</load_address>
         <run_address>0x9f0d</run_address>
         <size>0x101</size>
         <input_file_ref idref="fl-1e"/>
      </object_component>
      <object_component id="oc-d1">
         <name>.debug_info</name>
         <load_address>0xa00e</load_address>
         <run_address>0xa00e</run_address>
         <size>0x273</size>
         <input_file_ref idref="fl-1e"/>
      </object_component>
      <object_component id="oc-104">
         <name>.debug_info</name>
         <load_address>0xa281</load_address>
         <run_address>0xa281</run_address>
         <size>0x2c</size>
         <input_file_ref idref="fl-d8"/>
      </object_component>
      <object_component id="oc-b1">
         <name>.debug_info</name>
         <load_address>0xa2ad</load_address>
         <run_address>0xa2ad</run_address>
         <size>0x2d4</size>
         <input_file_ref idref="fl-db"/>
      </object_component>
      <object_component id="oc-47">
         <name>.debug_info</name>
         <load_address>0xa581</load_address>
         <run_address>0xa581</run_address>
         <size>0x1d2</size>
         <input_file_ref idref="fl-db"/>
      </object_component>
      <object_component id="oc-ac">
         <name>.debug_info</name>
         <load_address>0xa753</load_address>
         <run_address>0xa753</run_address>
         <size>0x46</size>
         <input_file_ref idref="fl-db"/>
      </object_component>
      <object_component id="oc-115">
         <name>.debug_info</name>
         <load_address>0xa799</load_address>
         <run_address>0xa799</run_address>
         <size>0x2c</size>
         <input_file_ref idref="fl-db"/>
      </object_component>
      <object_component id="oc-45">
         <name>.debug_info</name>
         <load_address>0xa7c5</load_address>
         <run_address>0xa7c5</run_address>
         <size>0x2a8</size>
         <input_file_ref idref="fl-dc"/>
      </object_component>
      <object_component id="oc-20">
         <name>.debug_info</name>
         <load_address>0xaa6d</load_address>
         <run_address>0xaa6d</run_address>
         <size>0x1ea</size>
         <input_file_ref idref="fl-dc"/>
      </object_component>
      <object_component id="oc-40">
         <name>.debug_info</name>
         <load_address>0xac57</load_address>
         <run_address>0xac57</run_address>
         <size>0x46</size>
         <input_file_ref idref="fl-dc"/>
      </object_component>
      <object_component id="oc-a4">
         <name>.debug_info</name>
         <load_address>0xac9d</load_address>
         <run_address>0xac9d</run_address>
         <size>0x2c</size>
         <input_file_ref idref="fl-dc"/>
      </object_component>
      <object_component id="oc-a2">
         <name>.debug_info</name>
         <load_address>0xacc9</load_address>
         <run_address>0xacc9</run_address>
         <size>0x29e</size>
         <input_file_ref idref="fl-dd"/>
      </object_component>
      <object_component id="oc-18">
         <name>.debug_info</name>
         <load_address>0xaf67</load_address>
         <run_address>0xaf67</run_address>
         <size>0x250</size>
         <input_file_ref idref="fl-dd"/>
      </object_component>
      <object_component id="oc-30">
         <name>.debug_info</name>
         <load_address>0xb1b7</load_address>
         <run_address>0xb1b7</run_address>
         <size>0x60</size>
         <input_file_ref idref="fl-dd"/>
      </object_component>
      <object_component id="oc-10e">
         <name>.debug_info</name>
         <load_address>0xb217</load_address>
         <run_address>0xb217</run_address>
         <size>0x46</size>
         <input_file_ref idref="fl-dd"/>
      </object_component>
      <object_component id="oc-9d">
         <name>.debug_info</name>
         <load_address>0xb25d</load_address>
         <run_address>0xb25d</run_address>
         <size>0x39</size>
         <input_file_ref idref="fl-dd"/>
      </object_component>
      <object_component id="oc-123">
         <name>.debug_info</name>
         <load_address>0xb296</load_address>
         <run_address>0xb296</run_address>
         <size>0x122</size>
         <input_file_ref idref="fl-de"/>
      </object_component>
      <object_component id="oc-99">
         <name>.debug_info</name>
         <load_address>0xb3b8</load_address>
         <run_address>0xb3b8</run_address>
         <size>0x3b2</size>
         <input_file_ref idref="fl-e1"/>
      </object_component>
      <object_component id="oc-2a">
         <name>.debug_info</name>
         <load_address>0xb76a</load_address>
         <run_address>0xb76a</run_address>
         <size>0x10c</size>
         <input_file_ref idref="fl-e1"/>
      </object_component>
      <object_component id="oc-109">
         <name>.debug_info</name>
         <load_address>0xb876</load_address>
         <run_address>0xb876</run_address>
         <size>0xb2</size>
         <input_file_ref idref="fl-e1"/>
      </object_component>
      <object_component id="oc-2d">
         <name>.debug_info</name>
         <load_address>0xb928</load_address>
         <run_address>0xb928</run_address>
         <size>0x10b</size>
         <input_file_ref idref="fl-e4"/>
      </object_component>
      <object_component id="oc-5b">
         <name>.debug_info</name>
         <load_address>0xba33</load_address>
         <run_address>0xba33</run_address>
         <size>0x1a9</size>
         <input_file_ref idref="fl-e4"/>
      </object_component>
      <object_component id="oc-3c">
         <name>.debug_info</name>
         <load_address>0xbbdc</load_address>
         <run_address>0xbbdc</run_address>
         <size>0x119</size>
         <input_file_ref idref="fl-e8"/>
      </object_component>
      <object_component id="oc-18c">
         <name>.debug_info</name>
         <load_address>0xbcf5</load_address>
         <run_address>0xbcf5</run_address>
         <size>0x4b3</size>
         <input_file_ref idref="fl-e9"/>
      </object_component>
      <object_component id="oc-12f">
         <name>.debug_info</name>
         <load_address>0xc1a8</load_address>
         <run_address>0xc1a8</run_address>
         <size>0x1a6</size>
         <input_file_ref idref="fl-e9"/>
      </object_component>
      <object_component id="oc-1b7">
         <name>.debug_info</name>
         <load_address>0xc34e</load_address>
         <run_address>0xc34e</run_address>
         <size>0x39</size>
         <input_file_ref idref="fl-e9"/>
      </object_component>
      <object_component id="oc-1cb">
         <name>.debug_info</name>
         <load_address>0xc387</load_address>
         <run_address>0xc387</run_address>
         <size>0x39</size>
         <input_file_ref idref="fl-e9"/>
      </object_component>
      <object_component id="oc-1bc">
         <name>.debug_info</name>
         <load_address>0xc3c0</load_address>
         <run_address>0xc3c0</run_address>
         <size>0x39</size>
         <input_file_ref idref="fl-e9"/>
      </object_component>
      <object_component id="oc-1c1">
         <name>.debug_info</name>
         <load_address>0xc3f9</load_address>
         <run_address>0xc3f9</run_address>
         <size>0xcd</size>
         <input_file_ref idref="fl-e9"/>
      </object_component>
      <object_component id="oc-bc">
         <name>.debug_info</name>
         <load_address>0xc4c6</load_address>
         <run_address>0xc4c6</run_address>
         <size>0x153</size>
         <input_file_ref idref="fl-ea"/>
      </object_component>
      <object_component id="oc-20d">
         <name>.debug_info</name>
         <load_address>0xc619</load_address>
         <run_address>0xc619</run_address>
         <size>0xb4</size>
      </object_component>
      <object_component id="oc-1a6">
         <name>.debug_line</name>
         <load_address>0x0</load_address>
         <run_address>0x0</run_address>
         <size>0x20</size>
         <input_file_ref idref="fl-2"/>
      </object_component>
      <object_component id="oc-166">
         <name>.debug_line</name>
         <load_address>0x20</load_address>
         <run_address>0x20</run_address>
         <size>0x63</size>
         <input_file_ref idref="fl-2"/>
      </object_component>
      <object_component id="oc-100">
         <name>.debug_line</name>
         <load_address>0x83</load_address>
         <run_address>0x83</run_address>
         <size>0x7a</size>
         <input_file_ref idref="fl-2"/>
      </object_component>
      <object_component id="oc-16b">
         <name>.debug_line</name>
         <load_address>0xfd</load_address>
         <run_address>0xfd</run_address>
         <size>0x66</size>
         <input_file_ref idref="fl-2"/>
      </object_component>
      <object_component id="oc-38">
         <name>.debug_line</name>
         <load_address>0x163</load_address>
         <run_address>0x163</run_address>
         <size>0x20</size>
         <input_file_ref idref="fl-2"/>
      </object_component>
      <object_component id="oc-170">
         <name>.debug_line</name>
         <load_address>0x183</load_address>
         <run_address>0x183</run_address>
         <size>0x7e</size>
         <input_file_ref idref="fl-2"/>
      </object_component>
      <object_component id="oc-de">
         <name>.debug_line</name>
         <load_address>0x201</load_address>
         <run_address>0x201</run_address>
         <size>0x7b</size>
         <input_file_ref idref="fl-2"/>
      </object_component>
      <object_component id="oc-17d">
         <name>.debug_line</name>
         <load_address>0x27c</load_address>
         <run_address>0x27c</run_address>
         <size>0x45</size>
         <input_file_ref idref="fl-7"/>
      </object_component>
      <object_component id="oc-8c">
         <name>.debug_line</name>
         <load_address>0x2c1</load_address>
         <run_address>0x2c1</run_address>
         <size>0x366</size>
         <input_file_ref idref="fl-7"/>
      </object_component>
      <object_component id="oc-1a4">
         <name>.debug_line</name>
         <load_address>0x627</load_address>
         <run_address>0x627</run_address>
         <size>0x2e</size>
         <input_file_ref idref="fl-8"/>
      </object_component>
      <object_component id="oc-ed">
         <name>.debug_line</name>
         <load_address>0x655</load_address>
         <run_address>0x655</run_address>
         <size>0x10c</size>
         <input_file_ref idref="fl-8"/>
      </object_component>
      <object_component id="oc-177">
         <name>.debug_line</name>
         <load_address>0x761</load_address>
         <run_address>0x761</run_address>
         <size>0x20</size>
         <input_file_ref idref="fl-14"/>
      </object_component>
      <object_component id="oc-86">
         <name>.debug_line</name>
         <load_address>0x781</load_address>
         <run_address>0x781</run_address>
         <size>0x94</size>
         <input_file_ref idref="fl-14"/>
      </object_component>
      <object_component id="oc-162">
         <name>.debug_line</name>
         <load_address>0x815</load_address>
         <run_address>0x815</run_address>
         <size>0x30</size>
         <input_file_ref idref="fl-16"/>
      </object_component>
      <object_component id="oc-74">
         <name>.debug_line</name>
         <load_address>0x845</load_address>
         <run_address>0x845</run_address>
         <size>0x87</size>
         <input_file_ref idref="fl-16"/>
      </object_component>
      <object_component id="oc-173">
         <name>.debug_line</name>
         <load_address>0x8cc</load_address>
         <run_address>0x8cc</run_address>
         <size>0x30</size>
         <input_file_ref idref="fl-17"/>
      </object_component>
      <object_component id="oc-7a">
         <name>.debug_line</name>
         <load_address>0x8fc</load_address>
         <run_address>0x8fc</run_address>
         <size>0x74</size>
         <input_file_ref idref="fl-17"/>
      </object_component>
      <object_component id="oc-175">
         <name>.debug_line</name>
         <load_address>0x970</load_address>
         <run_address>0x970</run_address>
         <size>0x30</size>
         <input_file_ref idref="fl-18"/>
      </object_component>
      <object_component id="oc-80">
         <name>.debug_line</name>
         <load_address>0x9a0</load_address>
         <run_address>0x9a0</run_address>
         <size>0x87</size>
         <input_file_ref idref="fl-18"/>
      </object_component>
      <object_component id="oc-17f">
         <name>.debug_line</name>
         <load_address>0xa27</load_address>
         <run_address>0xa27</run_address>
         <size>0x2e</size>
         <input_file_ref idref="fl-1a"/>
      </object_component>
      <object_component id="oc-92">
         <name>.debug_line</name>
         <load_address>0xa55</load_address>
         <run_address>0xa55</run_address>
         <size>0x16d</size>
         <input_file_ref idref="fl-1a"/>
      </object_component>
      <object_component id="oc-c2">
         <name>.debug_line</name>
         <load_address>0xbc2</load_address>
         <run_address>0xbc2</run_address>
         <size>0x42</size>
         <input_file_ref idref="fl-1c"/>
      </object_component>
      <object_component id="oc-fc">
         <name>.debug_line</name>
         <load_address>0xc04</load_address>
         <run_address>0xc04</run_address>
         <size>0x40</size>
         <input_file_ref idref="fl-1d"/>
      </object_component>
      <object_component id="oc-95">
         <name>.debug_line</name>
         <load_address>0xc44</load_address>
         <run_address>0xc44</run_address>
         <size>0x40</size>
         <input_file_ref idref="fl-1d"/>
      </object_component>
      <object_component id="oc-6b">
         <name>.debug_line</name>
         <load_address>0xc84</load_address>
         <run_address>0xc84</run_address>
         <size>0x71</size>
         <input_file_ref idref="fl-1d"/>
      </object_component>
      <object_component id="oc-1a2">
         <name>.debug_line</name>
         <load_address>0xcf5</load_address>
         <run_address>0xcf5</run_address>
         <size>0x3b</size>
         <input_file_ref idref="fl-1e"/>
      </object_component>
      <object_component id="oc-d4">
         <name>.debug_line</name>
         <load_address>0xd30</load_address>
         <run_address>0xd30</run_address>
         <size>0x121</size>
         <input_file_ref idref="fl-1e"/>
      </object_component>
      <object_component id="oc-107">
         <name>.debug_line</name>
         <load_address>0xe51</load_address>
         <run_address>0xe51</run_address>
         <size>0x92</size>
         <input_file_ref idref="fl-d8"/>
      </object_component>
      <object_component id="oc-11b">
         <name>.debug_line</name>
         <load_address>0xee3</load_address>
         <run_address>0xee3</run_address>
         <size>0x92</size>
         <input_file_ref idref="fl-db"/>
      </object_component>
      <object_component id="oc-4b">
         <name>.debug_line</name>
         <load_address>0xf75</load_address>
         <run_address>0xf75</run_address>
         <size>0x56</size>
         <input_file_ref idref="fl-db"/>
      </object_component>
      <object_component id="oc-af">
         <name>.debug_line</name>
         <load_address>0xfcb</load_address>
         <run_address>0xfcb</run_address>
         <size>0x34</size>
         <input_file_ref idref="fl-db"/>
      </object_component>
      <object_component id="oc-118">
         <name>.debug_line</name>
         <load_address>0xfff</load_address>
         <run_address>0xfff</run_address>
         <size>0x92</size>
         <input_file_ref idref="fl-db"/>
      </object_component>
      <object_component id="oc-aa">
         <name>.debug_line</name>
         <load_address>0x1091</load_address>
         <run_address>0x1091</run_address>
         <size>0x20</size>
         <input_file_ref idref="fl-dc"/>
      </object_component>
      <object_component id="oc-1f">
         <name>.debug_line</name>
         <load_address>0x10b1</load_address>
         <run_address>0x10b1</run_address>
         <size>0x55</size>
         <input_file_ref idref="fl-dc"/>
      </object_component>
      <object_component id="oc-43">
         <name>.debug_line</name>
         <load_address>0x1106</load_address>
         <run_address>0x1106</run_address>
         <size>0x3a</size>
         <input_file_ref idref="fl-dc"/>
      </object_component>
      <object_component id="oc-a7">
         <name>.debug_line</name>
         <load_address>0x1140</load_address>
         <run_address>0x1140</run_address>
         <size>0x92</size>
         <input_file_ref idref="fl-dc"/>
      </object_component>
      <object_component id="oc-114">
         <name>.debug_line</name>
         <load_address>0x11d2</load_address>
         <run_address>0x11d2</run_address>
         <size>0x20</size>
         <input_file_ref idref="fl-dd"/>
      </object_component>
      <object_component id="oc-1b">
         <name>.debug_line</name>
         <load_address>0x11f2</load_address>
         <run_address>0x11f2</run_address>
         <size>0xa9</size>
         <input_file_ref idref="fl-dd"/>
      </object_component>
      <object_component id="oc-33">
         <name>.debug_line</name>
         <load_address>0x129b</load_address>
         <run_address>0x129b</run_address>
         <size>0x3a</size>
         <input_file_ref idref="fl-dd"/>
      </object_component>
      <object_component id="oc-111">
         <name>.debug_line</name>
         <load_address>0x12d5</load_address>
         <run_address>0x12d5</run_address>
         <size>0x9a</size>
         <input_file_ref idref="fl-dd"/>
      </object_component>
      <object_component id="oc-a0">
         <name>.debug_line</name>
         <load_address>0x136f</load_address>
         <run_address>0x136f</run_address>
         <size>0x96</size>
         <input_file_ref idref="fl-dd"/>
      </object_component>
      <object_component id="oc-121">
         <name>.debug_line</name>
         <load_address>0x1405</load_address>
         <run_address>0x1405</run_address>
         <size>0x3c</size>
         <input_file_ref idref="fl-de"/>
      </object_component>
      <object_component id="oc-103">
         <name>.debug_line</name>
         <load_address>0x1441</load_address>
         <run_address>0x1441</run_address>
         <size>0x10f</size>
         <input_file_ref idref="fl-e1"/>
      </object_component>
      <object_component id="oc-98">
         <name>.debug_line</name>
         <load_address>0x1550</load_address>
         <run_address>0x1550</run_address>
         <size>0x2c</size>
         <input_file_ref idref="fl-e1"/>
      </object_component>
      <object_component id="oc-10c">
         <name>.debug_line</name>
         <load_address>0x157c</load_address>
         <run_address>0x157c</run_address>
         <size>0x2c</size>
         <input_file_ref idref="fl-e1"/>
      </object_component>
      <object_component id="oc-9c">
         <name>.debug_line</name>
         <load_address>0x15a8</load_address>
         <run_address>0x15a8</run_address>
         <size>0x33</size>
         <input_file_ref idref="fl-e4"/>
      </object_component>
      <object_component id="oc-5a">
         <name>.debug_line</name>
         <load_address>0x15db</load_address>
         <run_address>0x15db</run_address>
         <size>0x45</size>
         <input_file_ref idref="fl-e4"/>
      </object_component>
      <object_component id="oc-3e">
         <name>.debug_line</name>
         <load_address>0x1620</load_address>
         <run_address>0x1620</run_address>
         <size>0x88</size>
         <input_file_ref idref="fl-e8"/>
      </object_component>
      <object_component id="oc-1b6">
         <name>.debug_line</name>
         <load_address>0x16a8</load_address>
         <run_address>0x16a8</run_address>
         <size>0xbf</size>
         <input_file_ref idref="fl-e9"/>
      </object_component>
      <object_component id="oc-12e">
         <name>.debug_line</name>
         <load_address>0x1767</load_address>
         <run_address>0x1767</run_address>
         <size>0x6f</size>
         <input_file_ref idref="fl-e9"/>
      </object_component>
      <object_component id="oc-1ba">
         <name>.debug_line</name>
         <load_address>0x17d6</load_address>
         <run_address>0x17d6</run_address>
         <size>0x2e</size>
         <input_file_ref idref="fl-e9"/>
      </object_component>
      <object_component id="oc-1ce">
         <name>.debug_line</name>
         <load_address>0x1804</load_address>
         <run_address>0x1804</run_address>
         <size>0x9a</size>
         <input_file_ref idref="fl-e9"/>
      </object_component>
      <object_component id="oc-1bf">
         <name>.debug_line</name>
         <load_address>0x189e</load_address>
         <run_address>0x189e</run_address>
         <size>0x97</size>
         <input_file_ref idref="fl-e9"/>
      </object_component>
      <object_component id="oc-1c4">
         <name>.debug_line</name>
         <load_address>0x1935</load_address>
         <run_address>0x1935</run_address>
         <size>0x93</size>
         <input_file_ref idref="fl-e9"/>
      </object_component>
      <object_component id="oc-bb">
         <name>.debug_line</name>
         <load_address>0x19c8</load_address>
         <run_address>0x19c8</run_address>
         <size>0x40</size>
         <input_file_ref idref="fl-ea"/>
      </object_component>
      <object_component id="oc-1a5">
         <name>.debug_abbrev</name>
         <load_address>0x0</load_address>
         <run_address>0x0</run_address>
         <size>0x71</size>
         <input_file_ref idref="fl-2"/>
      </object_component>
      <object_component id="oc-165">
         <name>.debug_abbrev</name>
         <load_address>0x71</load_address>
         <run_address>0x71</run_address>
         <size>0xbd</size>
         <input_file_ref idref="fl-2"/>
      </object_component>
      <object_component id="oc-ff">
         <name>.debug_abbrev</name>
         <load_address>0x12e</load_address>
         <run_address>0x12e</run_address>
         <size>0x69</size>
         <input_file_ref idref="fl-2"/>
      </object_component>
      <object_component id="oc-16a">
         <name>.debug_abbrev</name>
         <load_address>0x197</load_address>
         <run_address>0x197</run_address>
         <size>0x97</size>
         <input_file_ref idref="fl-2"/>
      </object_component>
      <object_component id="oc-37">
         <name>.debug_abbrev</name>
         <load_address>0x22e</load_address>
         <run_address>0x22e</run_address>
         <size>0x1f</size>
         <input_file_ref idref="fl-2"/>
      </object_component>
      <object_component id="oc-16f">
         <name>.debug_abbrev</name>
         <load_address>0x24d</load_address>
         <run_address>0x24d</run_address>
         <size>0x5c</size>
         <input_file_ref idref="fl-2"/>
      </object_component>
      <object_component id="oc-dd">
         <name>.debug_abbrev</name>
         <load_address>0x2a9</load_address>
         <run_address>0x2a9</run_address>
         <size>0x24</size>
         <input_file_ref idref="fl-2"/>
      </object_component>
      <object_component id="oc-17c">
         <name>.debug_abbrev</name>
         <load_address>0x2cd</load_address>
         <run_address>0x2cd</run_address>
         <size>0xd7</size>
         <input_file_ref idref="fl-7"/>
      </object_component>
      <object_component id="oc-f3">
         <name>.debug_abbrev</name>
         <load_address>0x3a4</load_address>
         <run_address>0x3a4</run_address>
         <size>0x15d</size>
         <input_file_ref idref="fl-7"/>
      </object_component>
      <object_component id="oc-1a3">
         <name>.debug_abbrev</name>
         <load_address>0x501</load_address>
         <run_address>0x501</run_address>
         <size>0x51</size>
         <input_file_ref idref="fl-8"/>
      </object_component>
      <object_component id="oc-17b">
         <name>.debug_abbrev</name>
         <load_address>0x552</load_address>
         <run_address>0x552</run_address>
         <size>0xa9</size>
         <input_file_ref idref="fl-8"/>
      </object_component>
      <object_component id="oc-176">
         <name>.debug_abbrev</name>
         <load_address>0x5fb</load_address>
         <run_address>0x5fb</run_address>
         <size>0x8a</size>
         <input_file_ref idref="fl-14"/>
      </object_component>
      <object_component id="oc-e7">
         <name>.debug_abbrev</name>
         <load_address>0x685</load_address>
         <run_address>0x685</run_address>
         <size>0x6c</size>
         <input_file_ref idref="fl-14"/>
      </object_component>
      <object_component id="oc-161">
         <name>.debug_abbrev</name>
         <load_address>0x6f1</load_address>
         <run_address>0x6f1</run_address>
         <size>0x97</size>
         <input_file_ref idref="fl-16"/>
      </object_component>
      <object_component id="oc-da">
         <name>.debug_abbrev</name>
         <load_address>0x788</load_address>
         <run_address>0x788</run_address>
         <size>0x7b</size>
         <input_file_ref idref="fl-16"/>
      </object_component>
      <object_component id="oc-172">
         <name>.debug_abbrev</name>
         <load_address>0x803</load_address>
         <run_address>0x803</run_address>
         <size>0x97</size>
         <input_file_ref idref="fl-17"/>
      </object_component>
      <object_component id="oc-e0">
         <name>.debug_abbrev</name>
         <load_address>0x89a</load_address>
         <run_address>0x89a</run_address>
         <size>0x6c</size>
         <input_file_ref idref="fl-17"/>
      </object_component>
      <object_component id="oc-174">
         <name>.debug_abbrev</name>
         <load_address>0x906</load_address>
         <run_address>0x906</run_address>
         <size>0x97</size>
         <input_file_ref idref="fl-18"/>
      </object_component>
      <object_component id="oc-e6">
         <name>.debug_abbrev</name>
         <load_address>0x99d</load_address>
         <run_address>0x99d</run_address>
         <size>0x7b</size>
         <input_file_ref idref="fl-18"/>
      </object_component>
      <object_component id="oc-17e">
         <name>.debug_abbrev</name>
         <load_address>0xa18</load_address>
         <run_address>0xa18</run_address>
         <size>0x9d</size>
         <input_file_ref idref="fl-1a"/>
      </object_component>
      <object_component id="oc-fa">
         <name>.debug_abbrev</name>
         <load_address>0xab5</load_address>
         <run_address>0xab5</run_address>
         <size>0xa9</size>
         <input_file_ref idref="fl-1a"/>
      </object_component>
      <object_component id="oc-11e">
         <name>.debug_abbrev</name>
         <load_address>0xb5e</load_address>
         <run_address>0xb5e</run_address>
         <size>0x50</size>
         <input_file_ref idref="fl-1c"/>
      </object_component>
      <object_component id="oc-fb">
         <name>.debug_abbrev</name>
         <load_address>0xbae</load_address>
         <run_address>0xbae</run_address>
         <size>0x7c</size>
         <input_file_ref idref="fl-1d"/>
      </object_component>
      <object_component id="oc-94">
         <name>.debug_abbrev</name>
         <load_address>0xc2a</load_address>
         <run_address>0xc2a</run_address>
         <size>0x29</size>
         <input_file_ref idref="fl-1d"/>
      </object_component>
      <object_component id="oc-d6">
         <name>.debug_abbrev</name>
         <load_address>0xc53</load_address>
         <run_address>0xc53</run_address>
         <size>0x89</size>
         <input_file_ref idref="fl-1d"/>
      </object_component>
      <object_component id="oc-1a1">
         <name>.debug_abbrev</name>
         <load_address>0xcdc</load_address>
         <run_address>0xcdc</run_address>
         <size>0x29</size>
         <input_file_ref idref="fl-1e"/>
      </object_component>
      <object_component id="oc-160">
         <name>.debug_abbrev</name>
         <load_address>0xd05</load_address>
         <run_address>0xd05</run_address>
         <size>0x8b</size>
         <input_file_ref idref="fl-1e"/>
      </object_component>
      <object_component id="oc-106">
         <name>.debug_abbrev</name>
         <load_address>0xd90</load_address>
         <run_address>0xd90</run_address>
         <size>0x24</size>
         <input_file_ref idref="fl-d8"/>
      </object_component>
      <object_component id="oc-11a">
         <name>.debug_abbrev</name>
         <load_address>0xdb4</load_address>
         <run_address>0xdb4</run_address>
         <size>0x5d</size>
         <input_file_ref idref="fl-db"/>
      </object_component>
      <object_component id="oc-ab">
         <name>.debug_abbrev</name>
         <load_address>0xe11</load_address>
         <run_address>0xe11</run_address>
         <size>0x6f</size>
         <input_file_ref idref="fl-db"/>
      </object_component>
      <object_component id="oc-ae">
         <name>.debug_abbrev</name>
         <load_address>0xe80</load_address>
         <run_address>0xe80</run_address>
         <size>0x24</size>
         <input_file_ref idref="fl-db"/>
      </object_component>
      <object_component id="oc-117">
         <name>.debug_abbrev</name>
         <load_address>0xea4</load_address>
         <run_address>0xea4</run_address>
         <size>0x24</size>
         <input_file_ref idref="fl-db"/>
      </object_component>
      <object_component id="oc-a9">
         <name>.debug_abbrev</name>
         <load_address>0xec8</load_address>
         <run_address>0xec8</run_address>
         <size>0x37</size>
         <input_file_ref idref="fl-dc"/>
      </object_component>
      <object_component id="oc-3f">
         <name>.debug_abbrev</name>
         <load_address>0xeff</load_address>
         <run_address>0xeff</run_address>
         <size>0x74</size>
         <input_file_ref idref="fl-dc"/>
      </object_component>
      <object_component id="oc-42">
         <name>.debug_abbrev</name>
         <load_address>0xf73</load_address>
         <run_address>0xf73</run_address>
         <size>0x24</size>
         <input_file_ref idref="fl-dc"/>
      </object_component>
      <object_component id="oc-a6">
         <name>.debug_abbrev</name>
         <load_address>0xf97</load_address>
         <run_address>0xf97</run_address>
         <size>0x24</size>
         <input_file_ref idref="fl-dc"/>
      </object_component>
      <object_component id="oc-113">
         <name>.debug_abbrev</name>
         <load_address>0xfbb</load_address>
         <run_address>0xfbb</run_address>
         <size>0x37</size>
         <input_file_ref idref="fl-dd"/>
      </object_component>
      <object_component id="oc-2f">
         <name>.debug_abbrev</name>
         <load_address>0xff2</load_address>
         <run_address>0xff2</run_address>
         <size>0x6f</size>
         <input_file_ref idref="fl-dd"/>
      </object_component>
      <object_component id="oc-32">
         <name>.debug_abbrev</name>
         <load_address>0x1061</load_address>
         <run_address>0x1061</run_address>
         <size>0x24</size>
         <input_file_ref idref="fl-dd"/>
      </object_component>
      <object_component id="oc-110">
         <name>.debug_abbrev</name>
         <load_address>0x1085</load_address>
         <run_address>0x1085</run_address>
         <size>0x35</size>
         <input_file_ref idref="fl-dd"/>
      </object_component>
      <object_component id="oc-9f">
         <name>.debug_abbrev</name>
         <load_address>0x10ba</load_address>
         <run_address>0x10ba</run_address>
         <size>0x24</size>
         <input_file_ref idref="fl-dd"/>
      </object_component>
      <object_component id="oc-181">
         <name>.debug_abbrev</name>
         <load_address>0x10de</load_address>
         <run_address>0x10de</run_address>
         <size>0x45</size>
         <input_file_ref idref="fl-de"/>
      </object_component>
      <object_component id="oc-102">
         <name>.debug_abbrev</name>
         <load_address>0x1123</load_address>
         <run_address>0x1123</run_address>
         <size>0xd6</size>
         <input_file_ref idref="fl-e1"/>
      </object_component>
      <object_component id="oc-97">
         <name>.debug_abbrev</name>
         <load_address>0x11f9</load_address>
         <run_address>0x11f9</run_address>
         <size>0x29</size>
         <input_file_ref idref="fl-e1"/>
      </object_component>
      <object_component id="oc-10b">
         <name>.debug_abbrev</name>
         <load_address>0x1222</load_address>
         <run_address>0x1222</run_address>
         <size>0x7f</size>
         <input_file_ref idref="fl-e1"/>
      </object_component>
      <object_component id="oc-9b">
         <name>.debug_abbrev</name>
         <load_address>0x12a1</load_address>
         <run_address>0x12a1</run_address>
         <size>0x29</size>
         <input_file_ref idref="fl-e4"/>
      </object_component>
      <object_component id="oc-c7">
         <name>.debug_abbrev</name>
         <load_address>0x12ca</load_address>
         <run_address>0x12ca</run_address>
         <size>0x55</size>
         <input_file_ref idref="fl-e4"/>
      </object_component>
      <object_component id="oc-a3">
         <name>.debug_abbrev</name>
         <load_address>0x131f</load_address>
         <run_address>0x131f</run_address>
         <size>0x3e</size>
         <input_file_ref idref="fl-e8"/>
      </object_component>
      <object_component id="oc-1b5">
         <name>.debug_abbrev</name>
         <load_address>0x135d</load_address>
         <run_address>0x135d</run_address>
         <size>0xc0</size>
         <input_file_ref idref="fl-e9"/>
      </object_component>
      <object_component id="oc-18b">
         <name>.debug_abbrev</name>
         <load_address>0x141d</load_address>
         <run_address>0x141d</run_address>
         <size>0x7e</size>
         <input_file_ref idref="fl-e9"/>
      </object_component>
      <object_component id="oc-1b9">
         <name>.debug_abbrev</name>
         <load_address>0x149b</load_address>
         <run_address>0x149b</run_address>
         <size>0x24</size>
         <input_file_ref idref="fl-e9"/>
      </object_component>
      <object_component id="oc-1cd">
         <name>.debug_abbrev</name>
         <load_address>0x14bf</load_address>
         <run_address>0x14bf</run_address>
         <size>0x24</size>
         <input_file_ref idref="fl-e9"/>
      </object_component>
      <object_component id="oc-1be">
         <name>.debug_abbrev</name>
         <load_address>0x14e3</load_address>
         <run_address>0x14e3</run_address>
         <size>0x24</size>
         <input_file_ref idref="fl-e9"/>
      </object_component>
      <object_component id="oc-1c3">
         <name>.debug_abbrev</name>
         <load_address>0x1507</load_address>
         <run_address>0x1507</run_address>
         <size>0x4b</size>
         <input_file_ref idref="fl-e9"/>
      </object_component>
      <object_component id="oc-11d">
         <name>.debug_abbrev</name>
         <load_address>0x1552</load_address>
         <run_address>0x1552</run_address>
         <size>0x55</size>
         <input_file_ref idref="fl-ea"/>
      </object_component>
      <object_component id="oc-20e">
         <name>.debug_abbrev</name>
         <load_address>0x15a7</load_address>
         <run_address>0x15a7</run_address>
         <size>0xf</size>
      </object_component>
      <object_component id="oc-167">
         <name>.debug_str</name>
         <load_address>0x0</load_address>
         <run_address>0x0</run_address>
         <size>0x15e9</size>
         <input_file_ref idref="fl-2"/>
      </object_component>
      <object_component id="oc-101">
         <name>.debug_str</name>
         <load_address>0x15e9</load_address>
         <run_address>0x15e9</run_address>
         <size>0x2d0</size>
         <input_file_ref idref="fl-2"/>
      </object_component>
      <object_component id="oc-16c">
         <name>.debug_str</name>
         <load_address>0x18b9</load_address>
         <run_address>0x18b9</run_address>
         <size>0x4a5</size>
         <input_file_ref idref="fl-2"/>
      </object_component>
      <object_component id="oc-39">
         <name>.debug_str</name>
         <load_address>0x1d5e</load_address>
         <run_address>0x1d5e</run_address>
         <size>0xff</size>
         <input_file_ref idref="fl-2"/>
      </object_component>
      <object_component id="oc-171">
         <name>.debug_str</name>
         <load_address>0x1e5d</load_address>
         <run_address>0x1e5d</run_address>
         <size>0x366</size>
         <input_file_ref idref="fl-2"/>
      </object_component>
      <object_component id="oc-df">
         <name>.debug_str</name>
         <load_address>0x21c3</load_address>
         <run_address>0x21c3</run_address>
         <size>0x168</size>
         <input_file_ref idref="fl-2"/>
      </object_component>
      <object_component id="oc-108">
         <name>.debug_str</name>
         <load_address>0x232b</load_address>
         <run_address>0x232b</run_address>
         <size>0x140</size>
         <input_file_ref idref="fl-d8"/>
      </object_component>
      <object_component id="oc-b0">
         <name>.debug_str</name>
         <load_address>0x246b</load_address>
         <run_address>0x246b</run_address>
         <size>0x105</size>
         <input_file_ref idref="fl-db"/>
      </object_component>
      <object_component id="oc-119">
         <name>.debug_str</name>
         <load_address>0x2570</load_address>
         <run_address>0x2570</run_address>
         <size>0x140</size>
         <input_file_ref idref="fl-db"/>
      </object_component>
      <object_component id="oc-44">
         <name>.debug_str</name>
         <load_address>0x26b0</load_address>
         <run_address>0x26b0</run_address>
         <size>0x10b</size>
         <input_file_ref idref="fl-dc"/>
      </object_component>
      <object_component id="oc-a8">
         <name>.debug_str</name>
         <load_address>0x27bb</load_address>
         <run_address>0x27bb</run_address>
         <size>0x140</size>
         <input_file_ref idref="fl-dc"/>
      </object_component>
      <object_component id="oc-34">
         <name>.debug_str</name>
         <load_address>0x28fb</load_address>
         <run_address>0x28fb</run_address>
         <size>0x118</size>
         <input_file_ref idref="fl-dd"/>
      </object_component>
      <object_component id="oc-112">
         <name>.debug_str</name>
         <load_address>0x2a13</load_address>
         <run_address>0x2a13</run_address>
         <size>0x16b</size>
         <input_file_ref idref="fl-dd"/>
      </object_component>
      <object_component id="oc-a1">
         <name>.debug_str</name>
         <load_address>0x2b7e</load_address>
         <run_address>0x2b7e</run_address>
         <size>0x158</size>
         <input_file_ref idref="fl-dd"/>
      </object_component>
      <object_component id="oc-10d">
         <name>.debug_str</name>
         <load_address>0x2cd6</load_address>
         <run_address>0x2cd6</run_address>
         <size>0x10a</size>
         <input_file_ref idref="fl-e1"/>
      </object_component>
      <object_component id="oc-1bb">
         <name>.debug_str</name>
         <load_address>0x2de0</load_address>
         <run_address>0x2de0</run_address>
         <size>0xed</size>
         <input_file_ref idref="fl-e9"/>
      </object_component>
      <object_component id="oc-1cf">
         <name>.debug_str</name>
         <load_address>0x2ecd</load_address>
         <run_address>0x2ecd</run_address>
         <size>0x157</size>
         <input_file_ref idref="fl-e9"/>
      </object_component>
      <object_component id="oc-1c0">
         <name>.debug_str</name>
         <load_address>0x3024</load_address>
         <run_address>0x3024</run_address>
         <size>0x150</size>
         <input_file_ref idref="fl-e9"/>
      </object_component>
      <object_component id="oc-1c5">
         <name>.debug_str</name>
         <load_address>0x3174</load_address>
         <run_address>0x3174</run_address>
         <size>0x197</size>
         <input_file_ref idref="fl-e9"/>
      </object_component>
      <object_component id="oc-164">
         <name>.debug_pubtypes</name>
         <load_address>0x0</load_address>
         <run_address>0x0</run_address>
         <size>0x2ce</size>
         <input_file_ref idref="fl-2"/>
      </object_component>
      <object_component id="oc-fe">
         <name>.debug_pubtypes</name>
         <load_address>0x2ce</load_address>
         <run_address>0x2ce</run_address>
         <size>0x25c</size>
         <input_file_ref idref="fl-2"/>
      </object_component>
      <object_component id="oc-169">
         <name>.debug_pubtypes</name>
         <load_address>0x52a</load_address>
         <run_address>0x52a</run_address>
         <size>0xdd</size>
         <input_file_ref idref="fl-2"/>
      </object_component>
      <object_component id="oc-36">
         <name>.debug_pubtypes</name>
         <load_address>0x607</load_address>
         <run_address>0x607</run_address>
         <size>0xed</size>
         <input_file_ref idref="fl-2"/>
      </object_component>
      <object_component id="oc-16e">
         <name>.debug_pubtypes</name>
         <load_address>0x6f4</load_address>
         <run_address>0x6f4</run_address>
         <size>0x330</size>
         <input_file_ref idref="fl-2"/>
      </object_component>
      <object_component id="oc-dc">
         <name>.debug_pubtypes</name>
         <load_address>0xa24</load_address>
         <run_address>0xa24</run_address>
         <size>0xaa</size>
         <input_file_ref idref="fl-2"/>
      </object_component>
      <object_component id="oc-105">
         <name>.debug_pubtypes</name>
         <load_address>0xace</load_address>
         <run_address>0xace</run_address>
         <size>0x1d</size>
         <input_file_ref idref="fl-d8"/>
      </object_component>
      <object_component id="oc-ad">
         <name>.debug_pubtypes</name>
         <load_address>0xaeb</load_address>
         <run_address>0xaeb</run_address>
         <size>0x48</size>
         <input_file_ref idref="fl-db"/>
      </object_component>
      <object_component id="oc-116">
         <name>.debug_pubtypes</name>
         <load_address>0xb33</load_address>
         <run_address>0xb33</run_address>
         <size>0x1d</size>
         <input_file_ref idref="fl-db"/>
      </object_component>
      <object_component id="oc-41">
         <name>.debug_pubtypes</name>
         <load_address>0xb50</load_address>
         <run_address>0xb50</run_address>
         <size>0x48</size>
         <input_file_ref idref="fl-dc"/>
      </object_component>
      <object_component id="oc-a5">
         <name>.debug_pubtypes</name>
         <load_address>0xb98</load_address>
         <run_address>0xb98</run_address>
         <size>0x1d</size>
         <input_file_ref idref="fl-dc"/>
      </object_component>
      <object_component id="oc-31">
         <name>.debug_pubtypes</name>
         <load_address>0xbb5</load_address>
         <run_address>0xbb5</run_address>
         <size>0x5d</size>
         <input_file_ref idref="fl-dd"/>
      </object_component>
      <object_component id="oc-10f">
         <name>.debug_pubtypes</name>
         <load_address>0xc12</load_address>
         <run_address>0xc12</run_address>
         <size>0x48</size>
         <input_file_ref idref="fl-dd"/>
      </object_component>
      <object_component id="oc-9e">
         <name>.debug_pubtypes</name>
         <load_address>0xc5a</load_address>
         <run_address>0xc5a</run_address>
         <size>0x35</size>
         <input_file_ref idref="fl-dd"/>
      </object_component>
      <object_component id="oc-9a">
         <name>.debug_pubtypes</name>
         <load_address>0xc8f</load_address>
         <run_address>0xc8f</run_address>
         <size>0x1f</size>
         <input_file_ref idref="fl-e1"/>
      </object_component>
      <object_component id="oc-10a">
         <name>.debug_pubtypes</name>
         <load_address>0xcae</load_address>
         <run_address>0xcae</run_address>
         <size>0x26</size>
         <input_file_ref idref="fl-e1"/>
      </object_component>
      <object_component id="oc-1b8">
         <name>.debug_pubtypes</name>
         <load_address>0xcd4</load_address>
         <run_address>0xcd4</run_address>
         <size>0x32</size>
         <input_file_ref idref="fl-e9"/>
      </object_component>
      <object_component id="oc-1cc">
         <name>.debug_pubtypes</name>
         <load_address>0xd06</load_address>
         <run_address>0xd06</run_address>
         <size>0x30</size>
         <input_file_ref idref="fl-e9"/>
      </object_component>
      <object_component id="oc-1bd">
         <name>.debug_pubtypes</name>
         <load_address>0xd36</load_address>
         <run_address>0xd36</run_address>
         <size>0x2c</size>
         <input_file_ref idref="fl-e9"/>
      </object_component>
      <object_component id="oc-1c2">
         <name>.debug_pubtypes</name>
         <load_address>0xd62</load_address>
         <run_address>0xd62</run_address>
         <size>0x50</size>
         <input_file_ref idref="fl-e9"/>
      </object_component>
      <object_component id="oc-8d">
         <name>.debug_frame</name>
         <load_address>0x0</load_address>
         <run_address>0x0</run_address>
         <size>0x220</size>
         <input_file_ref idref="fl-7"/>
      </object_component>
      <object_component id="oc-ee">
         <name>.debug_frame</name>
         <load_address>0x220</load_address>
         <run_address>0x220</run_address>
         <size>0xf4</size>
         <input_file_ref idref="fl-8"/>
      </object_component>
      <object_component id="oc-87">
         <name>.debug_frame</name>
         <load_address>0x314</load_address>
         <run_address>0x314</run_address>
         <size>0x98</size>
         <input_file_ref idref="fl-14"/>
      </object_component>
      <object_component id="oc-75">
         <name>.debug_frame</name>
         <load_address>0x3ac</load_address>
         <run_address>0x3ac</run_address>
         <size>0x84</size>
         <input_file_ref idref="fl-16"/>
      </object_component>
      <object_component id="oc-7b">
         <name>.debug_frame</name>
         <load_address>0x430</load_address>
         <run_address>0x430</run_address>
         <size>0x80</size>
         <input_file_ref idref="fl-17"/>
      </object_component>
      <object_component id="oc-81">
         <name>.debug_frame</name>
         <load_address>0x4b0</load_address>
         <run_address>0x4b0</run_address>
         <size>0x84</size>
         <input_file_ref idref="fl-18"/>
      </object_component>
      <object_component id="oc-93">
         <name>.debug_frame</name>
         <load_address>0x534</load_address>
         <run_address>0x534</run_address>
         <size>0x124</size>
         <input_file_ref idref="fl-1a"/>
      </object_component>
      <object_component id="oc-c3">
         <name>.debug_frame</name>
         <load_address>0x658</load_address>
         <run_address>0x658</run_address>
         <size>0x54</size>
         <input_file_ref idref="fl-1c"/>
      </object_component>
      <object_component id="oc-6c">
         <name>.debug_frame</name>
         <load_address>0x6ac</load_address>
         <run_address>0x6ac</run_address>
         <size>0x6c</size>
         <input_file_ref idref="fl-1d"/>
      </object_component>
      <object_component id="oc-d5">
         <name>.debug_frame</name>
         <load_address>0x718</load_address>
         <run_address>0x718</run_address>
         <size>0x70</size>
         <input_file_ref idref="fl-1e"/>
      </object_component>
      <object_component id="oc-4a">
         <name>.debug_frame</name>
         <load_address>0x788</load_address>
         <run_address>0x788</run_address>
         <size>0x54</size>
         <input_file_ref idref="fl-db"/>
      </object_component>
      <object_component id="oc-22">
         <name>.debug_frame</name>
         <load_address>0x7dc</load_address>
         <run_address>0x7dc</run_address>
         <size>0x54</size>
         <input_file_ref idref="fl-dc"/>
      </object_component>
      <object_component id="oc-1c">
         <name>.debug_frame</name>
[...]
            <compression>lzss</compression>
         </cprec>
      </cptbl>
   </cptbl_list>
   <handler_table>
      <handler_table_name>__TI_handler_table</handler_table_name>
      <handler>
         <index>0x0</index>
         <name>__TI_decompress_lzss</name>
      </handler>
      <handler>
         <index>0x1</index>
         <name>__TI_decompress_none</name>
      </handler>
      <handler>
         <index>0x2</index>
         <name>__TI_zero_init</name>
      </handler>
   </handler_table>
   <symbol_table>
      <symbol id="sm-1">
         <name>WDTCTL_SYM</name>
         <value>0x4000480c</value>
      </symbol>
      <symbol id="sm-2">
         <name>__start___llvm_prf_cnts</name>
         <value>0x20000000</value>
      </symbol>
      <symbol id="sm-3">
         <name>__stop___llvm_prf_cnts</name>
         <value>0x20000000</value>
      </symbol>
      <symbol id="sm-4">
         <name>__TI_CINIT_Base</name>
         <value>0xf48</value>
      </symbol>
      <symbol id="sm-5">
         <name>__TI_CINIT_Limit</name>
         <value>0xf58</value>
      </symbol>
      <symbol id="sm-6">
         <name>__TI_Handler_Table_Base</name>
         <value>0xf28</value>
      </symbol>
      <symbol id="sm-7">
         <name>__TI_Handler_Table_Limit</name>
         <value>0xf34</value>
      </symbol>
      <symbol id="sm-8">
         <name>binit</name>
         <value>0xffffffff</value>
      </symbol>
      <symbol id="sm-9">
         <name>__binit__</name>
         <value>0xffffffff</value>
      </symbol>
      <symbol id="sm-a">
         <name>__STACK_SIZE</name>
         <value>0x200</value>
      </symbol>
      <symbol id="sm-b">
         <name>__STACK_END</name>
         <value>0x20010000</value>
      </symbol>
      <symbol id="sm-c">
         <name>__SYSMEM_SIZE</name>
         <value>0x400</value>
      </symbol>
      <symbol id="sm-d">
         <name>__c_args__</name>
         <value>0xffffffff</value>
      </symbol>
      <symbol id="sm-e">
         <name>__TI_pprof_out_hndl</name>
         <value>0xffffffff</value>
      </symbol>
      <symbol id="sm-f">
         <name>__TI_prof_data_start</name>
         <value>0xffffffff</value>
      </symbol>
      <symbol id="sm-10">
         <name>__TI_prof_data_size</name>
         <value>0xffffffff</value>
      </symbol>
      <symbol id="sm-bd">
         <name>Messageindexc</name>
         <value>0x20000608</value>
      </symbol>
      <symbol id="sm-be">
         <name>Messagec</name>
         <value>0x20000600</value>
      </symbol>
      <symbol id="sm-bf">
         <name>EUSCIA0_OutUDec</name>
         <value>0x24d</value>
         <object_component_ref idref="oc-88"/>
      </symbol>
      <symbol id="sm-c0">
         <name>EUSCIA0_InUHex</name>
         <value>0x4c5</value>
         <object_component_ref idref="oc-88"/>
      </symbol>
      <symbol id="sm-c1">
         <name>EUSCIA0_OutUHex</name>
         <value>0x58d</value>
         <object_component_ref idref="oc-88"/>
      </symbol>
      <symbol id="sm-c2">
         <name>EUSCIA0_OutUHex2</name>
         <value>0x5f3</value>
         <object_component_ref idref="oc-88"/>
      </symbol>
      <symbol id="sm-c3">
         <name>EUSCIA0_OutString</name>
         <value>0x1ab</value>
         <object_component_ref idref="oc-88"/>
      </symbol>
      <symbol id="sm-c4">
         <name>EUSCIA0_OutChar</name>
         <value>0x15b</value>
         <object_component_ref idref="oc-88"/>
      </symbol>
      <symbol id="sm-c5">
         <name>EUSCIA0_Init</name>
         <value>0xe5</value>
         <object_component_ref idref="oc-88"/>
      </symbol>
      <symbol id="sm-c6">
         <name>EUSCIA0_OutUFix1</name>
         <value>0x451</value>
         <object_component_ref idref="oc-88"/>
      </symbol>
      <symbol id="sm-c7">
         <name>EUSCIA0_OutUFix2</name>
         <value>0x479</value>
         <object_component_ref idref="oc-88"/>
      </symbol>
      <symbol id="sm-c8">
         <name>EUSCIA0outnibble</name>
         <value>0x5d1</value>
         <object_component_ref idref="oc-88"/>
      </symbol>
      <symbol id="sm-c9">
         <name>EUSCIA0_InString</name>
         <value>0x611</value>
         <object_component_ref idref="oc-88"/>
      </symbol>
      <symbol id="sm-ca">
         <name>EUSCIA0_IRQHandler</name>
         <value>0x175</value>
         <object_component_ref idref="oc-88"/>
      </symbol>
      <symbol id="sm-cb">
         <name>EUSCIA0_OutUDec4</name>
         <value>0x3dd</value>
         <object_component_ref idref="oc-88"/>
      </symbol>
      <symbol id="sm-cc">
         <name>EUSCIA0_OutUDec5</name>
         <value>0x415</value>
         <object_component_ref idref="oc-88"/>
      </symbol>
      <symbol id="sm-cd">
         <name>EUSCIA0_InUDec</name>
         <value>0x1c9</value>
         <object_component_ref idref="oc-88"/>
      </symbol>
      <symbol id="sm-ce">
         <name>EUSCIA0_InChar</name>
         <value>0x149</value>
         <object_component_ref idref="oc-88"/>
      </symbol>
      <symbol id="sm-e7">
         <name>TxHistogram</name>
         <value>0x20000500</value>
      </symbol>
      <symbol id="sm-e8">
         <name>RxFifo0_Put</name>
         <value>0xdb1</value>
         <object_component_ref idref="oc-e9"/>
      </symbol>
      <symbol id="sm-e9">
         <name>TxFifo0_Put</name>
         <value>0xd85</value>
         <object_component_ref idref="oc-e9"/>
      </symbol>
      <symbol id="sm-ea">
         <name>RxFifo0_Size</name>
         <value>0xdcb</value>
         <object_component_ref idref="oc-e9"/>
      </symbol>
      <symbol id="sm-eb">
         <name>TxFifo0_Size</name>
         <value>0xdab</value>
         <object_component_ref idref="oc-e9"/>
      </symbol>
      <symbol id="sm-ec">
         <name>RxFifo0_Get</name>
         <value>0xdbf</value>
         <object_component_ref idref="oc-e9"/>
      </symbol>
      <symbol id="sm-ed">
         <name>TxFifo0_Get</name>
         <value>0xd9f</value>
         <object_component_ref idref="oc-e9"/>
      </symbol>
      <symbol id="sm-ee">
         <name>TxFifo0_Init</name>
         <value>0xd5d</value>
         <object_component_ref idref="oc-e9"/>
      </symbol>
      <symbol id="sm-ef">
         <name>RxFifo0_Init</name>
         <value>0xdaf</value>
         <object_component_ref idref="oc-e9"/>
      </symbol>
      <symbol id="sm-10a">
         <name>ta3dummy</name>
         <value>0xeb5</value>
         <object_component_ref idref="oc-82"/>
      </symbol>
      <symbol id="sm-10b">
         <name>TA3_N_IRQHandler</name>
         <value>0xecf</value>
         <object_component_ref idref="oc-82"/>
      </symbol>
      <symbol id="sm-10c">
         <name>TimerA3Capture_Init</name>
         <value>0xec1</value>
         <object_component_ref idref="oc-82"/>
      </symbol>
      <symbol id="sm-10d">
         <name>TA3_0_IRQHandler</name>
         <value>0xecd</value>
         <object_component_ref idref="oc-82"/>
      </symbol>
      <symbol id="sm-126">
         <name>TimerA0Task</name>
         <value>0x20000618</value>
      </symbol>
      <symbol id="sm-127">
         <name>TimerA0_Init</name>
         <value>0xb6d</value>
         <object_component_ref idref="oc-70"/>
      </symbol>
      <symbol id="sm-128">
         <name>TA0_0_IRQHandler</name>
         <value>0xbe7</value>
         <object_component_ref idref="oc-70"/>
      </symbol>
      <symbol id="sm-129">
         <name>TimerA0_Stop</name>
         <value>0xbd1</value>
         <object_component_ref idref="oc-70"/>
      </symbol>
      <symbol id="sm-139">
         <name>TimerA1_Init</name>
         <value>0xeed</value>
         <object_component_ref idref="oc-76"/>
      </symbol>
      <symbol id="sm-13a">
         <name>TA1_0_IRQHandler</name>
         <value>0xefd</value>
         <object_component_ref idref="oc-76"/>
      </symbol>
      <symbol id="sm-13b">
         <name>TimerA1_Stop</name>
         <value>0xefb</value>
         <object_component_ref idref="oc-76"/>
      </symbol>
      <symbol id="sm-154">
         <name>TimerA2Task</name>
         <value>0x2000061c</value>
      </symbol>
      <symbol id="sm-155">
         <name>TimerA2_Init</name>
         <value>0xc19</value>
         <object_component_ref idref="oc-7c"/>
      </symbol>
      <symbol id="sm-156">
         <name>TA2_0_IRQHandler</name>
         <value>0xc8b</value>
         <object_component_ref idref="oc-7c"/>
      </symbol>
      <symbol id="sm-157">
         <name>TimerA2_Stop</name>
         <value>0xc77</value>
         <object_component_ref idref="oc-7c"/>
      </symbol>
      <symbol id="sm-189">
         <name>RxPutI</name>
         <value>0x20000614</value>
      </symbol>
      <symbol id="sm-18a">
         <name>RxGetI</name>
         <value>0x20000610</value>
      </symbol>
      <symbol id="sm-18b">
         <name>RxFifoLost</name>
         <value>0x2000060c</value>
      </symbol>
      <symbol id="sm-18c">
         <name>RxFIFO</name>
         <value>0x20000400</value>
      </symbol>
      <symbol id="sm-18d">
         <name>RxFifo_Get</name>
         <value>0xa21</value>
         <object_component_ref idref="oc-8e"/>
      </symbol>
      <symbol id="sm-18e">
         <name>UART1_OutChar</name>
         <value>0xad5</value>
         <object_component_ref idref="oc-8e"/>
      </symbol>
      <symbol id="sm-18f">
         <name>UART1_InChar</name>
         <value>0xac3</value>
         <object_component_ref idref="oc-8e"/>
      </symbol>
      <symbol id="sm-190">
         <name>UART1_InStatus</name>
         <value>0xa57</value>
         <object_component_ref idref="oc-8e"/>
      </symbol>
      <symbol id="sm-191">
         <name>EUSCIA2_IRQHandler</name>
         <value>0xaf1</value>
         <object_component_ref idref="oc-8e"/>
      </symbol>
      <symbol id="sm-192">
         <name>UART1_OutString</name>
         <value>0xb07</value>
         <object_component_ref idref="oc-8e"/>
      </symbol>
      <symbol id="sm-193">
         <name>RxFifo_Put</name>
         <value>0x9db</value>
         <object_component_ref idref="oc-8e"/>
      </symbol>
      <symbol id="sm-194">
         <name>UART1_Init</name>
         <value>0xa67</value>
         <object_component_ref idref="oc-8e"/>
      </symbol>
      <symbol id="sm-195">
         <name>UART1_FinishOutput</name>
         <value>0xb25</value>
         <object_component_ref idref="oc-8e"/>
      </symbol>
      <symbol id="sm-196">
         <name>RxFifo_Init</name>
         <value>0x9c9</value>
         <object_component_ref idref="oc-8e"/>
      </symbol>
      <symbol id="sm-1a1">
         <name>main</name>
         <value>0x69b</value>
         <object_component_ref idref="oc-be"/>
      </symbol>
      <symbol id="sm-1b6">
         <name>Reset_Handler</name>
         <value>0xf0d</value>
         <object_component_ref idref="oc-6a"/>
      </symbol>
      <symbol id="sm-1b7">
         <name>Default_Handler</name>
         <value>0xf19</value>
         <object_component_ref idref="oc-6a"/>
      </symbol>
      <symbol id="sm-1b8">
         <name>interruptVectors</name>
         <value>0x0</value>
         <object_component_ref idref="oc-26"/>
      </symbol>
      <symbol id="sm-1fe">
         <name>SystemInit</name>
         <value>0x911</value>
         <object_component_ref idref="oc-d0"/>
      </symbol>
      <symbol id="sm-1ff">
         <name>SystemCoreClockUpdate</name>
         <value>0x69d</value>
         <object_component_ref idref="oc-d0"/>
      </symbol>
      <symbol id="sm-200">
         <name>SystemCoreClock</name>
         <value>0x20000620</value>
         <object_component_ref idref="oc-15d"/>
      </symbol>
      <symbol id="sm-221">
         <name>__TI_zero_init_nomemset</name>
         <value>0xed1</value>
         <object_component_ref idref="oc-46"/>
      </symbol>
      <symbol id="sm-238">
         <name>__TI_decompress_none</name>
         <value>0xeff</value>
         <object_component_ref idref="oc-1d"/>
      </symbol>
      <symbol id="sm-25b">
         <name>__TI_decompress_lzss</name>
         <value>0xdd5</value>
         <object_component_ref idref="oc-17"/>
      </symbol>
      <symbol id="sm-266">
         <name>C$$EXIT</name>
         <value>0xf1f</value>
         <object_component_ref idref="oc-11f"/>
      </symbol>
      <symbol id="sm-267">
         <name>abort</name>
         <value>0xf1f</value>
         <object_component_ref idref="oc-11f"/>
      </symbol>
      <symbol id="sm-279">
         <name>_sys_memory</name>
         <value>0x20000000</value>
         <object_component_ref idref="oc-29"/>
      </symbol>
      <symbol id="sm-28e">
         <name>__stack</name>
         <value>0x2000fe00</value>
         <object_component_ref idref="oc-2c"/>
      </symbol>
      <symbol id="sm-28f">
         <name>_c_int00_noargs</name>
         <value>0xe81</value>
         <object_component_ref idref="oc-58"/>
      </symbol>
      <symbol id="sm-2ad">
         <name>memcpy</name>
         <value>0xcc1</value>
         <object_component_ref idref="oc-3a"/>
      </symbol>
      <symbol id="sm-2ae">
         <name>__aeabi_memcpy</name>
         <value>0xcc1</value>
         <object_component_ref idref="oc-3a"/>
      </symbol>
      <symbol id="sm-2af">
         <name>__aeabi_memcpy8</name>
         <value>0xcc1</value>
         <object_component_ref idref="oc-3a"/>
      </symbol>
      <symbol id="sm-2b0">
         <name>__aeabi_memcpy4</name>
         <value>0xcc1</value>
         <object_component_ref idref="oc-3a"/>
      </symbol>
      <symbol id="sm-2d8">
         <name>__TI_auto_init_nobinit_nopinit</name>
         <value>0xe3d</value>
         <object_component_ref idref="oc-12b"/>
      </symbol>
      <symbol id="sm-2e2">
         <name>_system_pre_init</name>
         <value>0xf1b</value>
         <object_component_ref idref="oc-b8"/>
      </symbol>
      <symbol id="sm-2f7">
         <name>__TI_static_base__</name>
         <value>0x0</value>
      </symbol>
      <symbol id="sm-2fa">
         <name>__mpu_init</name>
         <value>0x0</value>
      </symbol>
      <symbol id="sm-2fb">
         <name>_system_post_cinit</name>
         <value>0x0</value>
      </symbol>
      <symbol id="sm-2fc">
         <name>NMI_Handler</name>
         <value>0xf19</value>
      </symbol>
      <symbol id="sm-2fd">
         <name>HardFault_Handler</name>
         <value>0xf19</value>
      </symbol>
      <symbol id="sm-2fe">
         <name>MemManage_Handler</name>
         <value>0xf19</value>
      </symbol>
      <symbol id="sm-2ff">
         <name>BusFault_Handler</name>
         <value>0xf19</value>
      </symbol>
      <symbol id="sm-300">
         <name>UsageFault_Handler</name>
         <value>0xf19</value>
      </symbol>
      <symbol id="sm-301">
         <name>SVC_Handler</name>
         <value>0xf19</value>
      </symbol>
      <symbol id="sm-302">
         <name>DebugMon_Handler</name>
         <value>0xf19</value>
      </symbol>
      <symbol id="sm-303">
         <name>PendSV_Handler</name>
         <value>0xf19</value>
      </symbol>
      <symbol id="sm-304">
         <name>SysTick_Handler</name>
         <value>0xf19</value>
      </symbol>
      <symbol id="sm-305">
         <name>PSS_IRQHandler</name>
         <value>0xf19</value>
      </symbol>
      <symbol id="sm-306">
         <name>CS_IRQHandler</name>
         <value>0xf19</value>
      </symbol>
      <symbol id="sm-307">
         <name>PCM_IRQHandler</name>
         <value>0xf19</value>
      </symbol>
      <symbol id="sm-308">
         <name>WDT_A_IRQHandler</name>
         <value>0xf19</value>
      </symbol>
      <symbol id="sm-309">
         <name>FPU_IRQHandler</name>
         <value>0xf19</value>
      </symbol>
      <symbol id="sm-30a">
         <name>FLCTL_IRQHandler</name>
         <value>0xf19</value>
      </symbol>
      <symbol id="sm-30b">
         <name>COMP_E0_IRQHandler</name>
         <value>0xf19</value>
      </symbol>
      <symbol id="sm-30c">
         <name>COMP_E1_IRQHandler</name>
         <value>0xf19</value>
      </symbol>
      <symbol id="sm-30d">
         <name>TA0_0_IRQHandler</name>
         <value>0xbe7</value>
      </symbol>
      <symbol id="sm-30e">
         <name>TA0_N_IRQHandler</name>
         <value>0xf19</value>
      </symbol>
      <symbol id="sm-30f">
         <name>TA1_0_IRQHandler</name>
         <value>0xefd</value>
      </symbol>
      <symbol id="sm-310">
         <name>TA1_N_IRQHandler</name>
         <value>0xf19</value>
      </symbol>
      <symbol id="sm-311">
         <name>TA2_0_IRQHandler</name>
         <value>0xc8b</value>
      </symbol>
      <symbol id="sm-312">
         <name>TA2_N_IRQHandler</name>
         <value>0xf19</value>
      </symbol>
      <symbol id="sm-313">
         <name>TA3_0_IRQHandler</name>
         <value>0xecd</value>
      </symbol>
      <symbol id="sm-314">
         <name>TA3_N_IRQHandler</name>
         <value>0xecf</value>
      </symbol>
      <symbol id="sm-315">
         <name>EUSCIA0_IRQHandler</name>
         <value>0x175</value>
      </symbol>
      <symbol id="sm-316">
         <name>EUSCIA1_IRQHandler</name>
         <value>0xf19</value>
      </symbol>
      <symbol id="sm-317">
         <name>EUSCIA2_IRQHandler</name>
         <value>0xaf1</value>
      </symbol>
      <symbol id="sm-318">
         <name>EUSCIA3_IRQHandler</name>
         <value>0xf19</value>
      </symbol>
      <symbol id="sm-319">
         <name>EUSCIB0_IRQHandler</name>
         <value>0xf19</value>
      </symbol>
      <symbol id="sm-31a">
         <name>EUSCIB1_IRQHandler</name>
         <value>0xf19</value>
      </symbol>
      <symbol id="sm-31b">
         <name>EUSCIB2_IRQHandler</name>
         <value>0xf19</value>
      </symbol>
      <symbol id="sm-31c">
         <name>EUSCIB3_IRQHandler</name>
         <value>0xf19</value>
      </symbol>
      <symbol id="sm-31d">
         <name>ADC14_IRQHandler</name>
         <value>0xf19</value>
      </symbol>
      <symbol id="sm-31e">
         <name>T32_INT1_IRQHandler</name>
         <value>0xf19</value>
      </symbol>
      <symbol id="sm-31f">
         <name>T32_INT2_IRQHandler</name>
         <value>0xf19</value>
      </symbol>
      <symbol id="sm-320">
         <name>T32_INTC_IRQHandler</name>
         <value>0xf19</value>
      </symbol>
      <symbol id="sm-321">
         <name>AES256_IRQHandler</name>
         <value>0xf19</value>
      </symbol>
      <symbol id="sm-322">
         <name>RTC_C_IRQHandler</name>
         <value>0xf19</value>
      </symbol>
      <symbol id="sm-323">
         <name>DMA_ERR_IRQHandler</name>
         <value>0xf19</value>
      </symbol>
      <symbol id="sm-324">
         <name>DMA_INT3_IRQHandler</name>
         <value>0xf19</value>
      </symbol>
      <symbol id="sm-325">
         <name>DMA_INT2_IRQHandler</name>
         <value>0xf19</value>
      </symbol>
      <symbol id="sm-326">
         <name>DMA_INT1_IRQHandler</name>
         <value>0xf19</value>
      </symbol>
      <symbol id="sm-327">
         <name>DMA_INT0_IRQHandler</name>
         <value>0xf19</value>
      </symbol>
      <symbol id="sm-328">
         <name>PORT1_IRQHandler</name>
         <value>0xf19</value>
      </symbol>
      <symbol id="sm-329">
         <name>PORT2_IRQHandler</name>
         <value>0xf19</value>
      </symbol>
      <symbol id="sm-32a">
         <name>PORT3_IRQHandler</name>
         <value>0xf19</value>
      </symbol>
      <symbol id="sm-32b">
         <name>PORT4_IRQHandler</name>
         <value>0xf19</value>
      </symbol>
      <symbol id="sm-32c">
         <name>PORT5_IRQHandler</name>
         <value>0xf19</value>
      </symbol>
      <symbol id="sm-32d">
         <name>PORT6_IRQHandler</name>
         <value>0xf19</value>
      </symbol>
   </symbol_table>
   <title>Link successful</title>
</link_info>
