<?xml version="1.0" encoding="ISO-8859-1" ?>
<link_info>
   <banner>TI ARM Linker Unix v20.2.6.LTS</banner>
   <copyright>Copyright (c) 1996-2018 Texas Instruments Incorporated</copyright>
   <link_time>0x647a2d27</link_time>
   <link_errors>0x0</link_errors>
   <output_file>Lab07_FSM.out</output_file>
   <entry_point>
      <name>_c_int00_noargs</name>
      <address>0xd49</address>
   </entry_point>
   <input_file_list>
      <input_file id="fl-1">
         <path>./</path>
         <kind>object</kind>
         <file>Clock.obj</file>
         <name>Clock.obj</name>
      </input_file>
      <input_file id="fl-2">
         <path>./</path>
         <kind>object</kind>
         <file>CortexM.obj</file>
         <name>CortexM.obj</name>
      </input_file>
      <input_file id="fl-3">
         <path>./</path>
         <kind>object</kind>
         <file>FlashProgram.obj</file>
         <name>FlashProgram.obj</name>
      </input_file>
      <input_file id="fl-4">
         <path>./</path>
         <kind>object</kind>
         <file>Lab07_FSMmain.obj</file>
         <name>Lab07_FSMmain.obj</name>
      </input_file>
      <input_file id="fl-5">
         <path>./</path>
         <kind>object</kind>
         <file>LaunchPad.obj</file>
         <name>LaunchPad.obj</name>
      </input_file>
      <input_file id="fl-6">
         <path>./</path>
         <kind>object</kind>
         <file>Motor.obj</file>
         <name>Motor.obj</name>
      </input_file>
      <input_file id="fl-7">
         <path>./</path>
         <kind>object</kind>
         <file>PWM.obj</file>
         <name>PWM.obj</name>
      </input_file>
      <input_file id="fl-8">
         <path>./</path>
         <kind>object</kind>
         <file>Reflectance.obj</file>
         <name>Reflectance.obj</name>
      </input_file>
      <input_file id="fl-9">
         <path>./</path>
         <kind>object</kind>
         <file>SysTick.obj</file>
         <name>SysTick.obj</name>
      </input_file>
      <input_file id="fl-a">
         <path>./</path>
         <kind>object</kind>
         <file>SysTickInts.obj</file>
         <name>SysTickInts.obj</name>
      </input_file>
      <input_file id="fl-b">
         <path>./</path>
         <kind>object</kind>
         <file>startup_msp432p401r_ccs.obj</file>
         <name>startup_msp432p401r_ccs.obj</name>
      </input_file>
      <input_file id="fl-c">
         <path>./</path>
         <kind>object</kind>
         <file>system_msp432p401r.obj</file>
         <name>system_msp432p401r.obj</name>
      </input_file>
      <input_file id="fl-10">
         <kind>object</kind>
         <file>&lt;internal&gt;</file>
         <name>&lt;internal&gt;</name>
      </input_file>
      <input_file id="fl-c6">
         <path>/Applications/ti/ccs1200/ccs/tools/compiler/ti-cgt-arm_20.2.6.LTS/lib/</path>
         <kind>archive</kind>
         <file>rtsv7M4_T_le_v4SPD16_eabi.lib</file>
         <name>copy_zero_init.c.obj</name>
      </input_file>
      <input_file id="fl-c7">
         <path>/Applications/ti/ccs1200/ccs/tools/compiler/ti-cgt-arm_20.2.6.LTS/lib/</path>
         <kind>archive</kind>
         <file>rtsv7M4_T_le_v4SPD16_eabi.lib</file>
         <name>copy_decompress_none.c.obj</name>
      </input_file>
      <input_file id="fl-c8">
         <path>/Applications/ti/ccs1200/ccs/tools/compiler/ti-cgt-arm_20.2.6.LTS/lib/</path>
         <kind>archive</kind>
         <file>rtsv7M4_T_le_v4SPD16_eabi.lib</file>
         <name>copy_decompress_lzss.c.obj</name>
      </input_file>
      <input_file id="fl-c9">
         <path>/Applications/ti/ccs1200/ccs/tools/compiler/ti-cgt-arm_20.2.6.LTS/lib/</path>
         <kind>archive</kind>
         <file>rtsv7M4_T_le_v4SPD16_eabi.lib</file>
         <name>boot_cortex_m.c.obj</name>
      </input_file>
      <input_file id="fl-ca">
         <path>/Applications/ti/ccs1200/ccs/tools/compiler/ti-cgt-arm_20.2.6.LTS/lib/</path>
         <kind>archive</kind>
         <file>rtsv7M4_T_le_v4SPD16_eabi.lib</file>
         <name>memcpy_t2.asm.obj</name>
      </input_file>
      <input_file id="fl-cb">
         <path>/Applications/ti/ccs1200/ccs/tools/compiler/ti-cgt-arm_20.2.6.LTS/lib/</path>
         <kind>archive</kind>
         <file>rtsv7M4_T_le_v4SPD16_eabi.lib</file>
         <name>memset_t2.asm.obj</name>
      </input_file>
      <input_file id="fl-cc">
         <path>/Applications/ti/ccs1200/ccs/tools/compiler/ti-cgt-arm_20.2.6.LTS/lib/</path>
         <kind>archive</kind>
         <file>rtsv7M4_T_le_v4SPD16_eabi.lib</file>
         <name>autoinit.c.obj</name>
      </input_file>
      <input_file id="fl-cd">
         <path>/Applications/ti/ccs1200/ccs/tools/compiler/ti-cgt-arm_20.2.6.LTS/lib/</path>
         <kind>archive</kind>
         <file>rtsv7M4_T_le_v4SPD16_eabi.lib</file>
         <name>pre_init.c.obj</name>
      </input_file>
      <input_file id="fl-ce">
         <path>/Applications/ti/ccs1200/ccs/tools/compiler/ti-cgt-arm_20.2.6.LTS/lib/</path>
         <kind>archive</kind>
         <file>rtsv7M4_T_le_v4SPD16_eabi.lib</file>
         <name>cpy_tbl.c.obj</name>
      </input_file>
      <input_file id="fl-cf">
         <path>/Applications/ti/ccs1200/ccs/tools/compiler/ti-cgt-arm_20.2.6.LTS/lib/</path>
         <kind>archive</kind>
         <file>rtsv7M4_T_le_v4SPD16_eabi.lib</file>
         <name>exit.c.obj</name>
      </input_file>
      <input_file id="fl-d0">
         <path>/Applications/ti/ccs1200/ccs/tools/compiler/ti-cgt-arm_20.2.6.LTS/lib/</path>
         <kind>archive</kind>
         <file>rtsv7M4_T_le_v4SPD16_eabi.lib</file>
         <name>_lock.c.obj</name>
      </input_file>
      <input_file id="fl-d1">
         <path>/Applications/ti/ccs1200/ccs/tools/compiler/ti-cgt-arm_20.2.6.LTS/lib/</path>
         <kind>archive</kind>
         <file>rtsv7M4_T_le_v4SPD16_eabi.lib</file>
         <name>args_main.c.obj</name>
      </input_file>
   </input_file_list>
   <object_component_list>
      <object_component id="oc-26">
         <name>.intvecs:retain</name>
         <load_address>0x0</load_address>
         <run_address>0x0</run_address>
         <size>0xe4</size>
         <input_file_ref idref="fl-b"/>
      </object_component>
      <object_component id="oc-a5">
         <name>.text</name>
         <load_address>0xe4</load_address>
         <run_address>0xe4</run_address>
         <size>0x32c</size>
         <input_file_ref idref="fl-c"/>
      </object_component>
      <object_component id="oc-b2">
         <name>.text</name>
         <load_address>0x410</load_address>
         <run_address>0x410</run_address>
         <size>0x1e0</size>
         <input_file_ref idref="fl-1"/>
      </object_component>
      <object_component id="oc-c4">
         <name>.text</name>
         <load_address>0x5f0</load_address>
         <run_address>0x5f0</run_address>
         <size>0x17c</size>
         <input_file_ref idref="fl-6"/>
      </object_component>
      <object_component id="oc-ac">
         <name>.text</name>
         <load_address>0x76c</load_address>
         <run_address>0x76c</run_address>
         <size>0x160</size>
         <input_file_ref idref="fl-8"/>
      </object_component>
      <object_component id="oc-6d">
         <name>.text</name>
         <load_address>0x8cc</load_address>
         <run_address>0x8cc</run_address>
         <size>0x110</size>
         <input_file_ref idref="fl-4"/>
      </object_component>
      <object_component id="oc-b8">
         <name>.text</name>
         <load_address>0x9dc</load_address>
         <run_address>0x9dc</run_address>
         <size>0xf8</size>
         <input_file_ref idref="fl-5"/>
      </object_component>
      <object_component id="oc-140">
         <name>.text</name>
         <load_address>0xad4</load_address>
         <run_address>0xad4</run_address>
         <size>0xec</size>
         <input_file_ref idref="fl-7"/>
      </object_component>
      <object_component id="oc-37">
         <name>.text</name>
         <load_address>0xbc0</load_address>
         <run_address>0xbc0</run_address>
         <size>0x9c</size>
         <input_file_ref idref="fl-ca"/>
      </object_component>
      <object_component id="oc-17">
         <name>.text:decompress:lzss:__TI_decompress_lzss</name>
         <load_address>0xc5c</load_address>
         <run_address>0xc5c</run_address>
         <size>0x68</size>
         <input_file_ref idref="fl-c8"/>
      </object_component>
      <object_component id="oc-fe">
         <name>.text:__TI_auto_init_nobinit_nopinit:__TI_auto_init_nobinit_nopinit</name>
         <load_address>0xcc4</load_address>
         <run_address>0xcc4</run_address>
         <size>0x44</size>
         <input_file_ref idref="fl-cc"/>
      </object_component>
      <object_component id="oc-be">
         <name>.text</name>
         <load_address>0xd08</load_address>
         <run_address>0xd08</run_address>
         <size>0x40</size>
         <input_file_ref idref="fl-a"/>
      </object_component>
      <object_component id="oc-55">
         <name>.text:_c_int00_noargs:_c_int00_noargs</name>
         <load_address>0xd48</load_address>
         <run_address>0xd48</run_address>
         <size>0x34</size>
         <input_file_ref idref="fl-c9"/>
      </object_component>
      <object_component id="oc-ca">
         <name>.text</name>
         <load_address>0xd7c</load_address>
         <run_address>0xd7c</run_address>
         <size>0x24</size>
         <input_file_ref idref="fl-2"/>
      </object_component>
      <object_component id="oc-43">
         <name>.text:decompress:ZI:__TI_zero_init_nomemset:__TI_zero_init_nomemset</name>
         <load_address>0xda0</load_address>
         <run_address>0xda0</run_address>
         <size>0x1c</size>
         <input_file_ref idref="fl-c6"/>
      </object_component>
      <object_component id="oc-1d">
         <name>.text:decompress:none:__TI_decompress_none</name>
         <load_address>0xdbc</load_address>
         <run_address>0xdbc</run_address>
         <size>0xe</size>
         <input_file_ref idref="fl-c7"/>
      </object_component>
      <object_component id="oc-67">
         <name>.text</name>
         <load_address>0xdca</load_address>
         <run_address>0xdca</run_address>
         <size>0xe</size>
         <input_file_ref idref="fl-b"/>
      </object_component>
      <object_component id="oc-93">
         <name>.text:_system_pre_init</name>
         <load_address>0xdd8</load_address>
         <run_address>0xdd8</run_address>
         <size>0x4</size>
         <input_file_ref idref="fl-cd"/>
      </object_component>
      <object_component id="oc-f2">
         <name>.text:abort:abort</name>
         <load_address>0xddc</load_address>
         <run_address>0xddc</run_address>
         <size>0x4</size>
         <input_file_ref idref="fl-cf"/>
      </object_component>
      <object_component id="oc-d7">
         <name>.const:fsm</name>
         <load_address>0xde0</load_address>
         <run_address>0xde0</run_address>
         <size>0x140</size>
         <input_file_ref idref="fl-4"/>
      </object_component>
      <object_component id="oc-1ee">
         <name>.cinit..data.load</name>
         <load_address>0xf20</load_address>
         <run_address>0xf20</run_address>
         <size>0xd</size>
      </object_component>
      <object_component id="oc-1ec">
         <name>__TI_handler_table</name>
         <load_address>0xf30</load_address>
         <run_address>0xf30</run_address>
         <size>0xc</size>
      </object_component>
      <object_component id="oc-1ef">
         <name>.cinit..bss.load</name>
         <load_address>0xf40</load_address>
         <run_address>0xf40</run_address>
         <size>0x8</size>
      </object_component>
      <object_component id="oc-1ed">
         <name>__TI_cinit_table</name>
         <load_address>0xf48</load_address>
         <run_address>0xf48</run_address>
         <size>0x10</size>
      </object_component>
      <object_component id="oc-1c0">
         <name>.binit</name>
         <load_address>0x0</load_address>
         <run_address>0x0</run_address>
         <size>0x0</size>
      </object_component>
      <object_component id="oc-13a">
         <name>.data</name>
         <load_address>0x20000000</load_address>
         <run_address>0x20000000</run_address>
         <size>0x18</size>
         <input_file_ref idref="fl-1"/>
      </object_component>
      <object_component id="oc-130">
         <name>.data</name>
         <load_address>0x20000018</load_address>
         <run_address>0x20000018</run_address>
         <size>0x4</size>
         <input_file_ref idref="fl-c"/>
      </object_component>
      <object_component id="oc-d6">
         <name>.common:Spt</name>
         <uninitialized>true</uninitialized>
         <run_address>0x20000020</run_address>
         <size>0x4</size>
      </object_component>
      <object_component id="oc-d5">
         <name>.common:Delay</name>
         <uninitialized>true</uninitialized>
         <run_address>0x2000001c</run_address>
         <size>0x4</size>
      </object_component>
      <object_component id="oc-d0">
         <name>.common:mScnt</name>
         <uninitialized>true</uninitialized>
         <run_address>0x20000026</run_address>
         <size>0x1</size>
      </object_component>
      <object_component id="oc-d3">
         <name>.common:Data</name>
         <uninitialized>true</uninitialized>
         <run_address>0x20000024</run_address>
         <size>0x1</size>
      </object_component>
      <object_component id="oc-d4">
         <name>.common:DataValid</name>
         <uninitialized>true</uninitialized>
         <run_address>0x20000025</run_address>
         <size>0x1</size>
      </object_component>
      <object_component id="oc-29">
         <name>.stack</name>
         <uninitialized>true</uninitialized>
         <run_address>0x2000fe00</run_address>
         <size>0x4</size>
         <input_file_ref idref="fl-c9"/>
      </object_component>
      <object_component id="oc-1f1">
         <name>.stack</name>
         <uninitialized>true</uninitialized>
         <run_address>0x2000fe00</run_address>
         <size>0x0</size>
      </object_component>
      <object_component id="oc-160">
         <name>.debug_info</name>
         <load_address>0x0</load_address>
         <run_address>0x0</run_address>
         <size>0x57e</size>
         <input_file_ref idref="fl-1"/>
      </object_component>
      <object_component id="oc-13b">
         <name>.debug_info</name>
         <load_address>0x57e</load_address>
         <run_address>0x57e</run_address>
         <size>0x1da</size>
         <input_file_ref idref="fl-1"/>
      </object_component>
      <object_component id="oc-b3">
         <name>.debug_info</name>
         <load_address>0x758</load_address>
         <run_address>0x758</run_address>
         <size>0x54c</size>
         <input_file_ref idref="fl-1"/>
      </object_component>
      <object_component id="oc-188">
         <name>.debug_info</name>
         <load_address>0xca4</load_address>
         <run_address>0xca4</run_address>
         <size>0x37e2</size>
         <input_file_ref idref="fl-1"/>
      </object_component>
      <object_component id="oc-dd">
         <name>.debug_info</name>
         <load_address>0x4486</load_address>
         <run_address>0x4486</run_address>
         <size>0x26b</size>
         <input_file_ref idref="fl-1"/>
      </object_component>
      <object_component id="oc-14f">
         <name>.debug_info</name>
         <load_address>0x46f1</load_address>
         <run_address>0x46f1</run_address>
         <size>0x1055</size>
         <input_file_ref idref="fl-1"/>
      </object_component>
      <object_component id="oc-32">
         <name>.debug_info</name>
         <load_address>0x5746</load_address>
         <run_address>0x5746</run_address>
         <size>0x84</size>
         <input_file_ref idref="fl-1"/>
      </object_component>
      <object_component id="oc-15b">
         <name>.debug_info</name>
         <load_address>0x57ca</load_address>
         <run_address>0x57ca</run_address>
         <size>0x2a4</size>
         <input_file_ref idref="fl-1"/>
      </object_component>
      <object_component id="oc-134">
         <name>.debug_info</name>
         <load_address>0x5a6e</load_address>
         <run_address>0x5a6e</run_address>
         <size>0xbb</size>
         <input_file_ref idref="fl-1"/>
      </object_component>
      <object_component id="oc-cb">
         <name>.debug_info</name>
         <load_address>0x5b29</load_address>
         <run_address>0x5b29</run_address>
         <size>0x50d</size>
         <input_file_ref idref="fl-2"/>
      </object_component>
      <object_component id="oc-d1">
         <name>.debug_info</name>
         <load_address>0x6036</load_address>
         <run_address>0x6036</run_address>
         <size>0x834</size>
         <input_file_ref idref="fl-4"/>
      </object_component>
      <object_component id="oc-d8">
         <name>.debug_info</name>
         <load_address>0x686a</load_address>
         <run_address>0x686a</run_address>
         <size>0xea</size>
         <input_file_ref idref="fl-4"/>
      </object_component>
      <object_component id="oc-6e">
         <name>.debug_info</name>
         <load_address>0x6954</load_address>
         <run_address>0x6954</run_address>
         <size>0x2a3</size>
         <input_file_ref idref="fl-4"/>
      </object_component>
      <object_component id="oc-14a">
         <name>.debug_info</name>
         <load_address>0x6bf7</load_address>
         <run_address>0x6bf7</run_address>
         <size>0x37e2</size>
         <input_file_ref idref="fl-4"/>
      </object_component>
      <object_component id="oc-154">
         <name>.debug_info</name>
         <load_address>0xa3d9</load_address>
         <run_address>0xa3d9</run_address>
         <size>0xb2</size>
         <input_file_ref idref="fl-4"/>
      </object_component>
      <object_component id="oc-ba">
         <name>.debug_info</name>
         <load_address>0xa48b</load_address>
         <run_address>0xa48b</run_address>
         <size>0x49c</size>
         <input_file_ref idref="fl-5"/>
      </object_component>
      <object_component id="oc-c8">
         <name>.debug_info</name>
         <load_address>0xa927</load_address>
         <run_address>0xa927</run_address>
         <size>0x7f1</size>
         <input_file_ref idref="fl-6"/>
      </object_component>
      <object_component id="oc-141">
         <name>.debug_info</name>
         <load_address>0xb118</load_address>
         <run_address>0xb118</run_address>
         <size>0x400</size>
         <input_file_ref idref="fl-7"/>
      </object_component>
      <object_component id="oc-b0">
         <name>.debug_info</name>
         <load_address>0xb518</load_address>
         <run_address>0xb518</run_address>
         <size>0x73a</size>
         <input_file_ref idref="fl-8"/>
      </object_component>
      <object_component id="oc-c0">
         <name>.debug_info</name>
         <load_address>0xbc52</load_address>
         <run_address>0xbc52</run_address>
         <size>0x249</size>
         <input_file_ref idref="fl-a"/>
      </object_component>
      <object_component id="oc-75">
         <name>.debug_info</name>
         <load_address>0xbe9b</load_address>
         <run_address>0xbe9b</run_address>
         <size>0x2e2</size>
         <input_file_ref idref="fl-b"/>
      </object_component>
      <object_component id="oc-27">
         <name>.debug_info</name>
         <load_address>0xc17d</load_address>
         <run_address>0xc17d</run_address>
         <size>0x10e</size>
         <input_file_ref idref="fl-b"/>
      </object_component>
      <object_component id="oc-69">
         <name>.debug_info</name>
         <load_address>0xc28b</load_address>
         <run_address>0xc28b</run_address>
         <size>0x1d5</size>
         <input_file_ref idref="fl-b"/>
      </object_component>
      <object_component id="oc-131">
         <name>.debug_info</name>
         <load_address>0xc460</load_address>
         <run_address>0xc460</run_address>
         <size>0x107</size>
         <input_file_ref idref="fl-c"/>
      </object_component>
      <object_component id="oc-a8">
         <name>.debug_info</name>
         <load_address>0xc567</load_address>
         <run_address>0xc567</run_address>
         <size>0x279</size>
         <input_file_ref idref="fl-c"/>
      </object_component>
      <object_component id="oc-8c">
         <name>.debug_info</name>
         <load_address>0xc7e0</load_address>
         <run_address>0xc7e0</run_address>
         <size>0x2d4</size>
         <input_file_ref idref="fl-c6"/>
      </object_component>
      <object_component id="oc-47">
         <name>.debug_info</name>
         <load_address>0xcab4</load_address>
         <run_address>0xcab4</run_address>
         <size>0x1d2</size>
         <input_file_ref idref="fl-c6"/>
      </object_component>
      <object_component id="oc-87">
         <name>.debug_info</name>
         <load_address>0xcc86</load_address>
         <run_address>0xcc86</run_address>
         <size>0x46</size>
         <input_file_ref idref="fl-c6"/>
      </object_component>
      <object_component id="oc-e9">
         <name>.debug_info</name>
         <load_address>0xcccc</load_address>
         <run_address>0xcccc</run_address>
         <size>0x2c</size>
         <input_file_ref idref="fl-c6"/>
      </object_component>
      <object_component id="oc-42">
         <name>.debug_info</name>
         <load_address>0xccf8</load_address>
         <run_address>0xccf8</run_address>
         <size>0x2a8</size>
         <input_file_ref idref="fl-c7"/>
      </object_component>
      <object_component id="oc-1e">
         <name>.debug_info</name>
         <load_address>0xcfa0</load_address>
         <run_address>0xcfa0</run_address>
         <size>0x1ea</size>
         <input_file_ref idref="fl-c7"/>
      </object_component>
      <object_component id="oc-3d">
         <name>.debug_info</name>
         <load_address>0xd18a</load_address>
         <run_address>0xd18a</run_address>
         <size>0x46</size>
         <input_file_ref idref="fl-c7"/>
      </object_component>
      <object_component id="oc-7f">
         <name>.debug_info</name>
         <load_address>0xd1d0</load_address>
         <run_address>0xd1d0</run_address>
         <size>0x2c</size>
         <input_file_ref idref="fl-c7"/>
      </object_component>
      <object_component id="oc-7d">
         <name>.debug_info</name>
         <load_address>0xd1fc</load_address>
         <run_address>0xd1fc</run_address>
         <size>0x29e</size>
         <input_file_ref idref="fl-c8"/>
      </object_component>
      <object_component id="oc-1b">
         <name>.debug_info</name>
         <load_address>0xd49a</load_address>
         <run_address>0xd49a</run_address>
         <size>0x250</size>
         <input_file_ref idref="fl-c8"/>
      </object_component>
      <object_component id="oc-2d">
         <name>.debug_info</name>
         <load_address>0xd6ea</load_address>
         <run_address>0xd6ea</run_address>
         <size>0x60</size>
         <input_file_ref idref="fl-c8"/>
      </object_component>
      <object_component id="oc-e2">
         <name>.debug_info</name>
         <load_address>0xd74a</load_address>
         <run_address>0xd74a</run_address>
         <size>0x46</size>
         <input_file_ref idref="fl-c8"/>
      </object_component>
      <object_component id="oc-78">
         <name>.debug_info</name>
         <load_address>0xd790</load_address>
         <run_address>0xd790</run_address>
         <size>0x39</size>
         <input_file_ref idref="fl-c8"/>
      </object_component>
      <object_component id="oc-2a">
         <name>.debug_info</name>
         <load_address>0xd7c9</load_address>
         <run_address>0xd7c9</run_address>
         <size>0x10b</size>
         <input_file_ref idref="fl-c9"/>
      </object_component>
      <object_component id="oc-58">
         <name>.debug_info</name>
         <load_address>0xd8d4</load_address>
         <run_address>0xd8d4</run_address>
         <size>0x1a9</size>
         <input_file_ref idref="fl-c9"/>
      </object_component>
      <object_component id="oc-39">
         <name>.debug_info</name>
         <load_address>0xda7d</load_address>
         <run_address>0xda7d</run_address>
         <size>0x119</size>
         <input_file_ref idref="fl-ca"/>
      </object_component>
      <object_component id="oc-16c">
         <name>.debug_info</name>
         <load_address>0xdb96</load_address>
         <run_address>0xdb96</run_address>
         <size>0x4b3</size>
         <input_file_ref idref="fl-cc"/>
      </object_component>
      <object_component id="oc-102">
         <name>.debug_info</name>
         <load_address>0xe049</load_address>
         <run_address>0xe049</run_address>
         <size>0x1a6</size>
         <input_file_ref idref="fl-cc"/>
      </object_component>
      <object_component id="oc-19d">
         <name>.debug_info</name>
         <load_address>0xe1ef</load_address>
         <run_address>0xe1ef</run_address>
         <size>0x39</size>
         <input_file_ref idref="fl-cc"/>
      </object_component>
      <object_component id="oc-1b1">
         <name>.debug_info</name>
         <load_address>0xe228</load_address>
         <run_address>0xe228</run_address>
         <size>0x39</size>
         <input_file_ref idref="fl-cc"/>
      </object_component>
      <object_component id="oc-1a2">
         <name>.debug_info</name>
         <load_address>0xe261</load_address>
         <run_address>0xe261</run_address>
         <size>0x39</size>
         <input_file_ref idref="fl-cc"/>
      </object_component>
      <object_component id="oc-1a7">
         <name>.debug_info</name>
         <load_address>0xe29a</load_address>
         <run_address>0xe29a</run_address>
         <size>0xcd</size>
         <input_file_ref idref="fl-cc"/>
      </object_component>
      <object_component id="oc-95">
         <name>.debug_info</name>
         <load_address>0xe367</load_address>
         <run_address>0xe367</run_address>
         <size>0x153</size>
         <input_file_ref idref="fl-cd"/>
      </object_component>
      <object_component id="oc-f4">
         <name>.debug_info</name>
         <load_address>0xe4ba</load_address>
         <run_address>0xe4ba</run_address>
         <size>0x122</size>
         <input_file_ref idref="fl-cf"/>
      </object_component>
      <object_component id="oc-1f2">
         <name>.debug_info</name>
         <load_address>0xe5dc</load_address>
         <run_address>0xe5dc</run_address>
         <size>0xba</size>
      </object_component>
      <object_component id="oc-187">
         <name>.debug_line</name>
         <load_address>0x0</load_address>
         <run_address>0x0</run_address>
         <size>0x20</size>
         <input_file_ref idref="fl-1"/>
      </object_component>
      <object_component id="oc-184">
         <name>.debug_line</name>
         <load_address>0x20</load_address>
         <run_address>0x20</run_address>
         <size>0x69</size>
         <input_file_ref idref="fl-1"/>
      </object_component>
      <object_component id="oc-b6">
         <name>.debug_line</name>
         <load_address>0x89</load_address>
         <run_address>0x89</run_address>
         <size>0x136</size>
         <input_file_ref idref="fl-1"/>
      </object_component>
      <object_component id="oc-18b">
         <name>.debug_line</name>
         <load_address>0x1bf</load_address>
         <run_address>0x1bf</run_address>
         <size>0x63</size>
         <input_file_ref idref="fl-1"/>
      </object_component>
      <object_component id="oc-e0">
         <name>.debug_line</name>
         <load_address>0x222</load_address>
         <run_address>0x222</run_address>
         <size>0x7a</size>
         <input_file_ref idref="fl-1"/>
      </object_component>
      <object_component id="oc-152">
         <name>.debug_line</name>
         <load_address>0x29c</load_address>
         <run_address>0x29c</run_address>
         <size>0x66</size>
         <input_file_ref idref="fl-1"/>
      </object_component>
      <object_component id="oc-35">
         <name>.debug_line</name>
         <load_address>0x302</load_address>
         <run_address>0x302</run_address>
         <size>0x20</size>
         <input_file_ref idref="fl-1"/>
      </object_component>
      <object_component id="oc-15e">
         <name>.debug_line</name>
         <load_address>0x322</load_address>
         <run_address>0x322</run_address>
         <size>0x7e</size>
         <input_file_ref idref="fl-1"/>
      </object_component>
      <object_component id="oc-137">
         <name>.debug_line</name>
         <load_address>0x3a0</load_address>
         <run_address>0x3a0</run_address>
         <size>0x7b</size>
         <input_file_ref idref="fl-1"/>
      </object_component>
      <object_component id="oc-ce">
         <name>.debug_line</name>
         <load_address>0x41b</load_address>
         <run_address>0x41b</run_address>
         <size>0xed</size>
         <input_file_ref idref="fl-2"/>
      </object_component>
      <object_component id="oc-149">
         <name>.debug_line</name>
         <load_address>0x508</load_address>
         <run_address>0x508</run_address>
         <size>0xc6</size>
         <input_file_ref idref="fl-4"/>
      </object_component>
      <object_component id="oc-15a">
         <name>.debug_line</name>
         <load_address>0x5ce</load_address>
         <run_address>0x5ce</run_address>
         <size>0x36</size>
         <input_file_ref idref="fl-4"/>
      </object_component>
      <object_component id="oc-71">
         <name>.debug_line</name>
         <load_address>0x604</load_address>
         <run_address>0x604</run_address>
         <size>0xa5</size>
         <input_file_ref idref="fl-4"/>
      </object_component>
      <object_component id="oc-14d">
         <name>.debug_line</name>
         <load_address>0x6a9</load_address>
         <run_address>0x6a9</run_address>
         <size>0x63</size>
         <input_file_ref idref="fl-4"/>
      </object_component>
      <object_component id="oc-157">
         <name>.debug_line</name>
         <load_address>0x70c</load_address>
         <run_address>0x70c</run_address>
         <size>0x36</size>
         <input_file_ref idref="fl-4"/>
      </object_component>
      <object_component id="oc-bc">
         <name>.debug_line</name>
         <load_address>0x742</load_address>
         <run_address>0x742</run_address>
         <size>0xdf</size>
         <input_file_ref idref="fl-5"/>
      </object_component>
      <object_component id="oc-c5">
         <name>.debug_line</name>
         <load_address>0x821</load_address>
         <run_address>0x821</run_address>
         <size>0x121</size>
         <input_file_ref idref="fl-6"/>
      </object_component>
      <object_component id="oc-144">
         <name>.debug_line</name>
         <load_address>0x942</load_address>
         <run_address>0x942</run_address>
         <size>0xd7</size>
         <input_file_ref idref="fl-7"/>
      </object_component>
      <object_component id="oc-ad">
         <name>.debug_line</name>
         <load_address>0xa19</load_address>
         <run_address>0xa19</run_address>
         <size>0x137</size>
         <input_file_ref idref="fl-8"/>
      </object_component>
      <object_component id="oc-c2">
         <name>.debug_line</name>
         <load_address>0xb50</load_address>
         <run_address>0xb50</run_address>
         <size>0x8a</size>
         <input_file_ref idref="fl-a"/>
      </object_component>
      <object_component id="oc-dc">
         <name>.debug_line</name>
         <load_address>0xbda</load_address>
         <run_address>0xbda</run_address>
         <size>0x40</size>
         <input_file_ref idref="fl-b"/>
      </object_component>
      <object_component id="oc-74">
         <name>.debug_line</name>
         <load_address>0xc1a</load_address>
         <run_address>0xc1a</run_address>
         <size>0x40</size>
         <input_file_ref idref="fl-b"/>
      </object_component>
      <object_component id="oc-6b">
         <name>.debug_line</name>
         <load_address>0xc5a</load_address>
         <run_address>0xc5a</run_address>
         <size>0x71</size>
         <input_file_ref idref="fl-b"/>
      </object_component>
      <object_component id="oc-182">
         <name>.debug_line</name>
         <load_address>0xccb</load_address>
         <run_address>0xccb</run_address>
         <size>0x3b</size>
         <input_file_ref idref="fl-c"/>
      </object_component>
      <object_component id="oc-aa">
         <name>.debug_line</name>
         <load_address>0xd06</load_address>
         <run_address>0xd06</run_address>
         <size>0x121</size>
         <input_file_ref idref="fl-c"/>
      </object_component>
      <object_component id="oc-ef">
         <name>.debug_line</name>
         <load_address>0xe27</load_address>
         <run_address>0xe27</run_address>
         <size>0x92</size>
         <input_file_ref idref="fl-c6"/>
      </object_component>
      <object_component id="oc-45">
         <name>.debug_line</name>
         <load_address>0xeb9</load_address>
         <run_address>0xeb9</run_address>
         <size>0x56</size>
         <input_file_ref idref="fl-c6"/>
      </object_component>
      <object_component id="oc-8a">
         <name>.debug_line</name>
         <load_address>0xf0f</load_address>
         <run_address>0xf0f</run_address>
         <size>0x34</size>
         <input_file_ref idref="fl-c6"/>
      </object_component>
      <object_component id="oc-ec">
         <name>.debug_line</name>
         <load_address>0xf43</load_address>
         <run_address>0xf43</run_address>
         <size>0x92</size>
         <input_file_ref idref="fl-c6"/>
      </object_component>
      <object_component id="oc-85">
         <name>.debug_line</name>
         <load_address>0xfd5</load_address>
         <run_address>0xfd5</run_address>
         <size>0x20</size>
         <input_file_ref idref="fl-c7"/>
      </object_component>
      <object_component id="oc-21">
         <name>.debug_line</name>
         <load_address>0xff5</load_address>
         <run_address>0xff5</run_address>
         <size>0x55</size>
         <input_file_ref idref="fl-c7"/>
      </object_component>
      <object_component id="oc-40">
         <name>.debug_line</name>
         <load_address>0x104a</load_address>
         <run_address>0x104a</run_address>
         <size>0x3a</size>
         <input_file_ref idref="fl-c7"/>
      </object_component>
      <object_component id="oc-82">
         <name>.debug_line</name>
         <load_address>0x1084</load_address>
         <run_address>0x1084</run_address>
         <size>0x92</size>
         <input_file_ref idref="fl-c7"/>
      </object_component>
      <object_component id="oc-e8">
         <name>.debug_line</name>
         <load_address>0x1116</load_address>
         <run_address>0x1116</run_address>
         <size>0x20</size>
         <input_file_ref idref="fl-c8"/>
      </object_component>
      <object_component id="oc-18">
         <name>.debug_line</name>
         <load_address>0x1136</load_address>
         <run_address>0x1136</run_address>
         <size>0xa9</size>
         <input_file_ref idref="fl-c8"/>
      </object_component>
      <object_component id="oc-30">
         <name>.debug_line</name>
         <load_address>0x11df</load_address>
         <run_address>0x11df</run_address>
         <size>0x3a</size>
         <input_file_ref idref="fl-c8"/>
      </object_component>
      <object_component id="oc-e5">
         <name>.debug_line</name>
         <load_address>0x1219</load_address>
         <run_address>0x1219</run_address>
         <size>0x9a</size>
         <input_file_ref idref="fl-c8"/>
      </object_component>
      <object_component id="oc-7b">
         <name>.debug_line</name>
         <load_address>0x12b3</load_address>
         <run_address>0x12b3</run_address>
         <size>0x96</size>
         <input_file_ref idref="fl-c8"/>
      </object_component>
      <object_component id="oc-77">
         <name>.debug_line</name>
         <load_address>0x1349</load_address>
         <run_address>0x1349</run_address>
         <size>0x33</size>
         <input_file_ref idref="fl-c9"/>
      </object_component>
      <object_component id="oc-5a">
         <name>.debug_line</name>
         <load_address>0x137c</load_address>
         <run_address>0x137c</run_address>
         <size>0x45</size>
         <input_file_ref idref="fl-c9"/>
      </object_component>
      <object_component id="oc-38">
         <name>.debug_line</name>
         <load_address>0x13c1</load_address>
         <run_address>0x13c1</run_address>
         <size>0x88</size>
         <input_file_ref idref="fl-ca"/>
      </object_component>
      <object_component id="oc-19c">
         <name>.debug_line</name>
         <load_address>0x1449</load_address>
         <run_address>0x1449</run_address>
         <size>0xbf</size>
         <input_file_ref idref="fl-cc"/>
      </object_component>
      <object_component id="oc-100">
         <name>.debug_line</name>
         <load_address>0x1508</load_address>
         <run_address>0x1508</run_address>
         <size>0x6f</size>
         <input_file_ref idref="fl-cc"/>
      </object_component>
      <object_component id="oc-1a0">
         <name>.debug_line</name>
         <load_address>0x1577</load_address>
         <run_address>0x1577</run_address>
         <size>0x2e</size>
         <input_file_ref idref="fl-cc"/>
      </object_component>
      <object_component id="oc-1b4">
         <name>.debug_line</name>
         <load_address>0x15a5</load_address>
         <run_address>0x15a5</run_address>
         <size>0x9a</size>
         <input_file_ref idref="fl-cc"/>
      </object_component>
      <object_component id="oc-1a5">
         <name>.debug_line</name>
         <load_address>0x163f</load_address>
         <run_address>0x163f</run_address>
         <size>0x97</size>
         <input_file_ref idref="fl-cc"/>
      </object_component>
      <object_component id="oc-1aa">
         <name>.debug_line</name>
         <load_address>0x16d6</load_address>
         <run_address>0x16d6</run_address>
         <size>0x93</size>
         <input_file_ref idref="fl-cc"/>
      </object_component>
      <object_component id="oc-94">
         <name>.debug_line</name>
         <load_address>0x1769</load_address>
         <run_address>0x1769</run_address>
         <size>0x40</size>
         <input_file_ref idref="fl-cd"/>
      </object_component>
      <object_component id="oc-f7">
         <name>.debug_line</name>
         <load_address>0x17a9</load_address>
         <run_address>0x17a9</run_address>
         <size>0x3c</size>
         <input_file_ref idref="fl-cf"/>
      </object_component>
      <object_component id="oc-b7">
         <name>.debug_frame</name>
         <load_address>0x0</load_address>
         <run_address>0x0</run_address>
         <size>0xb0</size>
         <input_file_ref idref="fl-1"/>
      </object_component>
      <object_component id="oc-cf">
         <name>.debug_frame</name>
         <load_address>0xb0</load_address>
         <run_address>0xb0</run_address>
         <size>0xa4</size>
         <input_file_ref idref="fl-2"/>
      </object_component>
      <object_component id="oc-72">
         <name>.debug_frame</name>
         <load_address>0x154</load_address>
         <run_address>0x154</run_address>
         <size>0x74</size>
         <input_file_ref idref="fl-4"/>
      </object_component>
      <object_component id="oc-bd">
         <name>.debug_frame</name>
         <load_address>0x1c8</load_address>
         <run_address>0x1c8</run_address>
         <size>0x98</size>
         <input_file_ref idref="fl-5"/>
      </object_component>
      <object_component id="oc-c6">
         <name>.debug_frame</name>
         <load_address>0x260</load_address>
         <run_address>0x260</run_address>
         <size>0xd0</size>
         <input_file_ref idref="fl-6"/>
      </object_component>
      <object_component id="oc-145">
         <name>.debug_frame</name>
         <load_address>0x330</load_address>
         <run_address>0x330</run_address>
         <size>0x88</size>
         <input_file_ref idref="fl-7"/>
      </object_component>
      <object_component id="oc-ae">
         <name>.debug_frame</name>
         <load_address>0x3b8</load_address>
         <run_address>0x3b8</run_address>
         <size>0xd4</size>
         <input_file_ref idref="fl-8"/>
      </object_component>
      <object_component id="oc-c3">
         <name>.debug_frame</name>
         <load_address>0x48c</load_address>
         <run_address>0x48c</run_address>
         <size>0x58</size>
         <input_file_ref idref="fl-a"/>
      </object_component>
      <object_component id="oc-6c">
         <name>.debug_frame</name>
         <load_address>0x4e4</load_address>
         <run_address>0x4e4</run_address>
         <size>0x6c</size>
         <input_file_ref idref="fl-b"/>
      </object_component>
      <object_component id="oc-a6">
         <name>.debug_frame</name>
         <load_address>0x550</load_address>
         <run_address>0x550</run_address>
         <size>0x70</size>
         <input_file_ref idref="fl-c"/>
      </object_component>
      <object_component id="oc-46">
         <name>.debug_frame</name>
         <load_address>0x5c0</load_address>
         <run_address>0x5c0</run_address>
         <size>0x54</size>
         <input_file_ref idref="fl-c6"/>
      </object_component>
      <object_component id="oc-22">
         <name>.debug_frame</name>
         <load_address>0x614</load_address>
         <run_address>0x614</run_address>
         <size>0x54</size>
         <input_file_ref idref="fl-c7"/>
      </object_component>
      <object_component id="oc-1a">
         <name>.debug_frame</name>
         <load_address>0x668</load_address>
         <run_address>0x668</run_address>
         <size>0x60</size>
         <input_file_ref idref="fl-c8"/>
      </object_component>
      <object_component id="oc-57">
         <name>.debug_frame</name>
         <load_address>0x6c8</load_address>
         <run_address>0x6c8</run_address>
         <size>0x50</size>
         <input_file_ref idref="fl-c9"/>
      </object_component>
      <object_component id="oc-101">
         <name>.debug_frame</name>
         <load_address>0x718</load_address>
         <run_address>0x718</run_address>
         <size>0x5c</size>
         <input_file_ref idref="fl-cc"/>
      </object_component>
      <object_component id="oc-98">
         <name>.debug_frame</name>
         <load_address>0x774</load_address>
         <run_address>0x774</run_address>
         <size>0x54</size>
         <input_file_ref idref="fl-cd"/>
      </object_component>
      <object_component id="oc-f3">
         <name>.debug_frame</name>
         <load_address>0x7c8</load_address>
         <run_address>0x7c8</run_address>
         <size>0x54</size>
         <input_file_ref idref="fl-cf"/>
      </object_component>
      <object_component id="oc-186">
         <name>.debug_abbrev</name>
         <load_address>0x0</load_address>
         <run_address>0x0</run_address>
         <size>0x71</size>
         <input_file_ref idref="fl-1"/>
      </object_component>
      <object_component id="oc-183">
         <name>.debug_abbrev</name>
         <load_address>0x71</load_address>
         <run_address>0x71</run_address>
         <size>0x29</size>
         <input_file_ref idref="fl-1"/>
      </object_component>
      <object_component id="oc-13d">
         <name>.debug_abbrev</name>
         <load_address>0x9a</load_address>
         <run_address>0x9a</run_address>
         <size>0xa9</size>
         <input_file_ref idref="fl-1"/>
      </object_component>
      <object_component id="oc-18a">
         <name>.debug_abbrev</name>
         <load_address>0x143</load_address>
         <run_address>0x143</run_address>
         <size>0xbd</size>
         <input_file_ref idref="fl-1"/>
      </object_component>
      <object_component id="oc-df">
         <name>.debug_abbrev</name>
         <load_address>0x200</load_address>
         <run_address>0x200</run_address>
         <size>0x69</size>
         <input_file_ref idref="fl-1"/>
      </object_component>
      <object_component id="oc-151">
         <name>.debug_abbrev</name>
         <load_address>0x269</load_address>
         <run_address>0x269</run_address>
         <size>0x97</size>
         <input_file_ref idref="fl-1"/>
      </object_component>
      <object_component id="oc-34">
         <name>.debug_abbrev</name>
         <load_address>0x300</load_address>
         <run_address>0x300</run_address>
         <size>0x1f</size>
         <input_file_ref idref="fl-1"/>
      </object_component>
      <object_component id="oc-15d">
         <name>.debug_abbrev</name>
         <load_address>0x31f</load_address>
         <run_address>0x31f</run_address>
         <size>0x5c</size>
         <input_file_ref idref="fl-1"/>
      </object_component>
      <object_component id="oc-136">
         <name>.debug_abbrev</name>
         <load_address>0x37b</load_address>
         <run_address>0x37b</run_address>
         <size>0x24</size>
         <input_file_ref idref="fl-1"/>
      </object_component>
      <object_component id="oc-147">
         <name>.debug_abbrev</name>
         <load_address>0x39f</load_address>
         <run_address>0x39f</run_address>
         <size>0x50</size>
         <input_file_ref idref="fl-2"/>
      </object_component>
      <object_component id="oc-148">
         <name>.debug_abbrev</name>
         <load_address>0x3ef</load_address>
         <run_address>0x3ef</run_address>
         <size>0xed</size>
         <input_file_ref idref="fl-4"/>
      </object_component>
      <object_component id="oc-159">
         <name>.debug_abbrev</name>
         <load_address>0x4dc</load_address>
         <run_address>0x4dc</run_address>
         <size>0x29</size>
         <input_file_ref idref="fl-4"/>
      </object_component>
      <object_component id="oc-da">
         <name>.debug_abbrev</name>
         <load_address>0x505</load_address>
         <run_address>0x505</run_address>
         <size>0x8d</size>
         <input_file_ref idref="fl-4"/>
      </object_component>
      <object_component id="oc-14c">
         <name>.debug_abbrev</name>
         <load_address>0x592</load_address>
         <run_address>0x592</run_address>
         <size>0xbd</size>
         <input_file_ref idref="fl-4"/>
      </object_component>
      <object_component id="oc-156">
         <name>.debug_abbrev</name>
         <load_address>0x64f</load_address>
         <run_address>0x64f</run_address>
         <size>0x4b</size>
         <input_file_ref idref="fl-4"/>
      </object_component>
      <object_component id="oc-13e">
         <name>.debug_abbrev</name>
         <load_address>0x69a</load_address>
         <run_address>0x69a</run_address>
         <size>0x9b</size>
         <input_file_ref idref="fl-5"/>
      </object_component>
      <object_component id="oc-146">
         <name>.debug_abbrev</name>
         <load_address>0x735</load_address>
         <run_address>0x735</run_address>
         <size>0x7a</size>
         <input_file_ref idref="fl-6"/>
      </object_component>
      <object_component id="oc-185">
         <name>.debug_abbrev</name>
         <load_address>0x7af</load_address>
         <run_address>0x7af</run_address>
         <size>0x6c</size>
         <input_file_ref idref="fl-7"/>
      </object_component>
      <object_component id="oc-139">
         <name>.debug_abbrev</name>
         <load_address>0x81b</load_address>
         <run_address>0x81b</run_address>
         <size>0xa9</size>
         <input_file_ref idref="fl-8"/>
      </object_component>
      <object_component id="oc-13f">
         <name>.debug_abbrev</name>
         <load_address>0x8c4</load_address>
         <run_address>0x8c4</run_address>
         <size>0x6c</size>
         <input_file_ref idref="fl-a"/>
      </object_component>
      <object_component id="oc-db">
         <name>.debug_abbrev</name>
         <load_address>0x930</load_address>
         <run_address>0x930</run_address>
         <size>0x7c</size>
         <input_file_ref idref="fl-b"/>
      </object_component>
      <object_component id="oc-73">
         <name>.debug_abbrev</name>
         <load_address>0x9ac</load_address>
         <run_address>0x9ac</run_address>
         <size>0x29</size>
         <input_file_ref idref="fl-b"/>
      </object_component>
      <object_component id="oc-ab">
         <name>.debug_abbrev</name>
         <load_address>0x9d5</load_address>
         <run_address>0x9d5</run_address>
         <size>0x89</size>
         <input_file_ref idref="fl-b"/>
      </object_component>
      <object_component id="oc-181">
         <name>.debug_abbrev</name>
         <load_address>0xa5e</load_address>
         <run_address>0xa5e</run_address>
         <size>0x29</size>
         <input_file_ref idref="fl-c"/>
      </object_component>
      <object_component id="oc-133">
         <name>.debug_abbrev</name>
         <load_address>0xa87</load_address>
         <run_address>0xa87</run_address>
         <size>0x8b</size>
         <input_file_ref idref="fl-c"/>
      </object_component>
      <object_component id="oc-ee">
         <name>.debug_abbrev</name>
         <load_address>0xb12</load_address>
         <run_address>0xb12</run_address>
         <size>0x5d</size>
         <input_file_ref idref="fl-c6"/>
      </object_component>
      <object_component id="oc-86">
         <name>.debug_abbrev</name>
         <load_address>0xb6f</load_address>
         <run_address>0xb6f</run_address>
         <size>0x6f</size>
         <input_file_ref idref="fl-c6"/>
      </object_component>
      <object_component id="oc-89">
         <name>.debug_abbrev</name>
         <load_address>0xbde</load_address>
         <run_address>0xbde</run_address>
         <size>0x24</size>
         <input_file_ref idref="fl-c6"/>
      </object_component>
      <object_component id="oc-eb">
         <name>.debug_abbrev</name>
         <load_address>0xc02</load_address>
         <run_address>0xc02</run_address>
         <size>0x24</size>
         <input_file_ref idref="fl-c6"/>
      </object_component>
      <object_component id="oc-84">
         <name>.debug_abbrev</name>
         <load_address>0xc26</load_address>
         <run_address>0xc26</run_address>
         <size>0x37</size>
         <input_file_ref idref="fl-c7"/>
      </object_component>
      <object_component id="oc-3c">
         <name>.debug_abbrev</name>
         <load_address>0xc5d</load_address>
         <run_address>0xc5d</run_address>
         <size>0x74</size>
         <input_file_ref idref="fl-c7"/>
      </object_component>
      <object_component id="oc-3f">
         <name>.debug_abbrev</name>
         <load_address>0xcd1</load_address>
         <run_address>0xcd1</run_address>
         <size>0x24</size>
         <input_file_ref idref="fl-c7"/>
      </object_component>
      <object_component id="oc-81">
         <name>.debug_abbrev</name>
         <load_address>0xcf5</load_address>
         <run_address>0xcf5</run_address>
         <size>0x24</size>
         <input_file_ref idref="fl-c7"/>
      </object_component>
      <object_component id="oc-e7">
         <name>.debug_abbrev</name>
         <load_address>0xd19</load_address>
         <run_address>0xd19</run_address>
         <size>0x37</size>
         <input_file_ref idref="fl-c8"/>
      </object_component>
      <object_component id="oc-2c">
         <name>.debug_abbrev</name>
         <load_address>0xd50</load_address>
         <run_address>0xd50</run_address>
         <size>0x6f</size>
         <input_file_ref idref="fl-c8"/>
      </object_component>
      <object_component id="oc-2f">
         <name>.debug_abbrev</name>
         <load_address>0xdbf</load_address>
         <run_address>0xdbf</run_address>
         <size>0x24</size>
         <input_file_ref idref="fl-c8"/>
      </object_component>
      <object_component id="oc-e4">
         <name>.debug_abbrev</name>
         <load_address>0xde3</load_address>
         <run_address>0xde3</run_address>
         <size>0x35</size>
         <input_file_ref idref="fl-c8"/>
      </object_component>
      <object_component id="oc-7a">
         <name>.debug_abbrev</name>
         <load_address>0xe18</load_address>
         <run_address>0xe18</run_address>
         <size>0x24</size>
         <input_file_ref idref="fl-c8"/>
      </object_component>
      <object_component id="oc-76">
         <name>.debug_abbrev</name>
         <load_address>0xe3c</load_address>
         <run_address>0xe3c</run_address>
         <size>0x29</size>
         <input_file_ref idref="fl-c9"/>
      </object_component>
      <object_component id="oc-9c">
         <name>.debug_abbrev</name>
         <load_address>0xe65</load_address>
         <run_address>0xe65</run_address>
         <size>0x55</size>
         <input_file_ref idref="fl-c9"/>
      </object_component>
      <object_component id="oc-7e">
         <name>.debug_abbrev</name>
         <load_address>0xeba</load_address>
         <run_address>0xeba</run_address>
         <size>0x3e</size>
         <input_file_ref idref="fl-ca"/>
      </object_component>
      <object_component id="oc-19b">
         <name>.debug_abbrev</name>
         <load_address>0xef8</load_address>
         <run_address>0xef8</run_address>
         <size>0xc0</size>
         <input_file_ref idref="fl-cc"/>
      </object_component>
      <object_component id="oc-16b">
         <name>.debug_abbrev</name>
         <load_address>0xfb8</load_address>
         <run_address>0xfb8</run_address>
         <size>0x7e</size>
         <input_file_ref idref="fl-cc"/>
      </object_component>
      <object_component id="oc-19f">
         <name>.debug_abbrev</name>
         <load_address>0x1036</load_address>
         <run_address>0x1036</run_address>
         <size>0x24</size>
         <input_file_ref idref="fl-cc"/>
      </object_component>
      <object_component id="oc-1b3">
         <name>.debug_abbrev</name>
         <load_address>0x105a</load_address>
         <run_address>0x105a</run_address>
         <size>0x24</size>
         <input_file_ref idref="fl-cc"/>
      </object_component>
      <object_component id="oc-1a4">
         <name>.debug_abbrev</name>
         <load_address>0x107e</load_address>
         <run_address>0x107e</run_address>
         <size>0x24</size>
         <input_file_ref idref="fl-cc"/>
      </object_component>
      <object_component id="oc-1a9">
         <name>.debug_abbrev</name>
         <load_address>0x10a2</load_address>
         <run_address>0x10a2</run_address>
         <size>0x4b</size>
         <input_file_ref idref="fl-cc"/>
      </object_component>
      <object_component id="oc-f1">
         <name>.debug_abbrev</name>
         <load_address>0x10ed</load_address>
         <run_address>0x10ed</run_address>
         <size>0x55</size>
         <input_file_ref idref="fl-cd"/>
      </object_component>
      <object_component id="oc-161">
         <name>.debug_abbrev</name>
         <load_address>0x1142</load_address>
         <run_address>0x1142</run_address>
         <size>0x45</size>
         <input_file_ref idref="fl-cf"/>
      </object_component>
      <object_component id="oc-1f3">
         <name>.debug_abbrev</name>
         <load_address>0x1187</load_address>
         <run_address>0x1187</run_address>
         <size>0xf</size>
      </object_component>
      <object_component id="oc-18c">
         <name>.debug_str</name>
         <load_address>0x0</load_address>
         <run_address>0x0</run_address>
         <size>0x15ef</size>
         <input_file_ref idref="fl-1"/>
      </object_component>
      <object_component id="oc-e1">
         <name>.debug_str</name>
         <load_address>0x15ef</load_address>
         <run_address>0x15ef</run_address>
         <size>0x2d6</size>
         <input_file_ref idref="fl-1"/>
      </object_component>
      <object_component id="oc-153">
         <name>.debug_str</name>
         <load_address>0x18c5</load_address>
         <run_address>0x18c5</run_address>
         <size>0x4ab</size>
         <input_file_ref idref="fl-1"/>
      </object_component>
      <object_component id="oc-36">
         <name>.debug_str</name>
         <load_address>0x1d70</load_address>
         <run_address>0x1d70</run_address>
         <size>0xff</size>
         <input_file_ref idref="fl-1"/>
      </object_component>
      <object_component id="oc-15f">
         <name>.debug_str</name>
         <load_address>0x1e6f</load_address>
         <run_address>0x1e6f</run_address>
         <size>0x36c</size>
         <input_file_ref idref="fl-1"/>
      </object_component>
      <object_component id="oc-138">
         <name>.debug_str</name>
         <load_address>0x21db</load_address>
         <run_address>0x21db</run_address>
         <size>0x16e</size>
         <input_file_ref idref="fl-1"/>
      </object_component>
      <object_component id="oc-14e">
         <name>.debug_str</name>
         <load_address>0x2349</load_address>
         <run_address>0x2349</run_address>
         <size>0x15ef</size>
         <input_file_ref idref="fl-4"/>
      </object_component>
      <object_component id="oc-158">
         <name>.debug_str</name>
         <load_address>0x3938</load_address>
         <run_address>0x3938</run_address>
         <size>0xf5</size>
         <input_file_ref idref="fl-4"/>
      </object_component>
      <object_component id="oc-8b">
         <name>.debug_str</name>
         <load_address>0x3a2d</load_address>
         <run_address>0x3a2d</run_address>
         <size>0x105</size>
         <input_file_ref idref="fl-c6"/>
      </object_component>
      <object_component id="oc-ed">
         <name>.debug_str</name>
         <load_address>0x3b32</load_address>
         <run_address>0x3b32</run_address>
         <size>0x140</size>
         <input_file_ref idref="fl-c6"/>
      </object_component>
      <object_component id="oc-41">
         <name>.debug_str</name>
         <load_address>0x3c72</load_address>
         <run_address>0x3c72</run_address>
         <size>0x10b</size>
         <input_file_ref idref="fl-c7"/>
      </object_component>
      <object_component id="oc-83">
         <name>.debug_str</name>
         <load_address>0x3d7d</load_address>
         <run_address>0x3d7d</run_address>
         <size>0x140</size>
         <input_file_ref idref="fl-c7"/>
      </object_component>
      <object_component id="oc-31">
         <name>.debug_str</name>
         <load_address>0x3ebd</load_address>
         <run_address>0x3ebd</run_address>
         <size>0x118</size>
         <input_file_ref idref="fl-c8"/>
      </object_component>
      <object_component id="oc-e6">
         <name>.debug_str</name>
         <load_address>0x3fd5</load_address>
         <run_address>0x3fd5</run_address>
         <size>0x16b</size>
         <input_file_ref idref="fl-c8"/>
      </object_component>
      <object_component id="oc-7c">
         <name>.debug_str</name>
         <load_address>0x4140</load_address>
         <run_address>0x4140</run_address>
         <size>0x158</size>
         <input_file_ref idref="fl-c8"/>
      </object_component>
      <object_component id="oc-1a1">
         <name>.debug_str</name>
         <load_address>0x4298</load_address>
         <run_address>0x4298</run_address>
         <size>0xed</size>
         <input_file_ref idref="fl-cc"/>
      </object_component>
      <object_component id="oc-1b5">
         <name>.debug_str</name>
         <load_address>0x4385</load_address>
         <run_address>0x4385</run_address>
         <size>0x157</size>
         <input_file_ref idref="fl-cc"/>
      </object_component>
      <object_component id="oc-1a6">
         <name>.debug_str</name>
         <load_address>0x44dc</load_address>
         <run_address>0x44dc</run_address>
         <size>0x150</size>
         <input_file_ref idref="fl-cc"/>
      </object_component>
      <object_component id="oc-1ab">
         <name>.debug_str</name>
         <load_address>0x462c</load_address>
         <run_address>0x462c</run_address>
         <size>0x197</size>
         <input_file_ref idref="fl-cc"/>
      </object_component>
      <object_component id="oc-b4">
         <name>.debug_aranges</name>
         <load_address>0x0</load_address>
         <run_address>0x0</run_address>
         <size>0x40</size>
         <input_file_ref idref="fl-1"/>
      </object_component>
      <object_component id="oc-cc">
         <name>.debug_aranges</name>
         <load_address>0x40</load_address>
         <run_address>0x40</run_address>
         <size>0x40</size>
         <input_file_ref idref="fl-2"/>
      </object_component>
      <object_component id="oc-6f">
         <name>.debug_aranges</name>
         <load_address>0x80</load_address>
         <run_address>0x80</run_address>
         <size>0x28</size>
         <input_file_ref idref="fl-4"/>
      </object_component>
      <object_component id="oc-b9">
         <name>.debug_aranges</name>
         <load_address>0xa8</load_address>
         <run_address>0xa8</run_address>
         <size>0x38</size>
         <input_file_ref idref="fl-5"/>
      </object_component>
      <object_component id="oc-c7">
         <name>.debug_aranges</name>
         <load_address>0xe0</load_address>
         <run_address>0xe0</run_address>
         <size>0x48</size>
         <input_file_ref idref="fl-6"/>
      </object_component>
      <object_component id="oc-142">
         <name>.debug_aranges</name>
         <load_address>0x128</load_address>
         <run_address>0x128</run_address>
         <size>0x30</size>
         <input_file_ref idref="fl-7"/>
      </object_component>
      <object_component id="oc-af">
         <name>.debug_aranges</name>
         <load_address>0x158</load_address>
         <run_address>0x158</run_address>
         <size>0x48</size>
         <input_file_ref idref="fl-8"/>
      </object_component>
      <object_component id="oc-bf">
         <name>.debug_aranges</name>
         <load_address>0x1a0</load_address>
         <run_address>0x1a0</run_address>
         <size>0x20</size>
         <input_file_ref idref="fl-a"/>
      </object_component>
      <object_component id="oc-68">
         <name>.debug_aranges</name>
         <load_address>0x1c0</load_address>
         <run_address>0x1c0</run_address>
         <size>0x28</size>
         <input_file_ref idref="fl-b"/>
      </object_component>
      <object_component id="oc-a7">
         <name>.debug_aranges</name>
         <load_address>0x1e8</load_address>
         <run_address>0x1e8</run_address>
         <size>0x28</size>
         <input_file_ref idref="fl-c"/>
      </object_component>
      <object_component id="oc-44">
         <name>.debug_aranges</name>
         <load_address>0x210</load_address>
         <run_address>0x210</run_address>
         <size>0x20</size>
         <input_file_ref idref="fl-c6"/>
      </object_component>
      <object_component id="oc-20">
         <name>.debug_aranges</name>
         <load_address>0x230</load_address>
         <run_address>0x230</run_address>
         <size>0x20</size>
         <input_file_ref idref="fl-c7"/>
      </object_component>
      <object_component id="oc-19">
         <name>.debug_aranges</name>
         <load_address>0x250</load_address>
         <run_address>0x250</run_address>
         <size>0x20</size>
         <input_file_ref idref="fl-c8"/>
      </object_component>
      <object_component id="oc-56">
         <name>.debug_aranges</name>
         <load_address>0x270</load_address>
         <run_address>0x270</run_address>
         <size>0x20</size>
         <input_file_ref idref="fl-c9"/>
      </object_component>
      <object_component id="oc-3b">
         <name>.debug_aranges</name>
         <load_address>0x290</load_address>
         <run_address>0x290</run_address>
         <size>0x20</size>
         <input_file_ref idref="fl-ca"/>
      </object_component>
      <object_component id="oc-ff">
         <name>.debug_aranges</name>
         <load_address>0x2b0</load_address>
         <run_address>0x2b0</run_address>
         <size>0x20</size>
         <input_file_ref idref="fl-cc"/>
      </object_component>
      <object_component id="oc-96">
         <name>.debug_aranges</name>
         <load_address>0x2d0</load_address>
         <run_address>0x2d0</run_address>
         <size>0x20</size>
         <input_file_ref idref="fl-cd"/>
      </object_component>
      <object_component id="oc-f5">
         <name>.debug_aranges</name>
         <load_address>0x2f0</load_address>
         <run_address>0x2f0</run_address>
         <size>0x20</size>
         <input_file_ref idref="fl-cf"/>
      </object_component>
      <object_component id="oc-13c">
         <name>.debug_pubnames</name>
         <load_address>0x0</load_address>
         <run_address>0x0</run_address>
         <size>0x67</size>
         <input_file_ref idref="fl-1"/>
      </object_component>
      <object_component id="oc-b5">
         <name>.debug_pubnames</name>
         <load_address>0x67</load_address>
         <run_address>0x67</run_address>
         <size>0x68</size>
         <input_file_ref idref="fl-1"/>
      </object_component>
      <object_component id="oc-cd">
         <name>.debug_pubnames</name>
         <load_address>0xcf</load_address>
         <run_address>0xcf</run_address>
         <size>0x74</size>
         <input_file_ref idref="fl-2"/>
      </object_component>
      <object_component id="oc-d2">
         <name>.debug_pubnames</name>
         <load_address>0x143</load_address>
         <run_address>0x143</run_address>
         <size>0x5a</size>
         <input_file_ref idref="fl-4"/>
      </object_component>
      <object_component id="oc-d9">
         <name>.debug_pubnames</name>
         <load_address>0x19d</load_address>
         <run_address>0x19d</run_address>
         <size>0x1a</size>
         <input_file_ref idref="fl-4"/>
      </object_component>
      <object_component id="oc-70">
         <name>.debug_pubnames</name>
         <load_address>0x1b7</load_address>
         <run_address>0x1b7</run_address>
         <size>0x2f</size>
         <input_file_ref idref="fl-4"/>
      </object_component>
      <object_component id="oc-bb">
         <name>.debug_pubnames</name>
         <load_address>0x1e6</load_address>
         <run_address>0x1e6</run_address>
         <size>0x60</size>
         <input_file_ref idref="fl-5"/>
      </object_component>
      <object_component id="oc-c9">
         <name>.debug_pubnames</name>
         <load_address>0x246</load_address>
         <run_address>0x246</run_address>
         <size>0x74</size>
         <input_file_ref idref="fl-6"/>
      </object_component>
      <object_component id="oc-143">
         <name>.debug_pubnames</name>
         <load_address>0x2ba</load_address>
         <run_address>0x2ba</run_address>
         <size>0x3d</size>
         <input_file_ref idref="fl-7"/>
      </object_component>
      <object_component id="oc-b1">
         <name>.debug_pubnames</name>
         <load_address>0x2f7</load_address>
         <run_address>0x2f7</run_address>
         <size>0x96</size>
         <input_file_ref idref="fl-8"/>
      </object_component>
      <object_component id="oc-c1">
         <name>.debug_pubnames</name>
         <load_address>0x38d</load_address>
         <run_address>0x38d</run_address>
         <size>0x27</size>
         <input_file_ref idref="fl-a"/>
      </object_component>
      <object_component id="oc-28">
         <name>.debug_pubnames</name>
         <load_address>0x3b4</load_address>
         <run_address>0x3b4</run_address>
         <size>0x27</size>
         <input_file_ref idref="fl-b"/>
      </object_component>
      <object_component id="oc-6a">
         <name>.debug_pubnames</name>
         <load_address>0x3db</load_address>
         <run_address>0x3db</run_address>
         <size>0x38</size>
         <input_file_ref idref="fl-b"/>
      </object_component>
      <object_component id="oc-132">
         <name>.debug_pubnames</name>
         <load_address>0x413</load_address>
         <run_address>0x413</run_address>
         <size>0x26</size>
         <input_file_ref idref="fl-c"/>
      </object_component>
      <object_component id="oc-a9">
         <name>.debug_pubnames</name>
         <load_address>0x439</load_address>
         <run_address>0x439</run_address>
         <size>0x3b</size>
         <input_file_ref idref="fl-c"/>
      </object_component>
      <object_component id="oc-48">
         <name>.debug_pubnames</name>
         <load_address>0x474</load_address>
         <run_address>0x474</run_address>
         <size>0x2e</size>
         <input_file_ref idref="fl-c6"/>
      </object_component>
      <object_component id="oc-1f">
         <name>.debug_pubnames</name>
         <load_address>0x4a2</load_address>
         <run_address>0x4a2</run_address>
         <size>0x2b</size>
         <input_file_ref idref="fl-c7"/>
      </object_component>
      <object_component id="oc-1c">
         <name>.debug_pubnames</name>
         <load_address>0x4cd</load_address>
         <run_address>0x4cd</run_address>
         <size>0x2b</size>
         <input_file_ref idref="fl-c8"/>
      </object_component>
      <object_component id="oc-2b">
         <name>.debug_pubnames</name>
         <load_address>0x4f8</load_address>
         <run_address>0x4f8</run_address>
         <size>0x1e</size>
         <input_file_ref idref="fl-c9"/>
      </object_component>
      <object_component id="oc-59">
         <name>.debug_pubnames</name>
         <load_address>0x516</load_address>
         <run_address>0x516</run_address>
         <size>0x26</size>
         <input_file_ref idref="fl-c9"/>
      </object_component>
      <object_component id="oc-3a">
         <name>.debug_pubnames</name>
         <load_address>0x53c</load_address>
         <run_address>0x53c</run_address>
         <size>0x1d</size>
         <input_file_ref idref="fl-ca"/>
      </object_component>
      <object_component id="oc-103">
         <name>.debug_pubnames</name>
         <load_address>0x559</load_address>
         <run_address>0x559</run_address>
         <size>0x35</size>
         <input_file_ref idref="fl-cc"/>
      </object_component>
      <object_component id="oc-97">
         <name>.debug_pubnames</name>
         <load_address>0x58e</load_address>
         <run_address>0x58e</run_address>
         <size>0x27</size>
         <input_file_ref idref="fl-cd"/>
      </object_component>
      <object_component id="oc-f6">
         <name>.debug_pubnames</name>
         <load_address>0x5b5</load_address>
         <run_address>0x5b5</run_address>
         <size>0x1c</size>
         <input_file_ref idref="fl-cf"/>
      </object_component>
      <object_component id="oc-189">
         <name>.debug_pubtypes</name>
         <load_address>0x0</load_address>
         <run_address>0x0</run_address>
         <size>0x2ce</size>
         <input_file_ref idref="fl-1"/>
      </object_component>
      <object_component id="oc-de">
         <name>.debug_pubtypes</name>
         <load_address>0x2ce</load_address>
         <run_address>0x2ce</run_address>
         <size>0x25c</size>
         <input_file_ref idref="fl-1"/>
      </object_component>
      <object_component id="oc-150">
         <name>.debug_pubtypes</name>
         <load_address>0x52a</load_address>
         <run_address>0x52a</run_address>
         <size>0xdd</size>
         <input_file_ref idref="fl-1"/>
      </object_component>
      <object_component id="oc-33">
         <name>.debug_pubtypes</name>
         <load_address>0x607</load_address>
         <run_address>0x607</run_address>
         <size>0xed</size>
         <input_file_ref idref="fl-1"/>
      </object_component>
      <object_component id="oc-15c">
         <name>.debug_pubtypes</name>
         <load_address>0x6f4</load_address>
         <run_address>0x6f4</run_address>
         <size>0x330</size>
         <input_file_ref idref="fl-1"/>
      </object_component>
      <object_component id="oc-135">
         <name>.debug_pubtypes</name>
         <load_address>0xa24</load_address>
         <run_address>0xa24</run_address>
         <size>0xaa</size>
         <input_file_ref idref="fl-1"/>
      </object_component>
      <object_component id="oc-14b">
         <name>.debug_pubtypes</name>
         <load_address>0xace</load_address>
         <run_address>0xace</run_address>
         <size>0x2ce</size>
         <input_file_ref idref="fl-4"/>
      </object_component>
      <object_component id="oc-155">
         <name>.debug_pubtypes</name>
         <load_address>0xd9c</load_address>
         <run_address>0xd9c</run_address>
         <size>0x28</size>
         <input_file_ref idref="fl-4"/>
      </object_component>
      <object_component id="oc-88">
         <name>.debug_pubtypes</name>
         <load_address>0xdc4</load_address>
         <run_address>0xdc4</run_address>
         <size>0x48</size>
         <input_file_ref idref="fl-c6"/>
      </object_component>
      <object_component id="oc-ea">
         <name>.debug_pubtypes</name>
         <load_address>0xe0c</load_address>
         <run_address>0xe0c</run_address>
         <size>0x1d</size>
         <input_file_ref idref="fl-c6"/>
      </object_component>
      <object_component id="oc-3e">
         <name>.debug_pubtypes</name>
         <load_address>0xe29</load_address>
         <run_address>0xe29</run_address>
         <size>0x48</size>
         <input_file_ref idref="fl-c7"/>
      </object_component>
      <object_component id="oc-80">
         <name>.debug_pubtypes</name>
         <load_address>0xe71</load_address>
         <run_address>0xe71</run_address>
         <size>0x1d</size>
         <input_file_ref idref="fl-c7"/>
      </object_component>
      <object_component id="oc-2e">
         <name>.debug_pubtypes</name>
         <load_address>0xe8e</load_address>
         <run_address>0xe8e</run_address>
         <size>0x5d</size>
         <input_file_ref idref="fl-c8"/>
      </object_component>
      <object_component id="oc-e3">
         <name>.debug_pubtypes</name>
         <load_address>0xeeb</load_address>
         <run_address>0xeeb</run_address>
         <size>0x48</size>
         <input_file_ref idref="fl-c8"/>
      </object_component>
      <object_component id="oc-79">
         <name>.debug_pubtypes</name>
         <load_address>0xf33</load_address>
         <run_address>0xf33</run_address>
         <size>0x35</size>
         <input_file_ref idref="fl-c8"/>
      </object_component>
      <object_component id="oc-19e">
         <name>.debug_pubtypes</name>
         <load_address>0xf68</load_address>
         <run_address>0xf68</run_address>
         <size>0x32</size>
         <input_file_ref idref="fl-cc"/>
      </object_component>
      <object_component id="oc-1b2">
         <name>.debug_pubtypes</name>
         <load_address>0xf9a</load_address>
         <run_address>0xf9a</run_address>
         <size>0x30</size>
         <input_file_ref idref="fl-cc"/>
      </object_component>
      <object_component id="oc-1a3">
         <name>.debug_pubtypes</name>
         <load_address>0xfca</load_address>
         <run_address>0xfca</run_address>
         <size>0x2c</size>
         <input_file_ref idref="fl-cc"/>
      </object_component>
      <object_component id="oc-1a8">
         <name>.debug_pubtypes</name>
         <load_address>0xff6</load_address>
         <run_address>0xff6</run_address>
         <size>0x50</size>
         <input_file_ref idref="fl-cc"/>
      </object_component>
   </object_component_list>
   <logical_group_list>
      <logical_group id="lg-3" display="no" color="cyan">
         <name>.intvecs</name>
         <load_address>0x0</load_address>
         <run_address>0x0</run_address>
         <size>0xe4</size>
         <contents>
            <object_component_ref idref="oc-26"/>
         </contents>
      </logical_group>
      <logical_group id="lg-4" display="no" color="cyan">
         <name>.text</name>
         <load_address>0xe4</load_address>
         <run_address>0xe4</run_address>
         <size>0xcfc</size>
         <contents>
            <object_component_ref idref="oc-a5"/>
            <object_component_ref idref="oc-b2"/>
            <object_component_ref idref="oc-c4"/>
            <object_component_ref idref="oc-ac"/>
            <object_component_ref idref="oc-6d"/>
            <object_component_ref idref="oc-b8"/>
            <object_component_ref idref="oc-140"/>
            <object_component_ref idref="oc-37"/>
            <object_component_ref idref="oc-17"/>
            <object_component_ref idref="oc-fe"/>
            <object_component_ref idref="oc-be"/>
            <object_component_ref idref="oc-55"/>
            <object_component_ref idref="oc-ca"/>
            <object_component_ref idref="oc-43"/>
            <object_component_ref idref="oc-1d"/>
            <object_component_ref idref="oc-67"/>
            <object_component_ref idref="oc-93"/>
            <object_component_ref idref="oc-f2"/>
         </contents>
      </logical_group>
      <logical_group id="lg-5" display="no" color="cyan">
         <name>.const</name>
         <load_address>0xde0</load_address>
         <run_address>0xde0</run_address>
         <size>0x140</size>
         <contents>
            <object_component_ref idref="oc-d7"/>
         </contents>
      </logical_group>
      <logical_group id="lg-6" display="no" color="cyan">
         <name>.cinit</name>
         <load_address>0xf20</load_address>
         <run_address>0xf20</run_address>
         <size>0x38</size>
         <contents>
            <object_component_ref idref="oc-1ee"/>
            <object_component_ref idref="oc-1ec"/>
            <object_component_ref idref="oc-1ef"/>
            <object_component_ref idref="oc-1ed"/>
         </contents>
      </logical_group>
      <logical_group id="lg-7" display="no" color="cyan">
         <name>.pinit</name>
         <run_address>0x0</run_address>
         <size>0x0</size>
         <contents>
         </contents>
      </logical_group>
      <logical_group id="lg-8" display="no" color="cyan">
         <name>.init_array</name>
         <run_address>0x0</run_address>
         <size>0x0</size>
         <contents>
         </contents>
      </logical_group>
      <logical_group id="lg-9" display="no" color="cyan">
         <name>.binit</name>
         <load_address>0x0</load_address>
         <run_address>0x0</run_address>
         <size>0x0</size>
         <contents>
            <object_component_ref idref="oc-1c0"/>
         </contents>
      </logical_group>
      <logical_group id="lg-a" display="no" color="cyan">
         <name>.flashMailbox</name>
         <run_address>0x0</run_address>
         <size>0x0</size>
         <contents>
         </contents>
      </logical_group>
      <logical_group id="lg-b" display="no" color="cyan">
         <name>.tlvTable</name>
         <run_address>0x0</run_address>
         <size>0x0</size>
         <contents>
         </contents>
      </logical_group>
      <logical_group id="lg-c" display="no" color="cyan">
         <name>.bslArea</name>
         <run_address>0x0</run_address>
         <size>0x0</size>
         <contents>
         </contents>
      </logical_group>
      <logical_group id="lg-d" display="no" color="cyan">
         <name>.vtable</name>
         <run_address>0x0</run_address>
         <size>0x0</size>
         <contents>
         </contents>
[...]
               <start_address>0x100fe00</start_address>
               <size>0x200</size>
               <logical_group_ref idref="lg-11"/>
            </allocated_space>
         </usage_details>
      </memory_area>
      <memory_area display="yes" color="green">
         <name>SRAM_DATA</name>
         <page_id>0x0</page_id>
         <origin>0x20000000</origin>
         <length>0x10000</length>
         <used_space>0x227</used_space>
         <unused_space>0xfdd9</unused_space>
         <attributes>RW</attributes>
         <usage_details>
            <allocated_space>
               <start_address>0x20000000</start_address>
               <size>0x0</size>
               <logical_group_ref idref="lg-1bf"/>
            </allocated_space>
            <allocated_space>
               <start_address>0x20000000</start_address>
               <size>0x1c</size>
               <logical_group_ref idref="lg-e"/>
            </allocated_space>
            <allocated_space>
               <start_address>0x2000001c</start_address>
               <size>0xb</size>
               <logical_group_ref idref="lg-f"/>
            </allocated_space>
            <available_space>
               <start_address>0x20000027</start_address>
               <size>0xfdd9</size>
            </available_space>
            <allocated_space>
               <start_address>0x2000fe00</start_address>
               <size>0x200</size>
               <logical_group_ref idref="lg-11"/>
            </allocated_space>
         </usage_details>
      </memory_area>
   </placement_map>
   <cptbl_list>
      <cptbl>
         <name>__TI_cinit_table</name>
         <cprec>
            <name>.data</name>
            <load_address>0xf20</load_address>
            <load_size>0xd</load_size>
            <run_address>0x20000000</run_address>
            <run_size>0x1c</run_size>
            <compression>lzss</compression>
         </cprec>
         <cprec>
            <name>.bss</name>
            <load_address>0xf40</load_address>
            <load_size>0x8</load_size>
            <run_address>0x2000001c</run_address>
            <run_size>0xb</run_size>
            <compression>zero_init</compression>
         </cprec>
      </cptbl>
   </cptbl_list>
   <handler_table>
      <handler_table_name>__TI_handler_table</handler_table_name>
      <handler>
         <index>0x0</index>
         <name>__TI_decompress_lzss</name>
      </handler>
      <handler>
         <index>0x1</index>
         <name>__TI_decompress_none</name>
      </handler>
      <handler>
         <index>0x2</index>
         <name>__TI_zero_init</name>
      </handler>
   </handler_table>
   <symbol_table>
      <symbol id="sm-1">
         <name>WDTCTL_SYM</name>
         <value>0x4000480c</value>
      </symbol>
      <symbol id="sm-2">
         <name>__start___llvm_prf_cnts</name>
         <value>0x20000000</value>
      </symbol>
      <symbol id="sm-3">
         <name>__stop___llvm_prf_cnts</name>
         <value>0x20000000</value>
      </symbol>
      <symbol id="sm-4">
         <name>__TI_CINIT_Base</name>
         <value>0xf48</value>
      </symbol>
      <symbol id="sm-5">
         <name>__TI_CINIT_Limit</name>
         <value>0xf58</value>
      </symbol>
      <symbol id="sm-6">
         <name>__TI_Handler_Table_Base</name>
         <value>0xf30</value>
      </symbol>
      <symbol id="sm-7">
         <name>__TI_Handler_Table_Limit</name>
         <value>0xf3c</value>
      </symbol>
      <symbol id="sm-8">
         <name>binit</name>
         <value>0xffffffff</value>
      </symbol>
      <symbol id="sm-9">
         <name>__binit__</name>
         <value>0xffffffff</value>
      </symbol>
      <symbol id="sm-a">
         <name>__STACK_SIZE</name>
         <value>0x200</value>
      </symbol>
      <symbol id="sm-b">
         <name>__STACK_END</name>
         <value>0x20010000</value>
      </symbol>
      <symbol id="sm-c">
         <name>__c_args__</name>
         <value>0xffffffff</value>
      </symbol>
      <symbol id="sm-d">
         <name>__TI_pprof_out_hndl</name>
         <value>0xffffffff</value>
      </symbol>
      <symbol id="sm-e">
         <name>__TI_prof_data_start</name>
         <value>0xffffffff</value>
      </symbol>
      <symbol id="sm-f">
         <name>__TI_prof_data_size</name>
         <value>0xffffffff</value>
      </symbol>
      <symbol id="sm-8d">
         <name>Clock_Delay1ms</name>
         <value>0x565</value>
         <object_component_ref idref="oc-b2"/>
      </symbol>
      <symbol id="sm-8e">
         <name>Crystalstable</name>
         <value>0x20000014</value>
         <object_component_ref idref="oc-13a"/>
      </symbol>
      <symbol id="sm-8f">
         <name>Clock_Delay1us</name>
         <value>0x53b</value>
         <object_component_ref idref="oc-b2"/>
      </symbol>
      <symbol id="sm-90">
         <name>Clock_GetFreq</name>
         <value>0x527</value>
         <object_component_ref idref="oc-b2"/>
      </symbol>
      <symbol id="sm-91">
         <name>Prewait</name>
         <value>0x20000004</value>
         <object_component_ref idref="oc-13a"/>
      </symbol>
      <symbol id="sm-92">
         <name>IFlags</name>
         <value>0x20000010</value>
         <object_component_ref idref="oc-13a"/>
      </symbol>
      <symbol id="sm-93">
         <name>ClockFrequency</name>
         <value>0x20000000</value>
         <object_component_ref idref="oc-13a"/>
      </symbol>
      <symbol id="sm-94">
         <name>Postwait</name>
         <value>0x2000000c</value>
         <object_component_ref idref="oc-13a"/>
      </symbol>
      <symbol id="sm-95">
         <name>delay</name>
         <value>0x52d</value>
         <object_component_ref idref="oc-b2"/>
      </symbol>
      <symbol id="sm-96">
         <name>CPMwait</name>
         <value>0x20000008</value>
         <object_component_ref idref="oc-13a"/>
      </symbol>
      <symbol id="sm-97">
         <name>Clock_Init48MHz</name>
         <value>0x411</value>
         <object_component_ref idref="oc-b2"/>
      </symbol>
      <symbol id="sm-a5">
         <name>StartCritical</name>
         <value>0xd89</value>
         <object_component_ref idref="oc-ca"/>
      </symbol>
      <symbol id="sm-a6">
         <name>EndCritical</name>
         <value>0xd93</value>
         <object_component_ref idref="oc-ca"/>
      </symbol>
      <symbol id="sm-a7">
         <name>DisableInterrupts</name>
         <value>0xd7d</value>
         <object_component_ref idref="oc-ca"/>
      </symbol>
      <symbol id="sm-a8">
         <name>WaitForInterrupt</name>
         <value>0xd9b</value>
         <object_component_ref idref="oc-ca"/>
      </symbol>
      <symbol id="sm-a9">
         <name>EnableInterrupts</name>
         <value>0xd83</value>
         <object_component_ref idref="oc-ca"/>
      </symbol>
      <symbol id="sm-d9">
         <name>Spt</name>
         <value>0x20000020</value>
      </symbol>
      <symbol id="sm-da">
         <name>Delay</name>
         <value>0x2000001c</value>
      </symbol>
      <symbol id="sm-db">
         <name>mScnt</name>
         <value>0x20000026</value>
      </symbol>
      <symbol id="sm-dc">
         <name>Data</name>
         <value>0x20000024</value>
      </symbol>
      <symbol id="sm-dd">
         <name>DataValid</name>
         <value>0x20000025</value>
      </symbol>
      <symbol id="sm-de">
         <name>SysTick_Handler</name>
         <value>0x8cd</value>
         <object_component_ref idref="oc-6d"/>
      </symbol>
      <symbol id="sm-df">
         <name>fsm</name>
         <value>0xde0</value>
         <object_component_ref idref="oc-d7"/>
      </symbol>
      <symbol id="sm-e0">
         <name>main</name>
         <value>0x90f</value>
         <object_component_ref idref="oc-6d"/>
      </symbol>
      <symbol id="sm-f9">
         <name>LaunchPad_LED</name>
         <value>0xa6b</value>
         <object_component_ref idref="oc-b8"/>
      </symbol>
      <symbol id="sm-fa">
         <name>LaunchPad_Input</name>
         <value>0xa4d</value>
         <object_component_ref idref="oc-b8"/>
      </symbol>
      <symbol id="sm-fb">
         <name>LaunchPad_Output</name>
         <value>0xa89</value>
         <object_component_ref idref="oc-b8"/>
      </symbol>
      <symbol id="sm-fc">
         <name>LaunchPad_Init</name>
         <value>0x9dd</value>
         <object_component_ref idref="oc-b8"/>
      </symbol>
      <symbol id="sm-114">
         <name>Motor_Left</name>
         <value>0x6e3</value>
         <object_component_ref idref="oc-c4"/>
      </symbol>
      <symbol id="sm-115">
         <name>Motor_Init</name>
         <value>0x5f1</value>
         <object_component_ref idref="oc-c4"/>
      </symbol>
      <symbol id="sm-116">
         <name>Motor_Backward</name>
         <value>0x71d</value>
         <object_component_ref idref="oc-c4"/>
      </symbol>
      <symbol id="sm-117">
         <name>Motor_Right</name>
         <value>0x6a9</value>
         <object_component_ref idref="oc-c4"/>
      </symbol>
      <symbol id="sm-118">
         <name>Motor_Stop</name>
         <value>0x655</value>
         <object_component_ref idref="oc-c4"/>
      </symbol>
      <symbol id="sm-119">
         <name>Motor_Forward</name>
         <value>0x679</value>
         <object_component_ref idref="oc-c4"/>
      </symbol>
      <symbol id="sm-133">
         <name>PWM_Duty3</name>
         <value>0xb59</value>
         <object_component_ref idref="oc-140"/>
      </symbol>
      <symbol id="sm-134">
         <name>PWM_Duty4</name>
         <value>0xb79</value>
         <object_component_ref idref="oc-140"/>
      </symbol>
      <symbol id="sm-135">
         <name>PWM_Init34</name>
         <value>0xad5</value>
         <object_component_ref idref="oc-140"/>
      </symbol>
      <symbol id="sm-150">
         <name>Reflectance_End</name>
         <value>0x881</value>
         <object_component_ref idref="oc-ac"/>
      </symbol>
      <symbol id="sm-151">
         <name>Reflectance_Read</name>
         <value>0x7af</value>
         <object_component_ref idref="oc-ac"/>
      </symbol>
      <symbol id="sm-152">
         <name>Reflectance_Init</name>
         <value>0x76d</value>
         <object_component_ref idref="oc-ac"/>
      </symbol>
      <symbol id="sm-153">
         <name>Reflectance_Start</name>
         <value>0x85b</value>
         <object_component_ref idref="oc-ac"/>
      </symbol>
      <symbol id="sm-154">
         <name>Reflectance_Position</name>
         <value>0x84d</value>
         <object_component_ref idref="oc-ac"/>
      </symbol>
      <symbol id="sm-155">
         <name>Reflectance_Center</name>
         <value>0x7f3</value>
         <object_component_ref idref="oc-ac"/>
      </symbol>
      <symbol id="sm-165">
         <name>SysTickInts_Init</name>
         <value>0xd09</value>
         <object_component_ref idref="oc-be"/>
      </symbol>
      <symbol id="sm-17a">
         <name>Reset_Handler</name>
         <value>0xdcb</value>
         <object_component_ref idref="oc-67"/>
      </symbol>
      <symbol id="sm-17b">
         <name>Default_Handler</name>
         <value>0xdd7</value>
         <object_component_ref idref="oc-67"/>
      </symbol>
      <symbol id="sm-17c">
         <name>interruptVectors</name>
         <value>0x0</value>
         <object_component_ref idref="oc-26"/>
      </symbol>
      <symbol id="sm-1c2">
         <name>SystemInit</name>
         <value>0x359</value>
         <object_component_ref idref="oc-a5"/>
      </symbol>
      <symbol id="sm-1c3">
         <name>SystemCoreClockUpdate</name>
         <value>0xe5</value>
         <object_component_ref idref="oc-a5"/>
      </symbol>
      <symbol id="sm-1c4">
         <name>SystemCoreClock</name>
         <value>0x20000018</value>
         <object_component_ref idref="oc-130"/>
      </symbol>
      <symbol id="sm-1dd">
         <name>__TI_zero_init_nomemset</name>
         <value>0xda1</value>
         <object_component_ref idref="oc-43"/>
      </symbol>
      <symbol id="sm-1f4">
         <name>__TI_decompress_none</name>
         <value>0xdbd</value>
         <object_component_ref idref="oc-1d"/>
      </symbol>
      <symbol id="sm-217">
         <name>__TI_decompress_lzss</name>
         <value>0xc5d</value>
         <object_component_ref idref="oc-17"/>
      </symbol>
      <symbol id="sm-22a">
         <name>__stack</name>
         <value>0x2000fe00</value>
         <object_component_ref idref="oc-29"/>
      </symbol>
      <symbol id="sm-22b">
         <name>_c_int00_noargs</name>
         <value>0xd49</value>
         <object_component_ref idref="oc-55"/>
      </symbol>
      <symbol id="sm-246">
         <name>memcpy</name>
         <value>0xbc1</value>
         <object_component_ref idref="oc-37"/>
      </symbol>
      <symbol id="sm-247">
         <name>__aeabi_memcpy</name>
         <value>0xbc1</value>
         <object_component_ref idref="oc-37"/>
      </symbol>
      <symbol id="sm-248">
         <name>__aeabi_memcpy8</name>
         <value>0xbc1</value>
         <object_component_ref idref="oc-37"/>
      </symbol>
      <symbol id="sm-249">
         <name>__aeabi_memcpy4</name>
         <value>0xbc1</value>
         <object_component_ref idref="oc-37"/>
      </symbol>
      <symbol id="sm-272">
         <name>__TI_auto_init_nobinit_nopinit</name>
         <value>0xcc5</value>
         <object_component_ref idref="oc-fe"/>
      </symbol>
      <symbol id="sm-27c">
         <name>_system_pre_init</name>
         <value>0xdd9</value>
         <object_component_ref idref="oc-93"/>
      </symbol>
      <symbol id="sm-288">
         <name>C$$EXIT</name>
         <value>0xddd</value>
         <object_component_ref idref="oc-f2"/>
      </symbol>
      <symbol id="sm-289">
         <name>abort</name>
         <value>0xddd</value>
         <object_component_ref idref="oc-f2"/>
      </symbol>
      <symbol id="sm-28c">
         <name>__TI_static_base__</name>
         <value>0x0</value>
      </symbol>
      <symbol id="sm-28f">
         <name>__mpu_init</name>
         <value>0x0</value>
      </symbol>
      <symbol id="sm-290">
         <name>_system_post_cinit</name>
         <value>0x0</value>
      </symbol>
      <symbol id="sm-291">
         <name>NMI_Handler</name>
         <value>0xdd7</value>
      </symbol>
      <symbol id="sm-292">
         <name>HardFault_Handler</name>
         <value>0xdd7</value>
      </symbol>
      <symbol id="sm-293">
         <name>MemManage_Handler</name>
         <value>0xdd7</value>
      </symbol>
      <symbol id="sm-294">
         <name>BusFault_Handler</name>
         <value>0xdd7</value>
      </symbol>
      <symbol id="sm-295">
         <name>UsageFault_Handler</name>
         <value>0xdd7</value>
      </symbol>
      <symbol id="sm-296">
         <name>SVC_Handler</name>
         <value>0xdd7</value>
      </symbol>
      <symbol id="sm-297">
         <name>DebugMon_Handler</name>
         <value>0xdd7</value>
      </symbol>
      <symbol id="sm-298">
         <name>PendSV_Handler</name>
         <value>0xdd7</value>
      </symbol>
      <symbol id="sm-299">
         <name>SysTick_Handler</name>
         <value>0x8cd</value>
      </symbol>
      <symbol id="sm-29a">
         <name>PSS_IRQHandler</name>
         <value>0xdd7</value>
      </symbol>
      <symbol id="sm-29b">
         <name>CS_IRQHandler</name>
         <value>0xdd7</value>
      </symbol>
      <symbol id="sm-29c">
         <name>PCM_IRQHandler</name>
         <value>0xdd7</value>
      </symbol>
      <symbol id="sm-29d">
         <name>WDT_A_IRQHandler</name>
         <value>0xdd7</value>
      </symbol>
      <symbol id="sm-29e">
         <name>FPU_IRQHandler</name>
         <value>0xdd7</value>
      </symbol>
      <symbol id="sm-29f">
         <name>FLCTL_IRQHandler</name>
         <value>0xdd7</value>
      </symbol>
      <symbol id="sm-2a0">
         <name>COMP_E0_IRQHandler</name>
         <value>0xdd7</value>
      </symbol>
      <symbol id="sm-2a1">
         <name>COMP_E1_IRQHandler</name>
         <value>0xdd7</value>
      </symbol>
      <symbol id="sm-2a2">
         <name>TA0_0_IRQHandler</name>
         <value>0xdd7</value>
      </symbol>
      <symbol id="sm-2a3">
         <name>TA0_N_IRQHandler</name>
         <value>0xdd7</value>
      </symbol>
      <symbol id="sm-2a4">
         <name>TA1_0_IRQHandler</name>
         <value>0xdd7</value>
      </symbol>
      <symbol id="sm-2a5">
         <name>TA1_N_IRQHandler</name>
         <value>0xdd7</value>
      </symbol>
      <symbol id="sm-2a6">
         <name>TA2_0_IRQHandler</name>
         <value>0xdd7</value>
      </symbol>
      <symbol id="sm-2a7">
         <name>TA2_N_IRQHandler</name>
         <value>0xdd7</value>
      </symbol>
      <symbol id="sm-2a8">
         <name>TA3_0_IRQHandler</name>
         <value>0xdd7</value>
      </symbol>
      <symbol id="sm-2a9">
         <name>TA3_N_IRQHandler</name>
         <value>0xdd7</value>
      </symbol>
      <symbol id="sm-2aa">
         <name>EUSCIA0_IRQHandler</name>
         <value>0xdd7</value>
      </symbol>
      <symbol id="sm-2ab">
         <name>EUSCIA1_IRQHandler</name>
         <value>0xdd7</value>
      </symbol>
      <symbol id="sm-2ac">
         <name>EUSCIA2_IRQHandler</name>
         <value>0xdd7</value>
      </symbol>
      <symbol id="sm-2ad">
         <name>EUSCIA3_IRQHandler</name>
         <value>0xdd7</value>
      </symbol>
      <symbol id="sm-2ae">
         <name>EUSCIB0_IRQHandler</name>
         <value>0xdd7</value>
      </symbol>
      <symbol id="sm-2af">
         <name>EUSCIB1_IRQHandler</name>
         <value>0xdd7</value>
      </symbol>
      <symbol id="sm-2b0">
         <name>EUSCIB2_IRQHandler</name>
         <value>0xdd7</value>
      </symbol>
      <symbol id="sm-2b1">
         <name>EUSCIB3_IRQHandler</name>
         <value>0xdd7</value>
      </symbol>
      <symbol id="sm-2b2">
         <name>ADC14_IRQHandler</name>
         <value>0xdd7</value>
      </symbol>
      <symbol id="sm-2b3">
         <name>T32_INT1_IRQHandler</name>
         <value>0xdd7</value>
      </symbol>
      <symbol id="sm-2b4">
         <name>T32_INT2_IRQHandler</name>
         <value>0xdd7</value>
      </symbol>
      <symbol id="sm-2b5">
         <name>T32_INTC_IRQHandler</name>
         <value>0xdd7</value>
      </symbol>
      <symbol id="sm-2b6">
         <name>AES256_IRQHandler</name>
         <value>0xdd7</value>
      </symbol>
      <symbol id="sm-2b7">
         <name>RTC_C_IRQHandler</name>
         <value>0xdd7</value>
      </symbol>
      <symbol id="sm-2b8">
         <name>DMA_ERR_IRQHandler</name>
         <value>0xdd7</value>
      </symbol>
      <symbol id="sm-2b9">
         <name>DMA_INT3_IRQHandler</name>
         <value>0xdd7</value>
      </symbol>
      <symbol id="sm-2ba">
         <name>DMA_INT2_IRQHandler</name>
         <value>0xdd7</value>
      </symbol>
      <symbol id="sm-2bb">
         <name>DMA_INT1_IRQHandler</name>
         <value>0xdd7</value>
      </symbol>
      <symbol id="sm-2bc">
         <name>DMA_INT0_IRQHandler</name>
         <value>0xdd7</value>
      </symbol>
      <symbol id="sm-2bd">
         <name>PORT1_IRQHandler</name>
         <value>0xdd7</value>
      </symbol>
      <symbol id="sm-2be">
         <name>PORT2_IRQHandler</name>
         <value>0xdd7</value>
      </symbol>
      <symbol id="sm-2bf">
         <name>PORT3_IRQHandler</name>
         <value>0xdd7</value>
      </symbol>
      <symbol id="sm-2c0">
         <name>PORT4_IRQHandler</name>
         <value>0xdd7</value>
      </symbol>
      <symbol id="sm-2c1">
         <name>PORT5_IRQHandler</name>
         <value>0xdd7</value>
      </symbol>
      <symbol id="sm-2c2">
         <name>PORT6_IRQHandler</name>
         <value>0xdd7</value>
      </symbol>
   </symbol_table>
   <title>Link successful</title>
</link_info>
