******************************************************************************
                  TI ARM Linker Unix v20.2.6                   
******************************************************************************
>> Linked Tue Mar 28 11:36:58 2023

OUTPUT FILE NAME:   <Lab06_GPIO.out>
ENTRY POINT SYMBOL: "_c_int00_noargs"  address: 0000093d


MEMORY CONFIGURATION

         name            origin    length      used     unused   attr    fill
----------------------  --------  ---------  --------  --------  ----  --------
  MAIN                  00000000   00040000  000009e8  0003f618  R  X
  INFO                  00200000   00004000  00000000  00004000  R  X
  SRAM_CODE             01000000   00010000  00000221  0000fddf  RW X
  SRAM_DATA             20000000   00010000  00000221  0000fddf  RW  


SEGMENT ALLOCATION MAP

run origin  load origin   length   init length attrs members
----------  ----------- ---------- ----------- ----- -------
00000000    00000000    000009e8   000009e8    r-x
  00000000    00000000    000000e4   000000e4    r-- .intvecs
  000000e4    000000e4    000008cc   000008cc    r-x .text
  000009b0    000009b0    00000038   00000038    r-- .cinit
20000000    20000000    00000021   00000000    rw-
  20000000    20000000    0000001c   00000000    rw- .data
  2000001c    2000001c    00000005   00000000    rw- .bss
2000fe00    2000fe00    00000200   00000000    rw-
  2000fe00    2000fe00    00000200   00000000    rw- .stack


SECTION ALLOCATION MAP

 output                                  attributes/
section   page    origin      length       input sections
--------  ----  ----------  ----------   ----------------
.intvecs   0    00000000    000000e4     
                  00000000    000000e4     startup_msp432p401r_ccs.obj (.intvecs:retain)

.text      0    000000e4    000008cc     
                  000000e4    0000032c     system_msp432p401r.obj (.text)
                  00000410    000001e0     Clock.obj (.text)
                  000005f0    00000120     Reflectance.obj (.text)
                  00000710    000000e4     Lab06_GPIOmain.obj (.text)
                  000007f4    0000009c     rtsv7M4_T_le_v4SPD16_eabi.lib : memcpy_t2.asm.obj (.text)
                  00000890    00000068                                   : copy_decompress_lzss.c.obj (.text:decompress:lzss:__TI_decompress_lzss)
                  000008f8    00000044                                   : autoinit.c.obj (.text:__TI_auto_init_nobinit_nopinit:__TI_auto_init_nobinit_nopinit)
                  0000093c    00000034                                   : boot_cortex_m.c.obj (.text:_c_int00_noargs:_c_int00_noargs)
                  00000970    0000001c                                   : copy_zero_init.c.obj (.text:decompress:ZI:__TI_zero_init_nomemset:__TI_zero_init_nomemset)
                  0000098c    0000000e                                   : copy_decompress_none.c.obj (.text:decompress:none:__TI_decompress_none)
                  0000099a    0000000e     startup_msp432p401r_ccs.obj (.text)
                  000009a8    00000004     rtsv7M4_T_le_v4SPD16_eabi.lib : pre_init.c.obj (.text:_system_pre_init)
                  000009ac    00000004                                   : exit.c.obj (.text:abort:abort)

.cinit     0    000009b0    00000038     
                  000009b0    0000000d     (.cinit..data.load) [load image, compression = lzss]
                  000009bd    00000003     --HOLE-- [fill = 0]
                  000009c0    0000000c     (__TI_handler_table)
                  000009cc    00000004     --HOLE-- [fill = 0]
                  000009d0    00000008     (.cinit..bss.load) [load image, compression = zero_init]
                  000009d8    00000010     (__TI_cinit_table)

.init_array 
*          0    00000000    00000000     UNINITIALIZED

.binit     0    00000000    00000000     

.data      0    20000000    0000001c     UNINITIALIZED
                  20000000    00000018     Clock.obj (.data)
                  20000018    00000004     system_msp432p401r.obj (.data)

.bss       0    2000001c    00000005     UNINITIALIZED
                  2000001c    00000004     (.common:Position)
                  20000020    00000001     (.common:Data)

.stack     0    2000fe00    00000200     UNINITIALIZED
                  2000fe00    00000004     rtsv7M4_T_le_v4SPD16_eabi.lib : boot_cortex_m.c.obj (.stack)
                  2000fe04    000001fc     --HOLE--

__llvm_prf_cnts 
*          0    20000000    00000000     UNINITIALIZED

MODULE SUMMARY

       Module                        code   ro data   rw data
       ------                        ----   -------   -------
    ./
       system_msp432p401r.obj        812    0         8      
       Clock.obj                     480    0         48     
       Reflectance.obj               288    0         0      
       startup_msp432p401r_ccs.obj   14     228       0      
       Lab06_GPIOmain.obj            228    0         10     
    +--+-----------------------------+------+---------+---------+
       Total:                        1822   228       66     
                                                             
    /Applications/ti/ccs1200/ccs/tools/compiler/ti-cgt-arm_20.2.6.LTS/lib/rtsv7M4_T_le_v4SPD16_eabi.lib
       memcpy_t2.asm.obj             156    0         0      
       copy_decompress_lzss.c.obj    104    0         0      
       autoinit.c.obj                68     0         0      
       boot_cortex_m.c.obj           52     0         0      
       copy_zero_init.c.obj          28     0         0      
       copy_decompress_none.c.obj    14     0         0      
       exit.c.obj                    4      0         0      
       pre_init.c.obj                4      0         0      
    +--+-----------------------------+------+---------+---------+
       Total:                        430    0         0      
                                                             
       Stack:                        0      0         1024   
       Linker Generated:             0      49        0      
    +--+-----------------------------+------+---------+---------+
       Grand Total:                  2252   277       1090   


LINKER GENERATED COPY TABLES

__TI_cinit_table @ 000009d8 records: 2, size/record: 8, table size: 16
	.data: load addr=000009b0, load size=0000000d bytes, run addr=20000000, run size=0000001c bytes, compression=lzss
	.bss: load addr=000009d0, load size=00000008 bytes, run addr=2000001c, run size=00000005 bytes, compression=zero_init


LINKER GENERATED HANDLER TABLE

__TI_handler_table @ 000009c0 records: 3, size/record: 4, table size: 12
	index: 0, handler: __TI_decompress_lzss
	index: 1, handler: __TI_decompress_none
	index: 2, handler: __TI_zero_init


GLOBAL SYMBOLS: SORTED ALPHABETICALLY BY Name 

address   name                          
-------   ----                          
000009a7  ADC14_IRQHandler              
000009a7  AES256_IRQHandler             
000009a7  BusFault_Handler              
000009ad  C$$EXIT                       
000009a7  COMP_E0_IRQHandler            
000009a7  COMP_E1_IRQHandler            
20000008  CPMwait                       
000009a7  CS_IRQHandler                 
20000000  ClockFrequency                
00000565  Clock_Delay1ms                
0000053b  Clock_Delay1us                
00000527  Clock_GetFreq                 
00000411  Clock_Init48MHz               
20000014  Crystalstable                 
000009a7  DMA_ERR_IRQHandler            
000009a7  DMA_INT0_IRQHandler           
000009a7  DMA_INT1_IRQHandler           
000009a7  DMA_INT2_IRQHandler           
000009a7  DMA_INT3_IRQHandler           
20000020  Data                          
000009a7  DebugMon_Handler              
00000711  Debug_LED_Init                
000009a7  Default_Handler               
000009a7  EUSCIA0_IRQHandler            
000009a7  EUSCIA1_IRQHandler            
000009a7  EUSCIA2_IRQHandler            
000009a7  EUSCIA3_IRQHandler            
000009a7  EUSCIB0_IRQHandler            
000009a7  EUSCIB1_IRQHandler            
000009a7  EUSCIB2_IRQHandler            
000009a7  EUSCIB3_IRQHandler            
000009a7  FLCTL_IRQHandler              
000009a7  FPU_IRQHandler                
000009a7  HardFault_Handler             
20000010  IFlags                        
000009a7  MemManage_Handler             
000009a7  NMI_Handler                   
000009a7  PCM_IRQHandler                
000009a7  PORT1_IRQHandler              
000009a7  PORT2_IRQHandler              
000009a7  PORT3_IRQHandler              
000009a7  PORT4_IRQHandler              
000009a7  PORT5_IRQHandler              
000009a7  PORT6_IRQHandler              
000009a7  PSS_IRQHandler                
000009a7  PendSV_Handler                
2000001c  Position                      
2000000c  Postwait                      
20000004  Prewait                       
000009a7  RTC_C_IRQHandler              
00000677  Reflectance_Center            
000006e1  Reflectance_End               
000005f1  Reflectance_Init              
000006d1  Reflectance_Position          
00000633  Reflectance_Read              
000006df  Reflectance_Start             
0000099b  Reset_Handler                 
000009a7  SVC_Handler                   
000009a7  SysTick_Handler               
20000018  SystemCoreClock               
000000e5  SystemCoreClockUpdate         
00000359  SystemInit                    
000009a7  T32_INT1_IRQHandler           
000009a7  T32_INT2_IRQHandler           
000009a7  T32_INTC_IRQHandler           
000009a7  TA0_0_IRQHandler              
000009a7  TA0_N_IRQHandler              
000009a7  TA1_0_IRQHandler              
000009a7  TA1_N_IRQHandler              
000009a7  TA2_0_IRQHandler              
000009a7  TA2_N_IRQHandler              
000009a7  TA3_0_IRQHandler              
000009a7  TA3_N_IRQHandler              
000009a7  UsageFault_Handler            
4000480c  WDTCTL_SYM                    
000009a7  WDT_A_IRQHandler              
20010000  __STACK_END                   
00000200  __STACK_SIZE                  
000009d8  __TI_CINIT_Base               
000009e8  __TI_CINIT_Limit              
000009c0  __TI_Handler_Table_Base       
000009cc  __TI_Handler_Table_Limit      
000008f9  __TI_auto_init_nobinit_nopinit
00000891  __TI_decompress_lzss          
0000098d  __TI_decompress_none          
ffffffff  __TI_pprof_out_hndl           
ffffffff  __TI_prof_data_size           
ffffffff  __TI_prof_data_start          
00000000  __TI_static_base__            
00000971  __TI_zero_init_nomemset       
000007f5  __aeabi_memcpy                
000007f5  __aeabi_memcpy4               
000007f5  __aeabi_memcpy8               
ffffffff  __binit__                     
ffffffff  __c_args__                    
UNDEFED   __mpu_init                    
2000fe00  __stack                       
20000000  __start___llvm_prf_cnts       
20000000  __stop___llvm_prf_cnts        
0000093d  _c_int00_noargs               
UNDEFED   _system_post_cinit            
000009a9  _system_pre_init              
000009ad  abort                         
ffffffff  binit                         
0000052d  delay                         
00000000  interruptVectors              
00000745  main                          
000007ad  main1                         
000007f5  memcpy                        


GLOBAL SYMBOLS: SORTED BY Symbol Address 

address   name                          
-------   ----                          
00000000  __TI_static_base__            
00000000  interruptVectors              
000000e5  SystemCoreClockUpdate         
00000200  __STACK_SIZE                  
00000359  SystemInit                    
00000411  Clock_Init48MHz               
00000527  Clock_GetFreq                 
0000052d  delay                         
0000053b  Clock_Delay1us                
00000565  Clock_Delay1ms                
000005f1  Reflectance_Init              
00000633  Reflectance_Read              
00000677  Reflectance_Center            
000006d1  Reflectance_Position          
000006df  Reflectance_Start             
000006e1  Reflectance_End               
00000711  Debug_LED_Init                
00000745  main                          
000007ad  main1                         
000007f5  __aeabi_memcpy                
000007f5  __aeabi_memcpy4               
000007f5  __aeabi_memcpy8               
000007f5  memcpy                        
00000891  __TI_decompress_lzss          
000008f9  __TI_auto_init_nobinit_nopinit
0000093d  _c_int00_noargs               
00000971  __TI_zero_init_nomemset       
0000098d  __TI_decompress_none          
0000099b  Reset_Handler                 
000009a7  ADC14_IRQHandler              
000009a7  AES256_IRQHandler             
000009a7  BusFault_Handler              
000009a7  COMP_E0_IRQHandler            
000009a7  COMP_E1_IRQHandler            
000009a7  CS_IRQHandler                 
000009a7  DMA_ERR_IRQHandler            
000009a7  DMA_INT0_IRQHandler           
000009a7  DMA_INT1_IRQHandler           
000009a7  DMA_INT2_IRQHandler           
000009a7  DMA_INT3_IRQHandler           
000009a7  DebugMon_Handler              
000009a7  Default_Handler               
000009a7  EUSCIA0_IRQHandler            
000009a7  EUSCIA1_IRQHandler            
000009a7  EUSCIA2_IRQHandler            
000009a7  EUSCIA3_IRQHandler            
000009a7  EUSCIB0_IRQHandler            
000009a7  EUSCIB1_IRQHandler            
000009a7  EUSCIB2_IRQHandler            
000009a7  EUSCIB3_IRQHandler            
000009a7  FLCTL_IRQHandler              
000009a7  FPU_IRQHandler                
000009a7  HardFault_Handler             
000009a7  MemManage_Handler             
000009a7  NMI_Handler                   
000009a7  PCM_IRQHandler                
000009a7  PORT1_IRQHandler              
000009a7  PORT2_IRQHandler              
000009a7  PORT3_IRQHandler              
000009a7  PORT4_IRQHandler              
000009a7  PORT5_IRQHandler              
000009a7  PORT6_IRQHandler              
000009a7  PSS_IRQHandler                
000009a7  PendSV_Handler                
000009a7  RTC_C_IRQHandler              
000009a7  SVC_Handler                   
000009a7  SysTick_Handler               
000009a7  T32_INT1_IRQHandler           
000009a7  T32_INT2_IRQHandler           
000009a7  T32_INTC_IRQHandler           
000009a7  TA0_0_IRQHandler              
000009a7  TA0_N_IRQHandler              
000009a7  TA1_0_IRQHandler              
000009a7  TA1_N_IRQHandler              
000009a7  TA2_0_IRQHandler              
000009a7  TA2_N_IRQHandler              
000009a7  TA3_0_IRQHandler              
000009a7  TA3_N_IRQHandler              
000009a7  UsageFault_Handler            
000009a7  WDT_A_IRQHandler              
000009a9  _system_pre_init              
000009ad  C$$EXIT                       
000009ad  abort                         
000009c0  __TI_Handler_Table_Base       
000009cc  __TI_Handler_Table_Limit      
000009d8  __TI_CINIT_Base               
000009e8  __TI_CINIT_Limit              
20000000  ClockFrequency                
20000000  __start___llvm_prf_cnts       
20000000  __stop___llvm_prf_cnts        
20000004  Prewait                       
20000008  CPMwait                       
2000000c  Postwait                      
20000010  IFlags                        
20000014  Crystalstable                 
20000018  SystemCoreClock               
2000001c  Position                      
20000020  Data                          
2000fe00  __stack                       
20010000  __STACK_END                   
4000480c  WDTCTL_SYM                    
ffffffff  __TI_pprof_out_hndl           
ffffffff  __TI_prof_data_size           
ffffffff  __TI_prof_data_start          
ffffffff  __binit__                     
ffffffff  __c_args__                    
ffffffff  binit                         
UNDEFED   __mpu_init                    
UNDEFED   _system_post_cinit            

[109 symbols]
